[2024-03-11T13:00:26.453+0000][0.026s] Using G1
[2024-03-11T13:00:26.486+0000][0.059s] Version: 17.0.10+7 (release)
[2024-03-11T13:00:26.486+0000][0.060s] CPUs: 32 total, 32 available
[2024-03-11T13:00:26.486+0000][0.060s] Memory: 15875M
[2024-03-11T13:00:26.487+0000][0.060s] Large Page Support: Disabled
[2024-03-11T13:00:26.487+0000][0.061s] NUMA Support: Disabled
[2024-03-11T13:00:26.487+0000][0.061s] Compressed Oops: Enabled (32-bit)
[2024-03-11T13:00:26.487+0000][0.061s] Heap Region Size: 1M
[2024-03-11T13:00:26.487+0000][0.061s] Heap Min Capacity: 512M
[2024-03-11T13:00:26.488+0000][0.061s] Heap Initial Capacity: 512M
[2024-03-11T13:00:26.488+0000][0.062s] Heap Max Capacity: 512M
[2024-03-11T13:00:26.488+0000][0.062s] Pre-touch: Enabled
[2024-03-11T13:00:26.488+0000][0.062s] Parallel Workers: 23
[2024-03-11T13:00:26.488+0000][0.062s] Concurrent Workers: 6
[2024-03-11T13:00:26.488+0000][0.062s] Concurrent Refinement Workers: 23
[2024-03-11T13:00:26.488+0000][0.062s] Periodic GC: Disabled
[2024-03-11T13:00:26.492+0000][0.065s] CDS archive(s) mapped at: [0x00007efc77000000-0x00007efc77a5f000-0x00007efc77a5f000), size 10874880, SharedBaseAddress: 0x00007efc77000000, ArchiveRelocationMode: 1.
[2024-03-11T13:00:26.492+0000][0.066s] Compressed class space mapped at: 0x00007efc78000000-0x00007efcb8000000, reserved size: 1073741824
[2024-03-11T13:00:26.492+0000][0.066s] Narrow klass base: 0x00007efc77000000, Narrow klass shift: 0, Narrow klass range: 0x100000000
[2024-03-11T13:00:26.822+0000][0.396s] GC(0) Pause Young (Normal) (G1 Evacuation Pause)
[2024-03-11T13:00:26.822+0000][0.396s] GC(0) Using 12 workers of 23 for evacuation
[2024-03-11T13:00:26.824+0000][0.398s] GC(0)   Pre Evacuate Collection Set: 0.1ms
[2024-03-11T13:00:26.824+0000][0.398s] GC(0)   Merge Heap Roots: 0.1ms
[2024-03-11T13:00:26.824+0000][0.398s] GC(0)   Evacuate Collection Set: 1.1ms
[2024-03-11T13:00:26.824+0000][0.398s] GC(0)   Post Evacuate Collection Set: 0.3ms
[2024-03-11T13:00:26.824+0000][0.398s] GC(0)   Other: 0.3ms
[2024-03-11T13:00:26.824+0000][0.398s] GC(0) Eden regions: 29->0(57)
[2024-03-11T13:00:26.824+0000][0.398s] GC(0) Survivor regions: 0->4(4)
[2024-03-11T13:00:26.825+0000][0.398s] GC(0) Old regions: 0->1
[2024-03-11T13:00:26.825+0000][0.398s] GC(0) Archive regions: 2->2
[2024-03-11T13:00:26.825+0000][0.399s] GC(0) Humongous regions: 0->0
[2024-03-11T13:00:26.825+0000][0.399s] GC(0) Metaspace: 9934K(10176K)->9934K(10176K) NonClass: 8717K(8832K)->8717K(8832K) Class: 1216K(1344K)->1216K(1344K)
[2024-03-11T13:00:26.825+0000][0.399s] GC(0) Pause Young (Normal) (G1 Evacuation Pause) 29M->5M(512M) 2.806ms
[2024-03-11T13:00:26.825+0000][0.399s] GC(0) User=0.00s Sys=0.01s Real=0.00s
[2024-03-11T13:00:27.095+0000][0.669s] GC(1) Pause Young (Normal) (G1 Evacuation Pause)
[2024-03-11T13:00:27.096+0000][0.669s] GC(1) Using 22 workers of 23 for evacuation
[2024-03-11T13:00:27.099+0000][0.673s] GC(1)   Pre Evacuate Collection Set: 0.2ms
[2024-03-11T13:00:27.099+0000][0.673s] GC(1)   Merge Heap Roots: 0.2ms
[2024-03-11T13:00:27.099+0000][0.673s] GC(1)   Evacuate Collection Set: 2.4ms
[2024-03-11T13:00:27.100+0000][0.673s] GC(1)   Post Evacuate Collection Set: 0.6ms
[2024-03-11T13:00:27.100+0000][0.674s] GC(1)   Other: 0.4ms
[2024-03-11T13:00:27.100+0000][0.674s] GC(1) Eden regions: 57->0(124)
[2024-03-11T13:00:27.100+0000][0.674s] GC(1) Survivor regions: 4->8(8)
[2024-03-11T13:00:27.100+0000][0.674s] GC(1) Old regions: 1->10
[2024-03-11T13:00:27.100+0000][0.674s] GC(1) Archive regions: 2->2
[2024-03-11T13:00:27.100+0000][0.674s] GC(1) Humongous regions: 4->4
[2024-03-11T13:00:27.100+0000][0.674s] GC(1) Metaspace: 18160K(18432K)->18160K(18432K) NonClass: 15945K(16128K)->15945K(16128K) Class: 2215K(2304K)->2215K(2304K)
[2024-03-11T13:00:27.101+0000][0.674s] GC(1) Pause Young (Normal) (G1 Evacuation Pause) 66M->22M(512M) 5.132ms
[2024-03-11T13:00:27.101+0000][0.675s] GC(1) User=0.06s Sys=0.00s Real=0.01s
[2024-03-11T13:00:27.217+0000][0.791s] GC(2) Pause Young (Concurrent Start) (Metadata GC Threshold)
[2024-03-11T13:00:27.217+0000][0.791s] GC(2) Using 23 workers of 23 for evacuation
[2024-03-11T13:00:27.220+0000][0.794s] GC(2)   Pre Evacuate Collection Set: 0.3ms
[2024-03-11T13:00:27.221+0000][0.794s] GC(2)   Merge Heap Roots: 0.2ms
[2024-03-11T13:00:27.221+0000][0.794s] GC(2)   Evacuate Collection Set: 1.7ms
[2024-03-11T13:00:27.221+0000][0.795s] GC(2)   Post Evacuate Collection Set: 0.6ms
[2024-03-11T13:00:27.221+0000][0.795s] GC(2)   Other: 0.5ms
[2024-03-11T13:00:27.221+0000][0.795s] GC(2) Eden regions: 28->0(120)
[2024-03-11T13:00:27.221+0000][0.795s] GC(2) Survivor regions: 8->10(17)
[2024-03-11T13:00:27.221+0000][0.795s] GC(2) Old regions: 10->10
[2024-03-11T13:00:27.221+0000][0.795s] GC(2) Archive regions: 2->2
[2024-03-11T13:00:27.221+0000][0.795s] GC(2) Humongous regions: 4->4
[2024-03-11T13:00:27.221+0000][0.795s] GC(2) Metaspace: 21198K(21504K)->21198K(21504K) NonClass: 18605K(18752K)->18605K(18752K) Class: 2592K(2752K)->2592K(2752K)
[2024-03-11T13:00:27.221+0000][0.795s] GC(2) Pause Young (Concurrent Start) (Metadata GC Threshold) 50M->23M(512M) 4.352ms
[2024-03-11T13:00:27.222+0000][0.795s] GC(2) User=0.01s Sys=0.02s Real=0.01s
[2024-03-11T13:00:27.222+0000][0.796s] GC(3) Concurrent Mark Cycle
[2024-03-11T13:00:27.222+0000][0.796s] GC(3) Concurrent Clear Claimed Marks
[2024-03-11T13:00:27.222+0000][0.796s] GC(3) Concurrent Clear Claimed Marks 0.111ms
[2024-03-11T13:00:27.222+0000][0.796s] GC(3) Concurrent Scan Root Regions
[2024-03-11T13:00:27.223+0000][0.797s] GC(3) Concurrent Scan Root Regions 0.958ms
[2024-03-11T13:00:27.223+0000][0.797s] GC(3) Concurrent Mark
[2024-03-11T13:00:27.223+0000][0.797s] GC(3) Concurrent Mark From Roots
[2024-03-11T13:00:27.223+0000][0.797s] GC(3) Using 6 workers of 6 for marking
[2024-03-11T13:00:27.226+0000][0.800s] GC(3) Concurrent Mark From Roots 2.586ms
[2024-03-11T13:00:27.226+0000][0.800s] GC(3) Concurrent Preclean
[2024-03-11T13:00:27.226+0000][0.800s] GC(3) Concurrent Preclean 0.170ms
[2024-03-11T13:00:27.226+0000][0.800s] GC(3) Pause Remark
[2024-03-11T13:00:27.228+0000][0.802s] GC(3) Pause Remark 24M->24M(512M) 1.732ms
[2024-03-11T13:00:27.228+0000][0.802s] GC(3) User=0.02s Sys=0.00s Real=0.01s
[2024-03-11T13:00:27.228+0000][0.802s] GC(3) Concurrent Mark 5.420ms
[2024-03-11T13:00:27.229+0000][0.802s] GC(3) Concurrent Rebuild Remembered Sets
[2024-03-11T13:00:27.230+0000][0.803s] GC(3) Concurrent Rebuild Remembered Sets 0.991ms
[2024-03-11T13:00:27.230+0000][0.804s] GC(3) Pause Cleanup
[2024-03-11T13:00:27.230+0000][0.804s] GC(3) Pause Cleanup 24M->24M(512M) 0.313ms
[2024-03-11T13:00:27.230+0000][0.804s] GC(3) User=0.00s Sys=0.00s Real=0.00s
[2024-03-11T13:00:27.230+0000][0.804s] GC(3) Concurrent Cleanup for Next Mark
[2024-03-11T13:00:27.231+0000][0.804s] GC(3) Concurrent Cleanup for Next Mark 0.275ms
[2024-03-11T13:00:27.231+0000][0.805s] GC(3) Concurrent Mark Cycle 9.040ms
[2024-03-11T13:00:27.834+0000][1.408s] GC(4) Pause Young (Concurrent Start) (Metadata GC Threshold)
[2024-03-11T13:00:27.835+0000][1.408s] GC(4) Using 23 workers of 23 for evacuation
[2024-03-11T13:00:27.839+0000][1.413s] GC(4)   Pre Evacuate Collection Set: 0.2ms
[2024-03-11T13:00:27.839+0000][1.413s] GC(4)   Merge Heap Roots: 0.2ms
[2024-03-11T13:00:27.839+0000][1.413s] GC(4)   Evacuate Collection Set: 2.6ms
[2024-03-11T13:00:27.839+0000][1.413s] GC(4)   Post Evacuate Collection Set: 1.2ms
[2024-03-11T13:00:27.839+0000][1.413s] GC(4)   Other: 0.3ms
[2024-03-11T13:00:27.839+0000][1.413s] GC(4) Eden regions: 96->0(293)
[2024-03-11T13:00:27.839+0000][1.413s] GC(4) Survivor regions: 10->14(16)
[2024-03-11T13:00:27.839+0000][1.413s] GC(4) Old regions: 10->13
[2024-03-11T13:00:27.839+0000][1.413s] GC(4) Archive regions: 2->2
[2024-03-11T13:00:27.839+0000][1.413s] GC(4) Humongous regions: 4->4
[2024-03-11T13:00:27.840+0000][1.413s] GC(4) Metaspace: 35805K(36160K)->35805K(36160K) NonClass: 31352K(31488K)->31352K(31488K) Class: 4453K(4672K)->4453K(4672K)
[2024-03-11T13:00:27.840+0000][1.413s] GC(4) Pause Young (Concurrent Start) (Metadata GC Threshold) 119M->30M(512M) 5.217ms
[2024-03-11T13:00:27.840+0000][1.414s] GC(4) User=0.03s Sys=0.02s Real=0.01s
[2024-03-11T13:00:27.840+0000][1.414s] GC(5) Concurrent Mark Cycle
[2024-03-11T13:00:27.840+0000][1.414s] GC(5) Concurrent Clear Claimed Marks
[2024-03-11T13:00:27.840+0000][1.414s] GC(5) Concurrent Clear Claimed Marks 0.155ms
[2024-03-11T13:00:27.840+0000][1.414s] GC(5) Concurrent Scan Root Regions
[2024-03-11T13:00:27.842+0000][1.415s] GC(5) Concurrent Scan Root Regions 1.206ms
[2024-03-11T13:00:27.842+0000][1.416s] GC(5) Concurrent Mark
[2024-03-11T13:00:27.842+0000][1.416s] GC(5) Concurrent Mark From Roots
[2024-03-11T13:00:27.842+0000][1.416s] GC(5) Using 6 workers of 6 for marking
[2024-03-11T13:00:27.845+0000][1.419s] GC(5) Concurrent Mark From Roots 2.986ms
[2024-03-11T13:00:27.845+0000][1.419s] GC(5) Concurrent Preclean
[2024-03-11T13:00:27.845+0000][1.419s] GC(5) Concurrent Preclean 0.127ms
[2024-03-11T13:00:27.845+0000][1.419s] GC(5) Pause Remark
[2024-03-11T13:00:27.847+0000][1.421s] GC(5) Pause Remark 32M->32M(512M) 1.519ms
[2024-03-11T13:00:27.847+0000][1.421s] GC(5) User=0.00s Sys=0.00s Real=0.00s
[2024-03-11T13:00:27.847+0000][1.421s] GC(5) Concurrent Mark 5.357ms
[2024-03-11T13:00:27.847+0000][1.421s] GC(5) Concurrent Rebuild Remembered Sets
[2024-03-11T13:00:27.848+0000][1.422s] GC(5) Concurrent Rebuild Remembered Sets 1.063ms
[2024-03-11T13:00:27.849+0000][1.422s] GC(5) Pause Cleanup
[2024-03-11T13:00:27.849+0000][1.423s] GC(5) Pause Cleanup 32M->32M(512M) 0.278ms
[2024-03-11T13:00:27.849+0000][1.423s] GC(5) User=0.00s Sys=0.00s Real=0.00s
[2024-03-11T13:00:27.849+0000][1.423s] GC(5) Concurrent Cleanup for Next Mark
[2024-03-11T13:00:27.849+0000][1.423s] GC(5) Concurrent Cleanup for Next Mark 0.453ms
[2024-03-11T13:00:27.850+0000][1.423s] GC(5) Concurrent Mark Cycle 9.886ms
[2024-03-11T13:00:59.508+0000][33.082s] Heap
[2024-03-11T13:00:59.508+0000][33.082s]  garbage-first heap   total 524288K, used 264929K [0x00000000e0000000, 0x0000000100000000)
[2024-03-11T13:00:59.508+0000][33.082s]   region size 1024K, 243 young (248832K), 14 survivors (14336K)
[2024-03-11T13:00:59.508+0000][33.082s]  Metaspace       used 53816K, committed 54400K, reserved 1114112K
[2024-03-11T13:00:59.508+0000][33.082s]   class space    used 6955K, committed 7232K, reserved 1048576K
