[2024-03-10T18:29:16.031+0000][0.025s] Using G1
[2024-03-10T18:29:16.064+0000][0.058s] Version: 17.0.10+7 (release)
[2024-03-10T18:29:16.064+0000][0.058s] CPUs: 32 total, 32 available
[2024-03-10T18:29:16.064+0000][0.059s] Memory: 15875M
[2024-03-10T18:29:16.065+0000][0.059s] Large Page Support: Disabled
[2024-03-10T18:29:16.065+0000][0.059s] NUMA Support: Disabled
[2024-03-10T18:29:16.065+0000][0.060s] Compressed Oops: Enabled (32-bit)
[2024-03-10T18:29:16.065+0000][0.060s] Heap Region Size: 1M
[2024-03-10T18:29:16.065+0000][0.060s] Heap Min Capacity: 512M
[2024-03-10T18:29:16.066+0000][0.060s] Heap Initial Capacity: 512M
[2024-03-10T18:29:16.066+0000][0.060s] Heap Max Capacity: 512M
[2024-03-10T18:29:16.066+0000][0.061s] Pre-touch: Enabled
[2024-03-10T18:29:16.066+0000][0.061s] Parallel Workers: 23
[2024-03-10T18:29:16.067+0000][0.061s] Concurrent Workers: 6
[2024-03-10T18:29:16.067+0000][0.061s] Concurrent Refinement Workers: 23
[2024-03-10T18:29:16.067+0000][0.061s] Periodic GC: Disabled
[2024-03-10T18:29:16.070+0000][0.064s] CDS archive(s) mapped at: [0x00007f3caf000000-0x00007f3cafa5f000-0x00007f3cafa5f000), size 10874880, SharedBaseAddress: 0x00007f3caf000000, ArchiveRelocationMode: 1.
[2024-03-10T18:29:16.070+0000][0.065s] Compressed class space mapped at: 0x00007f3cb0000000-0x00007f3cf0000000, reserved size: 1073741824
[2024-03-10T18:29:16.070+0000][0.065s] Narrow klass base: 0x00007f3caf000000, Narrow klass shift: 0, Narrow klass range: 0x100000000
[2024-03-10T18:29:16.398+0000][0.392s] GC(0) Pause Young (Normal) (G1 Evacuation Pause)
[2024-03-10T18:29:16.398+0000][0.392s] GC(0) Using 12 workers of 23 for evacuation
[2024-03-10T18:29:16.400+0000][0.394s] GC(0)   Pre Evacuate Collection Set: 0.1ms
[2024-03-10T18:29:16.400+0000][0.394s] GC(0)   Merge Heap Roots: 0.1ms
[2024-03-10T18:29:16.400+0000][0.394s] GC(0)   Evacuate Collection Set: 1.1ms
[2024-03-10T18:29:16.400+0000][0.394s] GC(0)   Post Evacuate Collection Set: 0.4ms
[2024-03-10T18:29:16.400+0000][0.394s] GC(0)   Other: 0.3ms
[2024-03-10T18:29:16.400+0000][0.395s] GC(0) Eden regions: 29->0(57)
[2024-03-10T18:29:16.400+0000][0.395s] GC(0) Survivor regions: 0->4(4)
[2024-03-10T18:29:16.400+0000][0.395s] GC(0) Old regions: 0->1
[2024-03-10T18:29:16.400+0000][0.395s] GC(0) Archive regions: 2->2
[2024-03-10T18:29:16.400+0000][0.395s] GC(0) Humongous regions: 0->0
[2024-03-10T18:29:16.401+0000][0.395s] GC(0) Metaspace: 9918K(10176K)->9918K(10176K) NonClass: 8703K(8832K)->8703K(8832K) Class: 1214K(1344K)->1214K(1344K)
[2024-03-10T18:29:16.401+0000][0.395s] GC(0) Pause Young (Normal) (G1 Evacuation Pause) 29M->5M(512M) 2.964ms
[2024-03-10T18:29:16.401+0000][0.395s] GC(0) User=0.01s Sys=0.00s Real=0.00s
[2024-03-10T18:29:16.686+0000][0.681s] GC(1) Pause Young (Normal) (G1 Evacuation Pause)
[2024-03-10T18:29:16.686+0000][0.681s] GC(1) Using 22 workers of 23 for evacuation
[2024-03-10T18:29:16.690+0000][0.684s] GC(1)   Pre Evacuate Collection Set: 0.2ms
[2024-03-10T18:29:16.690+0000][0.685s] GC(1)   Merge Heap Roots: 0.2ms
[2024-03-10T18:29:16.690+0000][0.685s] GC(1)   Evacuate Collection Set: 2.5ms
[2024-03-10T18:29:16.691+0000][0.685s] GC(1)   Post Evacuate Collection Set: 0.6ms
[2024-03-10T18:29:16.691+0000][0.685s] GC(1)   Other: 0.4ms
[2024-03-10T18:29:16.691+0000][0.685s] GC(1) Eden regions: 57->0(139)
[2024-03-10T18:29:16.691+0000][0.685s] GC(1) Survivor regions: 4->8(8)
[2024-03-10T18:29:16.691+0000][0.685s] GC(1) Old regions: 1->10
[2024-03-10T18:29:16.691+0000][0.686s] GC(1) Archive regions: 2->2
[2024-03-10T18:29:16.691+0000][0.686s] GC(1) Humongous regions: 4->4
[2024-03-10T18:29:16.691+0000][0.686s] GC(1) Metaspace: 18160K(18432K)->18160K(18432K) NonClass: 15944K(16128K)->15944K(16128K) Class: 2215K(2304K)->2215K(2304K)
[2024-03-10T18:29:16.691+0000][0.686s] GC(1) Pause Young (Normal) (G1 Evacuation Pause) 66M->22M(512M) 5.200ms
[2024-03-10T18:29:16.692+0000][0.686s] GC(1) User=0.03s Sys=0.02s Real=0.00s
[2024-03-10T18:29:16.797+0000][0.792s] GC(2) Pause Young (Concurrent Start) (Metadata GC Threshold)
[2024-03-10T18:29:16.798+0000][0.792s] GC(2) Using 23 workers of 23 for evacuation
[2024-03-10T18:29:16.801+0000][0.795s] GC(2)   Pre Evacuate Collection Set: 0.2ms
[2024-03-10T18:29:16.801+0000][0.795s] GC(2)   Merge Heap Roots: 0.2ms
[2024-03-10T18:29:16.801+0000][0.795s] GC(2)   Evacuate Collection Set: 1.8ms
[2024-03-10T18:29:16.801+0000][0.795s] GC(2)   Post Evacuate Collection Set: 0.7ms
[2024-03-10T18:29:16.801+0000][0.796s] GC(2)   Other: 0.4ms
[2024-03-10T18:29:16.801+0000][0.796s] GC(2) Eden regions: 28->0(127)
[2024-03-10T18:29:16.801+0000][0.796s] GC(2) Survivor regions: 8->10(19)
[2024-03-10T18:29:16.801+0000][0.796s] GC(2) Old regions: 10->10
[2024-03-10T18:29:16.801+0000][0.796s] GC(2) Archive regions: 2->2
[2024-03-10T18:29:16.802+0000][0.796s] GC(2) Humongous regions: 4->4
[2024-03-10T18:29:16.802+0000][0.796s] GC(2) Metaspace: 21200K(21504K)->21200K(21504K) NonClass: 18606K(18752K)->18606K(18752K) Class: 2594K(2752K)->2594K(2752K)
[2024-03-10T18:29:16.802+0000][0.796s] GC(2) Pause Young (Concurrent Start) (Metadata GC Threshold) 50M->23M(512M) 4.315ms
[2024-03-10T18:29:16.802+0000][0.796s] GC(2) User=0.01s Sys=0.01s Real=0.00s
[2024-03-10T18:29:16.802+0000][0.796s] GC(3) Concurrent Mark Cycle
[2024-03-10T18:29:16.802+0000][0.796s] GC(3) Concurrent Clear Claimed Marks
[2024-03-10T18:29:16.802+0000][0.796s] GC(3) Concurrent Clear Claimed Marks 0.135ms
[2024-03-10T18:29:16.802+0000][0.797s] GC(3) Concurrent Scan Root Regions
[2024-03-10T18:29:16.803+0000][0.797s] GC(3) Concurrent Scan Root Regions 0.903ms
[2024-03-10T18:29:16.804+0000][0.798s] GC(3) Concurrent Mark
[2024-03-10T18:29:16.804+0000][0.798s] GC(3) Concurrent Mark From Roots
[2024-03-10T18:29:16.804+0000][0.798s] GC(3) Using 6 workers of 6 for marking
[2024-03-10T18:29:16.806+0000][0.800s] GC(3) Concurrent Mark From Roots 1.922ms
[2024-03-10T18:29:16.806+0000][0.800s] GC(3) Concurrent Preclean
[2024-03-10T18:29:16.806+0000][0.800s] GC(3) Concurrent Preclean 0.144ms
[2024-03-10T18:29:16.806+0000][0.801s] GC(3) Pause Remark
[2024-03-10T18:29:16.808+0000][0.802s] GC(3) Pause Remark 24M->24M(512M) 1.506ms
[2024-03-10T18:29:16.808+0000][0.802s] GC(3) User=0.00s Sys=0.00s Real=0.00s
[2024-03-10T18:29:16.808+0000][0.802s] GC(3) Concurrent Mark 4.269ms
[2024-03-10T18:29:16.808+0000][0.802s] GC(3) Concurrent Rebuild Remembered Sets
[2024-03-10T18:29:16.809+0000][0.803s] GC(3) Concurrent Rebuild Remembered Sets 0.855ms
[2024-03-10T18:29:16.809+0000][0.803s] GC(3) Pause Cleanup
[2024-03-10T18:29:16.809+0000][0.804s] GC(3) Pause Cleanup 24M->24M(512M) 0.258ms
[2024-03-10T18:29:16.809+0000][0.804s] GC(3) User=0.00s Sys=0.00s Real=0.00s
[2024-03-10T18:29:16.809+0000][0.804s] GC(3) Concurrent Cleanup for Next Mark
[2024-03-10T18:29:16.810+0000][0.804s] GC(3) Concurrent Cleanup for Next Mark 0.225ms
[2024-03-10T18:29:16.810+0000][0.804s] GC(3) Concurrent Mark Cycle 7.848ms
[2024-03-10T18:29:17.396+0000][1.391s] GC(4) Pause Young (Prepare Mixed) (Metadata GC Threshold)
[2024-03-10T18:29:17.397+0000][1.391s] GC(4) Using 23 workers of 23 for evacuation
[2024-03-10T18:29:17.401+0000][1.395s] GC(4)   Pre Evacuate Collection Set: 0.2ms
[2024-03-10T18:29:17.401+0000][1.396s] GC(4)   Merge Heap Roots: 0.2ms
[2024-03-10T18:29:17.401+0000][1.396s] GC(4)   Evacuate Collection Set: 2.8ms
[2024-03-10T18:29:17.401+0000][1.396s] GC(4)   Post Evacuate Collection Set: 1.1ms
[2024-03-10T18:29:17.401+0000][1.396s] GC(4)   Other: 0.3ms
[2024-03-10T18:29:17.402+0000][1.396s] GC(4) Eden regions: 92->0(11)
[2024-03-10T18:29:17.402+0000][1.396s] GC(4) Survivor regions: 10->14(17)
[2024-03-10T18:29:17.402+0000][1.396s] GC(4) Old regions: 10->12
[2024-03-10T18:29:17.402+0000][1.396s] GC(4) Archive regions: 2->2
[2024-03-10T18:29:17.402+0000][1.396s] GC(4) Humongous regions: 4->4
[2024-03-10T18:29:17.402+0000][1.396s] GC(4) Metaspace: 35719K(36096K)->35719K(36096K) NonClass: 31266K(31424K)->31266K(31424K) Class: 4452K(4672K)->4452K(4672K)
[2024-03-10T18:29:17.402+0000][1.396s] GC(4) Pause Young (Prepare Mixed) (Metadata GC Threshold) 115M->29M(512M) 5.713ms
[2024-03-10T18:29:17.402+0000][1.397s] GC(4) User=0.04s Sys=0.01s Real=0.00s
[2024-03-10T18:29:17.409+0000][1.403s] GC(5) Pause Young (Mixed) (Metadata GC Threshold)
[2024-03-10T18:29:17.409+0000][1.403s] GC(5) Using 23 workers of 23 for evacuation
[2024-03-10T18:29:17.412+0000][1.406s] GC(5)   Pre Evacuate Collection Set: 0.2ms
[2024-03-10T18:29:17.412+0000][1.406s] GC(5)   Merge Heap Roots: 0.2ms
[2024-03-10T18:29:17.412+0000][1.407s] GC(5)   Evacuate Collection Set: 2.0ms
[2024-03-10T18:29:17.412+0000][1.407s] GC(5)   Post Evacuate Collection Set: 0.6ms
[2024-03-10T18:29:17.412+0000][1.407s] GC(5)   Other: 0.3ms
[2024-03-10T18:29:17.412+0000][1.407s] GC(5) Eden regions: 2->0(305)
[2024-03-10T18:29:17.413+0000][1.407s] GC(5) Survivor regions: 14->2(4)
[2024-03-10T18:29:17.413+0000][1.407s] GC(5) Old regions: 12->25
[2024-03-10T18:29:17.413+0000][1.407s] GC(5) Archive regions: 2->2
[2024-03-10T18:29:17.413+0000][1.407s] GC(5) Humongous regions: 4->4
[2024-03-10T18:29:17.413+0000][1.407s] GC(5) Metaspace: 36027K(36416K)->36027K(36416K) NonClass: 31536K(31680K)->31536K(31680K) Class: 4491K(4736K)->4491K(4736K)
[2024-03-10T18:29:17.413+0000][1.407s] GC(5) Pause Young (Mixed) (Metadata GC Threshold) 31M->30M(512M) 4.372ms
[2024-03-10T18:29:17.413+0000][1.407s] GC(5) User=0.02s Sys=0.00s Real=0.00s
[2024-03-10T18:29:17.419+0000][1.414s] GC(6) Pause Young (Concurrent Start) (Metadata GC Threshold)
[2024-03-10T18:29:17.419+0000][1.414s] GC(6) Using 23 workers of 23 for evacuation
[2024-03-10T18:29:17.421+0000][1.416s] GC(6)   Pre Evacuate Collection Set: 0.2ms
[2024-03-10T18:29:17.421+0000][1.416s] GC(6)   Merge Heap Roots: 0.2ms
[2024-03-10T18:29:17.422+0000][1.416s] GC(6)   Evacuate Collection Set: 0.7ms
[2024-03-10T18:29:17.422+0000][1.416s] GC(6)   Post Evacuate Collection Set: 0.6ms
[2024-03-10T18:29:17.422+0000][1.416s] GC(6)   Other: 0.4ms
[2024-03-10T18:29:17.422+0000][1.416s] GC(6) Eden regions: 2->0(306)
[2024-03-10T18:29:17.422+0000][1.416s] GC(6) Survivor regions: 2->1(39)
[2024-03-10T18:29:17.422+0000][1.416s] GC(6) Old regions: 25->25
[2024-03-10T18:29:17.422+0000][1.417s] GC(6) Archive regions: 2->2
[2024-03-10T18:29:17.422+0000][1.417s] GC(6) Humongous regions: 4->4
[2024-03-10T18:29:17.422+0000][1.417s] GC(6) Metaspace: 36400K(36736K)->36400K(36736K) NonClass: 31864K(32000K)->31864K(32000K) Class: 4536K(4736K)->4536K(4736K)
[2024-03-10T18:29:17.422+0000][1.417s] GC(6) Pause Young (Concurrent Start) (Metadata GC Threshold) 32M->29M(512M) 3.244ms
[2024-03-10T18:29:17.422+0000][1.417s] GC(6) User=0.00s Sys=0.00s Real=0.00s
[2024-03-10T18:29:17.423+0000][1.417s] GC(7) Concurrent Mark Cycle
[2024-03-10T18:29:17.423+0000][1.417s] GC(7) Concurrent Clear Claimed Marks
[2024-03-10T18:29:17.423+0000][1.417s] GC(7) Concurrent Clear Claimed Marks 0.104ms
[2024-03-10T18:29:17.423+0000][1.417s] GC(7) Concurrent Scan Root Regions
[2024-03-10T18:29:17.423+0000][1.418s] GC(7) Concurrent Scan Root Regions 0.421ms
[2024-03-10T18:29:17.423+0000][1.418s] GC(7) Concurrent Mark
[2024-03-10T18:29:17.423+0000][1.418s] GC(7) Concurrent Mark From Roots
[2024-03-10T18:29:17.424+0000][1.418s] GC(7) Using 6 workers of 6 for marking
[2024-03-10T18:29:17.428+0000][1.423s] GC(7) Concurrent Mark From Roots 4.640ms
[2024-03-10T18:29:17.428+0000][1.423s] GC(7) Concurrent Preclean
[2024-03-10T18:29:17.429+0000][1.423s] GC(7) Concurrent Preclean 0.237ms
[2024-03-10T18:29:17.429+0000][1.423s] GC(7) Pause Remark
[2024-03-10T18:29:17.431+0000][1.425s] GC(7) Pause Remark 31M->31M(512M) 1.718ms
[2024-03-10T18:29:17.431+0000][1.425s] GC(7) User=0.01s Sys=0.00s Real=0.00s
[2024-03-10T18:29:17.431+0000][1.425s] GC(7) Concurrent Mark 7.635ms
[2024-03-10T18:29:17.431+0000][1.426s] GC(7) Concurrent Rebuild Remembered Sets
[2024-03-10T18:29:17.433+0000][1.428s] GC(7) Concurrent Rebuild Remembered Sets 2.009ms
[2024-03-10T18:29:17.434+0000][1.428s] GC(7) Pause Cleanup
[2024-03-10T18:29:17.434+0000][1.428s] GC(7) Pause Cleanup 32M->32M(512M) 0.358ms
[2024-03-10T18:29:17.434+0000][1.428s] GC(7) User=0.00s Sys=0.00s Real=0.00s
[2024-03-10T18:29:17.434+0000][1.429s] GC(7) Concurrent Cleanup for Next Mark
[2024-03-10T18:29:17.435+0000][1.429s] GC(7) Concurrent Cleanup for Next Mark 0.354ms
[2024-03-10T18:29:17.435+0000][1.429s] GC(7) Concurrent Mark Cycle 12.196ms
[2024-03-10T18:34:20.417+0000][304.412s] Heap
[2024-03-10T18:34:20.418+0000][304.412s]  garbage-first heap   total 524288K, used 213352K [0x00000000e0000000, 0x0000000100000000)
[2024-03-10T18:34:20.418+0000][304.413s]   region size 1024K, 181 young (185344K), 1 survivors (1024K)
[2024-03-10T18:34:20.418+0000][304.413s]  Metaspace       used 53437K, committed 53952K, reserved 1114112K
[2024-03-10T18:34:20.418+0000][304.413s]   class space    used 6839K, committed 7104K, reserved 1048576K
