[2024-03-12T10:57:58.422+0000][0.033s] Using G1
[2024-03-12T10:57:58.459+0000][0.071s] Version: 17.0.10+7 (release)
[2024-03-12T10:57:58.459+0000][0.071s] CPUs: 32 total, 32 available
[2024-03-12T10:57:58.459+0000][0.071s] Memory: 15875M
[2024-03-12T10:57:58.460+0000][0.072s] Large Page Support: Disabled
[2024-03-12T10:57:58.460+0000][0.072s] NUMA Support: Disabled
[2024-03-12T10:57:58.460+0000][0.072s] Compressed Oops: Enabled (32-bit)
[2024-03-12T10:57:58.460+0000][0.072s] Heap Region Size: 1M
[2024-03-12T10:57:58.460+0000][0.072s] Heap Min Capacity: 512M
[2024-03-12T10:57:58.461+0000][0.073s] Heap Initial Capacity: 512M
[2024-03-12T10:57:58.461+0000][0.073s] Heap Max Capacity: 512M
[2024-03-12T10:57:58.461+0000][0.073s] Pre-touch: Enabled
[2024-03-12T10:57:58.461+0000][0.073s] Parallel Workers: 23
[2024-03-12T10:57:58.461+0000][0.073s] Concurrent Workers: 6
[2024-03-12T10:57:58.462+0000][0.074s] Concurrent Refinement Workers: 23
[2024-03-12T10:57:58.462+0000][0.074s] Periodic GC: Disabled
[2024-03-12T10:57:58.465+0000][0.077s] CDS archive(s) mapped at: [0x00007fd3d7000000-0x00007fd3d7a5f000-0x00007fd3d7a5f000), size 10874880, SharedBaseAddress: 0x00007fd3d7000000, ArchiveRelocationMode: 1.
[2024-03-12T10:57:58.465+0000][0.077s] Compressed class space mapped at: 0x00007fd3d8000000-0x00007fd418000000, reserved size: 1073741824
[2024-03-12T10:57:58.466+0000][0.077s] Narrow klass base: 0x00007fd3d7000000, Narrow klass shift: 0, Narrow klass range: 0x100000000
[2024-03-12T10:57:59.008+0000][0.620s] GC(0) Pause Young (Normal) (G1 Evacuation Pause)
[2024-03-12T10:57:59.008+0000][0.620s] GC(0) Using 12 workers of 23 for evacuation
[2024-03-12T10:57:59.010+0000][0.622s] GC(0)   Pre Evacuate Collection Set: 0.1ms
[2024-03-12T10:57:59.010+0000][0.622s] GC(0)   Merge Heap Roots: 0.1ms
[2024-03-12T10:57:59.010+0000][0.622s] GC(0)   Evacuate Collection Set: 1.2ms
[2024-03-12T10:57:59.011+0000][0.623s] GC(0)   Post Evacuate Collection Set: 0.5ms
[2024-03-12T10:57:59.011+0000][0.623s] GC(0)   Other: 0.3ms
[2024-03-12T10:57:59.011+0000][0.623s] GC(0) Eden regions: 29->0(59)
[2024-03-12T10:57:59.011+0000][0.623s] GC(0) Survivor regions: 0->4(4)
[2024-03-12T10:57:59.011+0000][0.623s] GC(0) Old regions: 0->1
[2024-03-12T10:57:59.011+0000][0.623s] GC(0) Archive regions: 2->2
[2024-03-12T10:57:59.011+0000][0.623s] GC(0) Humongous regions: 0->0
[2024-03-12T10:57:59.011+0000][0.623s] GC(0) Metaspace: 9904K(10176K)->9904K(10176K) NonClass: 8693K(8832K)->8693K(8832K) Class: 1210K(1344K)->1210K(1344K)
[2024-03-12T10:57:59.011+0000][0.623s] GC(0) Pause Young (Normal) (G1 Evacuation Pause) 29M->5M(512M) 3.610ms
[2024-03-12T10:57:59.012+0000][0.624s] GC(0) User=0.02s Sys=0.00s Real=0.01s
[2024-03-12T10:57:59.471+0000][1.082s] GC(1) Pause Young (Normal) (G1 Evacuation Pause)
[2024-03-12T10:57:59.471+0000][1.083s] GC(1) Using 22 workers of 23 for evacuation
[2024-03-12T10:57:59.475+0000][1.087s] GC(1)   Pre Evacuate Collection Set: 0.2ms
[2024-03-12T10:57:59.475+0000][1.087s] GC(1)   Merge Heap Roots: 0.2ms
[2024-03-12T10:57:59.475+0000][1.087s] GC(1)   Evacuate Collection Set: 2.8ms
[2024-03-12T10:57:59.475+0000][1.087s] GC(1)   Post Evacuate Collection Set: 0.7ms
[2024-03-12T10:57:59.475+0000][1.087s] GC(1)   Other: 0.5ms
[2024-03-12T10:57:59.476+0000][1.088s] GC(1) Eden regions: 59->0(75)
[2024-03-12T10:57:59.476+0000][1.088s] GC(1) Survivor regions: 4->8(8)
[2024-03-12T10:57:59.476+0000][1.088s] GC(1) Old regions: 1->10
[2024-03-12T10:57:59.476+0000][1.088s] GC(1) Archive regions: 2->2
[2024-03-12T10:57:59.476+0000][1.088s] GC(1) Humongous regions: 4->4
[2024-03-12T10:57:59.476+0000][1.088s] GC(1) Metaspace: 18183K(18432K)->18183K(18432K) NonClass: 15967K(16128K)->15967K(16128K) Class: 2216K(2304K)->2216K(2304K)
[2024-03-12T10:57:59.476+0000][1.088s] GC(1) Pause Young (Normal) (G1 Evacuation Pause) 68M->22M(512M) 5.860ms
[2024-03-12T10:57:59.477+0000][1.088s] GC(1) User=0.03s Sys=0.01s Real=0.00s
[2024-03-12T10:57:59.654+0000][1.266s] GC(2) Pause Young (Concurrent Start) (Metadata GC Threshold)
[2024-03-12T10:57:59.654+0000][1.266s] GC(2) Using 23 workers of 23 for evacuation
[2024-03-12T10:57:59.657+0000][1.269s] GC(2)   Pre Evacuate Collection Set: 0.2ms
[2024-03-12T10:57:59.657+0000][1.269s] GC(2)   Merge Heap Roots: 0.2ms
[2024-03-12T10:57:59.657+0000][1.269s] GC(2)   Evacuate Collection Set: 2.0ms
[2024-03-12T10:57:59.657+0000][1.269s] GC(2)   Post Evacuate Collection Set: 0.6ms
[2024-03-12T10:57:59.658+0000][1.269s] GC(2)   Other: 0.5ms
[2024-03-12T10:57:59.658+0000][1.270s] GC(2) Eden regions: 27->0(115)
[2024-03-12T10:57:59.658+0000][1.270s] GC(2) Survivor regions: 8->2(11)
[2024-03-12T10:57:59.658+0000][1.270s] GC(2) Old regions: 10->19
[2024-03-12T10:57:59.658+0000][1.270s] GC(2) Archive regions: 2->2
[2024-03-12T10:57:59.658+0000][1.270s] GC(2) Humongous regions: 4->4
[2024-03-12T10:57:59.658+0000][1.270s] GC(2) Metaspace: 21238K(21504K)->21238K(21504K) NonClass: 18636K(18752K)->18636K(18752K) Class: 2601K(2752K)->2601K(2752K)
[2024-03-12T10:57:59.658+0000][1.270s] GC(2) Pause Young (Concurrent Start) (Metadata GC Threshold) 49M->24M(512M) 4.415ms
[2024-03-12T10:57:59.658+0000][1.270s] GC(2) User=0.01s Sys=0.00s Real=0.00s
[2024-03-12T10:57:59.658+0000][1.270s] GC(3) Concurrent Mark Cycle
[2024-03-12T10:57:59.658+0000][1.270s] GC(3) Concurrent Clear Claimed Marks
[2024-03-12T10:57:59.658+0000][1.270s] GC(3) Concurrent Clear Claimed Marks 0.092ms
[2024-03-12T10:57:59.659+0000][1.271s] GC(3) Concurrent Scan Root Regions
[2024-03-12T10:57:59.660+0000][1.272s] GC(3) Concurrent Scan Root Regions 1.281ms
[2024-03-12T10:57:59.660+0000][1.272s] GC(3) Concurrent Mark
[2024-03-12T10:57:59.660+0000][1.272s] GC(3) Concurrent Mark From Roots
[2024-03-12T10:57:59.660+0000][1.272s] GC(3) Using 6 workers of 6 for marking
[2024-03-12T10:57:59.663+0000][1.275s] GC(3) Concurrent Mark From Roots 2.410ms
[2024-03-12T10:57:59.663+0000][1.275s] GC(3) Concurrent Preclean
[2024-03-12T10:57:59.663+0000][1.275s] GC(3) Concurrent Preclean 0.191ms
[2024-03-12T10:57:59.663+0000][1.275s] GC(3) Pause Remark
[2024-03-12T10:57:59.665+0000][1.277s] GC(3) Pause Remark 24M->24M(512M) 1.671ms
[2024-03-12T10:57:59.665+0000][1.277s] GC(3) User=0.00s Sys=0.00s Real=0.00s
[2024-03-12T10:57:59.665+0000][1.277s] GC(3) Concurrent Mark 4.992ms
[2024-03-12T10:57:59.665+0000][1.277s] GC(3) Concurrent Rebuild Remembered Sets
[2024-03-12T10:57:59.666+0000][1.278s] GC(3) Concurrent Rebuild Remembered Sets 1.072ms
[2024-03-12T10:57:59.666+0000][1.278s] GC(3) Pause Cleanup
[2024-03-12T10:57:59.667+0000][1.279s] GC(3) Pause Cleanup 24M->24M(512M) 0.279ms
[2024-03-12T10:57:59.667+0000][1.279s] GC(3) User=0.00s Sys=0.00s Real=0.00s
[2024-03-12T10:57:59.667+0000][1.279s] GC(3) Concurrent Cleanup for Next Mark
[2024-03-12T10:57:59.667+0000][1.279s] GC(3) Concurrent Cleanup for Next Mark 0.332ms
[2024-03-12T10:57:59.667+0000][1.279s] GC(3) Concurrent Mark Cycle 9.213ms
[2024-03-12T10:58:00.609+0000][2.220s] GC(4) Pause Young (Prepare Mixed) (Metadata GC Threshold)
[2024-03-12T10:58:00.609+0000][2.221s] GC(4) Using 23 workers of 23 for evacuation
[2024-03-12T10:58:00.613+0000][2.225s] GC(4)   Pre Evacuate Collection Set: 0.3ms
[2024-03-12T10:58:00.613+0000][2.225s] GC(4)   Merge Heap Roots: 0.2ms
[2024-03-12T10:58:00.613+0000][2.225s] GC(4)   Evacuate Collection Set: 2.0ms
[2024-03-12T10:58:00.613+0000][2.225s] GC(4)   Post Evacuate Collection Set: 1.4ms
[2024-03-12T10:58:00.613+0000][2.225s] GC(4)   Other: 0.6ms
[2024-03-12T10:58:00.614+0000][2.226s] GC(4) Eden regions: 99->0(18)
[2024-03-12T10:58:00.614+0000][2.226s] GC(4) Survivor regions: 2->7(15)
[2024-03-12T10:58:00.614+0000][2.226s] GC(4) Old regions: 19->19
[2024-03-12T10:58:00.614+0000][2.226s] GC(4) Archive regions: 2->2
[2024-03-12T10:58:00.614+0000][2.226s] GC(4) Humongous regions: 4->4
[2024-03-12T10:58:00.614+0000][2.226s] GC(4) Metaspace: 35755K(36160K)->35755K(36160K) NonClass: 31300K(31488K)->31300K(31488K) Class: 4454K(4672K)->4454K(4672K)
[2024-03-12T10:58:00.614+0000][2.226s] GC(4) Pause Young (Prepare Mixed) (Metadata GC Threshold) 123M->30M(512M) 5.554ms
[2024-03-12T10:58:00.614+0000][2.226s] GC(4) User=0.04s Sys=0.01s Real=0.01s
[2024-03-12T10:58:00.620+0000][2.232s] GC(5) Pause Young (Mixed) (Metadata GC Threshold)
[2024-03-12T10:58:00.621+0000][2.232s] GC(5) Using 23 workers of 23 for evacuation
[2024-03-12T10:58:00.623+0000][2.235s] GC(5)   Pre Evacuate Collection Set: 0.2ms
[2024-03-12T10:58:00.623+0000][2.235s] GC(5)   Merge Heap Roots: 0.2ms
[2024-03-12T10:58:00.623+0000][2.235s] GC(5)   Evacuate Collection Set: 1.5ms
[2024-03-12T10:58:00.624+0000][2.235s] GC(5)   Post Evacuate Collection Set: 0.6ms
[2024-03-12T10:58:00.624+0000][2.236s] GC(5)   Other: 0.4ms
[2024-03-12T10:58:00.624+0000][2.236s] GC(5) Eden regions: 2->0(306)
[2024-03-12T10:58:00.624+0000][2.236s] GC(5) Survivor regions: 7->1(4)
[2024-03-12T10:58:00.624+0000][2.236s] GC(5) Old regions: 19->25
[2024-03-12T10:58:00.624+0000][2.236s] GC(5) Archive regions: 2->2
[2024-03-12T10:58:00.624+0000][2.236s] GC(5) Humongous regions: 4->4
[2024-03-12T10:58:00.624+0000][2.236s] GC(5) Metaspace: 36046K(36480K)->36046K(36480K) NonClass: 31553K(31744K)->31553K(31744K) Class: 4492K(4736K)->4492K(4736K)
[2024-03-12T10:58:00.624+0000][2.236s] GC(5) Pause Young (Mixed) (Metadata GC Threshold) 31M->30M(512M) 3.984ms
[2024-03-12T10:58:00.624+0000][2.236s] GC(5) User=0.01s Sys=0.00s Real=0.00s
[2024-03-12T10:58:00.633+0000][2.245s] GC(6) Pause Young (Concurrent Start) (Metadata GC Threshold)
[2024-03-12T10:58:00.633+0000][2.245s] GC(6) Using 23 workers of 23 for evacuation
[2024-03-12T10:58:00.635+0000][2.247s] GC(6)   Pre Evacuate Collection Set: 0.2ms
[2024-03-12T10:58:00.635+0000][2.247s] GC(6)   Merge Heap Roots: 0.2ms
[2024-03-12T10:58:00.635+0000][2.247s] GC(6)   Evacuate Collection Set: 0.7ms
[2024-03-12T10:58:00.635+0000][2.247s] GC(6)   Post Evacuate Collection Set: 0.6ms
[2024-03-12T10:58:00.635+0000][2.247s] GC(6)   Other: 0.4ms
[2024-03-12T10:58:00.635+0000][2.247s] GC(6) Eden regions: 3->0(306)
[2024-03-12T10:58:00.635+0000][2.247s] GC(6) Survivor regions: 1->1(39)
[2024-03-12T10:58:00.636+0000][2.248s] GC(6) Old regions: 25->25
[2024-03-12T10:58:00.636+0000][2.248s] GC(6) Archive regions: 2->2
[2024-03-12T10:58:00.636+0000][2.248s] GC(6) Humongous regions: 4->4
[2024-03-12T10:58:00.636+0000][2.248s] GC(6) Metaspace: 36419K(36800K)->36419K(36800K) NonClass: 31879K(32064K)->31879K(32064K) Class: 4539K(4736K)->4539K(4736K)
[2024-03-12T10:58:00.636+0000][2.248s] GC(6) Pause Young (Concurrent Start) (Metadata GC Threshold) 33M->29M(512M) 3.124ms
[2024-03-12T10:58:00.636+0000][2.248s] GC(6) User=0.01s Sys=0.00s Real=0.00s
[2024-03-12T10:58:00.636+0000][2.248s] GC(7) Concurrent Mark Cycle
[2024-03-12T10:58:00.636+0000][2.248s] GC(7) Concurrent Clear Claimed Marks
[2024-03-12T10:58:00.636+0000][2.248s] GC(7) Concurrent Clear Claimed Marks 0.102ms
[2024-03-12T10:58:00.637+0000][2.248s] GC(7) Concurrent Scan Root Regions
[2024-03-12T10:58:00.637+0000][2.249s] GC(7) Concurrent Scan Root Regions 0.527ms
[2024-03-12T10:58:00.637+0000][2.249s] GC(7) Concurrent Mark
[2024-03-12T10:58:00.637+0000][2.249s] GC(7) Concurrent Mark From Roots
[2024-03-12T10:58:00.637+0000][2.249s] GC(7) Using 6 workers of 6 for marking
[2024-03-12T10:58:00.642+0000][2.254s] GC(7) Concurrent Mark From Roots 5.035ms
[2024-03-12T10:58:00.643+0000][2.255s] GC(7) Concurrent Preclean
[2024-03-12T10:58:00.643+0000][2.255s] GC(7) Concurrent Preclean 0.348ms
[2024-03-12T10:58:00.643+0000][2.255s] GC(7) Pause Remark
[2024-03-12T10:58:00.645+0000][2.257s] GC(7) Pause Remark 31M->31M(512M) 1.794ms
[2024-03-12T10:58:00.645+0000][2.257s] GC(7) User=0.01s Sys=0.00s Real=0.00s
[2024-03-12T10:58:00.645+0000][2.257s] GC(7) Concurrent Mark 8.251ms
[2024-03-12T10:58:00.646+0000][2.258s] GC(7) Concurrent Rebuild Remembered Sets
[2024-03-12T10:58:00.647+0000][2.259s] GC(7) Concurrent Rebuild Remembered Sets 1.908ms
[2024-03-12T10:58:00.648+0000][2.260s] GC(7) Pause Cleanup
[2024-03-12T10:58:00.648+0000][2.260s] GC(7) Pause Cleanup 32M->32M(512M) 0.343ms
[2024-03-12T10:58:00.648+0000][2.260s] GC(7) User=0.00s Sys=0.00s Real=0.00s
[2024-03-12T10:58:00.648+0000][2.260s] GC(7) Concurrent Cleanup for Next Mark
[2024-03-12T10:58:00.649+0000][2.261s] GC(7) Concurrent Cleanup for Next Mark 0.370ms
[2024-03-12T10:58:00.649+0000][2.261s] GC(7) Concurrent Mark Cycle 12.801ms
[2024-03-12T11:22:36.705+0000][1478.321s] Heap
[2024-03-12T11:22:36.705+0000][1478.321s]  garbage-first heap   total 524288K, used 223030K [0x00000000e0000000, 0x0000000100000000)
[2024-03-12T11:22:36.705+0000][1478.322s]   region size 1024K, 189 young (193536K), 1 survivors (1024K)
[2024-03-12T11:22:36.705+0000][1478.322s]  Metaspace       used 55137K, committed 55680K, reserved 1114112K
[2024-03-12T11:22:36.705+0000][1478.322s]   class space    used 7129K, committed 7424K, reserved 1048576K
