[2024-03-12T20:37:26.813+0000][0.028s] Using G1
[2024-03-12T20:37:26.849+0000][0.063s] Version: 17.0.10+7 (release)
[2024-03-12T20:37:26.849+0000][0.063s] CPUs: 32 total, 32 available
[2024-03-12T20:37:26.849+0000][0.063s] Memory: 15875M
[2024-03-12T20:37:26.849+0000][0.064s] Large Page Support: Disabled
[2024-03-12T20:37:26.849+0000][0.064s] NUMA Support: Disabled
[2024-03-12T20:37:26.849+0000][0.064s] Compressed Oops: Enabled (32-bit)
[2024-03-12T20:37:26.849+0000][0.064s] Heap Region Size: 1M
[2024-03-12T20:37:26.849+0000][0.064s] Heap Min Capacity: 512M
[2024-03-12T20:37:26.849+0000][0.064s] Heap Initial Capacity: 512M
[2024-03-12T20:37:26.850+0000][0.064s] Heap Max Capacity: 512M
[2024-03-12T20:37:26.850+0000][0.064s] Pre-touch: Enabled
[2024-03-12T20:37:26.850+0000][0.064s] Parallel Workers: 23
[2024-03-12T20:37:26.850+0000][0.064s] Concurrent Workers: 6
[2024-03-12T20:37:26.850+0000][0.065s] Concurrent Refinement Workers: 23
[2024-03-12T20:37:26.850+0000][0.065s] Periodic GC: Disabled
[2024-03-12T20:37:26.853+0000][0.068s] CDS archive(s) mapped at: [0x00007fe5df000000-0x00007fe5dfa5f000-0x00007fe5dfa5f000), size 10874880, SharedBaseAddress: 0x00007fe5df000000, ArchiveRelocationMode: 1.
[2024-03-12T20:37:26.854+0000][0.068s] Compressed class space mapped at: 0x00007fe5e0000000-0x00007fe620000000, reserved size: 1073741824
[2024-03-12T20:37:26.854+0000][0.068s] Narrow klass base: 0x00007fe5df000000, Narrow klass shift: 0, Narrow klass range: 0x100000000
[2024-03-12T20:37:27.193+0000][0.408s] GC(0) Pause Young (Normal) (G1 Evacuation Pause)
[2024-03-12T20:37:27.193+0000][0.408s] GC(0) Using 12 workers of 23 for evacuation
[2024-03-12T20:37:27.195+0000][0.410s] GC(0)   Pre Evacuate Collection Set: 0.1ms
[2024-03-12T20:37:27.195+0000][0.410s] GC(0)   Merge Heap Roots: 0.1ms
[2024-03-12T20:37:27.195+0000][0.410s] GC(0)   Evacuate Collection Set: 1.1ms
[2024-03-12T20:37:27.195+0000][0.410s] GC(0)   Post Evacuate Collection Set: 0.4ms
[2024-03-12T20:37:27.195+0000][0.410s] GC(0)   Other: 0.3ms
[2024-03-12T20:37:27.196+0000][0.410s] GC(0) Eden regions: 29->0(59)
[2024-03-12T20:37:27.196+0000][0.410s] GC(0) Survivor regions: 0->4(4)
[2024-03-12T20:37:27.196+0000][0.410s] GC(0) Old regions: 0->1
[2024-03-12T20:37:27.196+0000][0.410s] GC(0) Archive regions: 2->2
[2024-03-12T20:37:27.196+0000][0.410s] GC(0) Humongous regions: 0->0
[2024-03-12T20:37:27.196+0000][0.410s] GC(0) Metaspace: 9900K(10176K)->9900K(10176K) NonClass: 8689K(8832K)->8689K(8832K) Class: 1211K(1344K)->1211K(1344K)
[2024-03-12T20:37:27.196+0000][0.410s] GC(0) Pause Young (Normal) (G1 Evacuation Pause) 29M->5M(512M) 2.921ms
[2024-03-12T20:37:27.196+0000][0.411s] GC(0) User=0.00s Sys=0.00s Real=0.00s
[2024-03-12T20:37:27.485+0000][0.699s] GC(1) Pause Young (Normal) (G1 Evacuation Pause)
[2024-03-12T20:37:27.485+0000][0.700s] GC(1) Using 22 workers of 23 for evacuation
[2024-03-12T20:37:27.489+0000][0.704s] GC(1)   Pre Evacuate Collection Set: 0.2ms
[2024-03-12T20:37:27.489+0000][0.704s] GC(1)   Merge Heap Roots: 0.2ms
[2024-03-12T20:37:27.489+0000][0.704s] GC(1)   Evacuate Collection Set: 2.9ms
[2024-03-12T20:37:27.490+0000][0.704s] GC(1)   Post Evacuate Collection Set: 0.6ms
[2024-03-12T20:37:27.490+0000][0.704s] GC(1)   Other: 0.4ms
[2024-03-12T20:37:27.490+0000][0.704s] GC(1) Eden regions: 59->0(75)
[2024-03-12T20:37:27.490+0000][0.704s] GC(1) Survivor regions: 4->8(8)
[2024-03-12T20:37:27.490+0000][0.704s] GC(1) Old regions: 1->10
[2024-03-12T20:37:27.490+0000][0.704s] GC(1) Archive regions: 2->2
[2024-03-12T20:37:27.490+0000][0.705s] GC(1) Humongous regions: 4->4
[2024-03-12T20:37:27.490+0000][0.705s] GC(1) Metaspace: 18177K(18432K)->18177K(18432K) NonClass: 15960K(16128K)->15960K(16128K) Class: 2217K(2304K)->2217K(2304K)
[2024-03-12T20:37:27.490+0000][0.705s] GC(1) Pause Young (Normal) (G1 Evacuation Pause) 68M->22M(512M) 5.329ms
[2024-03-12T20:37:27.490+0000][0.705s] GC(1) User=0.04s Sys=0.01s Real=0.00s
[2024-03-12T20:37:27.601+0000][0.816s] GC(2) Pause Young (Concurrent Start) (Metadata GC Threshold)
[2024-03-12T20:37:27.601+0000][0.816s] GC(2) Using 23 workers of 23 for evacuation
[2024-03-12T20:37:27.604+0000][0.819s] GC(2)   Pre Evacuate Collection Set: 0.2ms
[2024-03-12T20:37:27.605+0000][0.819s] GC(2)   Merge Heap Roots: 0.2ms
[2024-03-12T20:37:27.605+0000][0.819s] GC(2)   Evacuate Collection Set: 2.0ms
[2024-03-12T20:37:27.605+0000][0.819s] GC(2)   Post Evacuate Collection Set: 0.6ms
[2024-03-12T20:37:27.605+0000][0.820s] GC(2)   Other: 0.4ms
[2024-03-12T20:37:27.605+0000][0.820s] GC(2) Eden regions: 27->0(118)
[2024-03-12T20:37:27.605+0000][0.820s] GC(2) Survivor regions: 8->2(11)
[2024-03-12T20:37:27.605+0000][0.820s] GC(2) Old regions: 10->19
[2024-03-12T20:37:27.605+0000][0.820s] GC(2) Archive regions: 2->2
[2024-03-12T20:37:27.605+0000][0.820s] GC(2) Humongous regions: 4->4
[2024-03-12T20:37:27.606+0000][0.820s] GC(2) Metaspace: 21241K(21504K)->21241K(21504K) NonClass: 18639K(18752K)->18639K(18752K) Class: 2602K(2752K)->2602K(2752K)
[2024-03-12T20:37:27.606+0000][0.820s] GC(2) Pause Young (Concurrent Start) (Metadata GC Threshold) 48M->24M(512M) 4.635ms
[2024-03-12T20:37:27.606+0000][0.820s] GC(2) User=0.03s Sys=0.00s Real=0.01s
[2024-03-12T20:37:27.606+0000][0.821s] GC(3) Concurrent Mark Cycle
[2024-03-12T20:37:27.606+0000][0.821s] GC(3) Concurrent Clear Claimed Marks
[2024-03-12T20:37:27.606+0000][0.821s] GC(3) Concurrent Clear Claimed Marks 0.089ms
[2024-03-12T20:37:27.606+0000][0.821s] GC(3) Concurrent Scan Root Regions
[2024-03-12T20:37:27.607+0000][0.822s] GC(3) Concurrent Scan Root Regions 0.823ms
[2024-03-12T20:37:27.607+0000][0.822s] GC(3) Concurrent Mark
[2024-03-12T20:37:27.607+0000][0.822s] GC(3) Concurrent Mark From Roots
[2024-03-12T20:37:27.607+0000][0.822s] GC(3) Using 6 workers of 6 for marking
[2024-03-12T20:37:27.610+0000][0.824s] GC(3) Concurrent Mark From Roots 2.318ms
[2024-03-12T20:37:27.610+0000][0.824s] GC(3) Concurrent Preclean
[2024-03-12T20:37:27.610+0000][0.824s] GC(3) Concurrent Preclean 0.126ms
[2024-03-12T20:37:27.610+0000][0.825s] GC(3) Pause Remark
[2024-03-12T20:37:27.612+0000][0.826s] GC(3) Pause Remark 24M->24M(512M) 1.705ms
[2024-03-12T20:37:27.612+0000][0.826s] GC(3) User=0.01s Sys=0.00s Real=0.00s
[2024-03-12T20:37:27.612+0000][0.827s] GC(3) Concurrent Mark 4.852ms
[2024-03-12T20:37:27.612+0000][0.827s] GC(3) Concurrent Rebuild Remembered Sets
[2024-03-12T20:37:27.613+0000][0.828s] GC(3) Concurrent Rebuild Remembered Sets 1.062ms
[2024-03-12T20:37:27.613+0000][0.828s] GC(3) Pause Cleanup
[2024-03-12T20:37:27.614+0000][0.828s] GC(3) Pause Cleanup 24M->24M(512M) 0.339ms
[2024-03-12T20:37:27.614+0000][0.828s] GC(3) User=0.00s Sys=0.00s Real=0.00s
[2024-03-12T20:37:27.614+0000][0.829s] GC(3) Concurrent Cleanup for Next Mark
[2024-03-12T20:37:27.614+0000][0.829s] GC(3) Concurrent Cleanup for Next Mark 0.257ms
[2024-03-12T20:37:27.614+0000][0.829s] GC(3) Concurrent Mark Cycle 8.429ms
[2024-03-12T20:37:28.288+0000][1.502s] GC(4) Pause Young (Prepare Mixed) (Metadata GC Threshold)
[2024-03-12T20:37:28.288+0000][1.503s] GC(4) Using 23 workers of 23 for evacuation
[2024-03-12T20:37:28.292+0000][1.506s] GC(4)   Pre Evacuate Collection Set: 0.2ms
[2024-03-12T20:37:28.292+0000][1.506s] GC(4)   Merge Heap Roots: 0.2ms
[2024-03-12T20:37:28.292+0000][1.507s] GC(4)   Evacuate Collection Set: 1.9ms
[2024-03-12T20:37:28.292+0000][1.507s] GC(4)   Post Evacuate Collection Set: 1.1ms
[2024-03-12T20:37:28.292+0000][1.507s] GC(4)   Other: 0.4ms
[2024-03-12T20:37:28.292+0000][1.507s] GC(4) Eden regions: 99->0(18)
[2024-03-12T20:37:28.292+0000][1.507s] GC(4) Survivor regions: 2->7(15)
[2024-03-12T20:37:28.292+0000][1.507s] GC(4) Old regions: 19->19
[2024-03-12T20:37:28.292+0000][1.507s] GC(4) Archive regions: 2->2
[2024-03-12T20:37:28.293+0000][1.507s] GC(4) Humongous regions: 4->4
[2024-03-12T20:37:28.293+0000][1.507s] GC(4) Metaspace: 35762K(36160K)->35762K(36160K) NonClass: 31306K(31488K)->31306K(31488K) Class: 4455K(4672K)->4455K(4672K)
[2024-03-12T20:37:28.293+0000][1.507s] GC(4) Pause Young (Prepare Mixed) (Metadata GC Threshold) 122M->29M(512M) 4.904ms
[2024-03-12T20:37:28.293+0000][1.507s] GC(4) User=0.02s Sys=0.00s Real=0.00s
[2024-03-12T20:37:28.303+0000][1.517s] GC(5) Pause Young (Mixed) (Metadata GC Threshold)
[2024-03-12T20:37:28.303+0000][1.517s] GC(5) Using 23 workers of 23 for evacuation
[2024-03-12T20:37:28.306+0000][1.520s] GC(5)   Pre Evacuate Collection Set: 0.2ms
[2024-03-12T20:37:28.306+0000][1.520s] GC(5)   Merge Heap Roots: 0.2ms
[2024-03-12T20:37:28.306+0000][1.521s] GC(5)   Evacuate Collection Set: 1.6ms
[2024-03-12T20:37:28.306+0000][1.521s] GC(5)   Post Evacuate Collection Set: 0.6ms
[2024-03-12T20:37:28.306+0000][1.521s] GC(5)   Other: 0.4ms
[2024-03-12T20:37:28.306+0000][1.521s] GC(5) Eden regions: 3->0(306)
[2024-03-12T20:37:28.306+0000][1.521s] GC(5) Survivor regions: 7->1(4)
[2024-03-12T20:37:28.307+0000][1.521s] GC(5) Old regions: 19->25
[2024-03-12T20:37:28.307+0000][1.521s] GC(5) Archive regions: 2->2
[2024-03-12T20:37:28.307+0000][1.521s] GC(5) Humongous regions: 4->4
[2024-03-12T20:37:28.307+0000][1.521s] GC(5) Metaspace: 36097K(36480K)->36097K(36480K) NonClass: 31593K(31744K)->31593K(31744K) Class: 4504K(4736K)->4504K(4736K)
[2024-03-12T20:37:28.307+0000][1.521s] GC(5) Pause Young (Mixed) (Metadata GC Threshold) 31M->30M(512M) 4.288ms
[2024-03-12T20:37:28.307+0000][1.522s] GC(5) User=0.01s Sys=0.00s Real=0.01s
[2024-03-12T20:37:28.313+0000][1.527s] GC(6) Pause Young (Concurrent Start) (Metadata GC Threshold)
[2024-03-12T20:37:28.313+0000][1.527s] GC(6) Using 23 workers of 23 for evacuation
[2024-03-12T20:37:28.315+0000][1.529s] GC(6)   Pre Evacuate Collection Set: 0.2ms
[2024-03-12T20:37:28.315+0000][1.530s] GC(6)   Merge Heap Roots: 0.2ms
[2024-03-12T20:37:28.315+0000][1.530s] GC(6)   Evacuate Collection Set: 0.7ms
[2024-03-12T20:37:28.315+0000][1.530s] GC(6)   Post Evacuate Collection Set: 0.7ms
[2024-03-12T20:37:28.315+0000][1.530s] GC(6)   Other: 0.4ms
[2024-03-12T20:37:28.315+0000][1.530s] GC(6) Eden regions: 2->0(306)
[2024-03-12T20:37:28.316+0000][1.530s] GC(6) Survivor regions: 1->1(39)
[2024-03-12T20:37:28.316+0000][1.530s] GC(6) Old regions: 25->25
[2024-03-12T20:37:28.316+0000][1.530s] GC(6) Archive regions: 2->2
[2024-03-12T20:37:28.316+0000][1.530s] GC(6) Humongous regions: 4->4
[2024-03-12T20:37:28.316+0000][1.530s] GC(6) Metaspace: 36467K(36800K)->36467K(36800K) NonClass: 31917K(32064K)->31917K(32064K) Class: 4550K(4736K)->4550K(4736K)
[2024-03-12T20:37:28.316+0000][1.530s] GC(6) Pause Young (Concurrent Start) (Metadata GC Threshold) 32M->29M(512M) 3.274ms
[2024-03-12T20:37:28.316+0000][1.531s] GC(6) User=0.00s Sys=0.00s Real=0.01s
[2024-03-12T20:37:28.316+0000][1.531s] GC(7) Concurrent Mark Cycle
[2024-03-12T20:37:28.316+0000][1.531s] GC(7) Concurrent Clear Claimed Marks
[2024-03-12T20:37:28.316+0000][1.531s] GC(7) Concurrent Clear Claimed Marks 0.094ms
[2024-03-12T20:37:28.316+0000][1.531s] GC(7) Concurrent Scan Root Regions
[2024-03-12T20:37:28.317+0000][1.531s] GC(7) Concurrent Scan Root Regions 0.505ms
[2024-03-12T20:37:28.317+0000][1.532s] GC(7) Concurrent Mark
[2024-03-12T20:37:28.317+0000][1.532s] GC(7) Concurrent Mark From Roots
[2024-03-12T20:37:28.317+0000][1.532s] GC(7) Using 6 workers of 6 for marking
[2024-03-12T20:37:28.322+0000][1.537s] GC(7) Concurrent Mark From Roots 5.060ms
[2024-03-12T20:37:28.322+0000][1.537s] GC(7) Concurrent Preclean
[2024-03-12T20:37:28.323+0000][1.537s] GC(7) Concurrent Preclean 0.259ms
[2024-03-12T20:37:28.323+0000][1.538s] GC(7) Pause Remark
[2024-03-12T20:37:28.325+0000][1.539s] GC(7) Pause Remark 31M->31M(512M) 1.678ms
[2024-03-12T20:37:28.325+0000][1.539s] GC(7) User=0.00s Sys=0.00s Real=0.00s
[2024-03-12T20:37:28.325+0000][1.540s] GC(7) Concurrent Mark 7.934ms
[2024-03-12T20:37:28.325+0000][1.540s] GC(7) Concurrent Rebuild Remembered Sets
[2024-03-12T20:37:28.327+0000][1.541s] GC(7) Concurrent Rebuild Remembered Sets 1.762ms
[2024-03-12T20:37:28.327+0000][1.542s] GC(7) Pause Cleanup
[2024-03-12T20:37:28.328+0000][1.542s] GC(7) Pause Cleanup 32M->32M(512M) 0.335ms
[2024-03-12T20:37:28.328+0000][1.542s] GC(7) User=0.00s Sys=0.00s Real=0.00s
[2024-03-12T20:37:28.328+0000][1.542s] GC(7) Concurrent Cleanup for Next Mark
[2024-03-12T20:37:28.328+0000][1.543s] GC(7) Concurrent Cleanup for Next Mark 0.356ms
[2024-03-12T20:37:28.328+0000][1.543s] GC(7) Concurrent Mark Cycle 12.321ms
[2024-03-12T21:26:28.911+0000][2942.134s] Heap
[2024-03-12T21:26:28.912+0000][2942.134s]  garbage-first heap   total 524288K, used 213624K [0x00000000e0000000, 0x0000000100000000)
[2024-03-12T21:26:28.912+0000][2942.134s]   region size 1024K, 181 young (185344K), 1 survivors (1024K)
[2024-03-12T21:26:28.912+0000][2942.134s]  Metaspace       used 54384K, committed 54976K, reserved 1114112K
[2024-03-12T21:26:28.912+0000][2942.134s]   class space    used 7016K, committed 7296K, reserved 1048576K
