[2024-03-11T19:55:11.435+0000][0.028s] Using G1
[2024-03-11T19:55:11.469+0000][0.062s] Version: 17.0.10+7 (release)
[2024-03-11T19:55:11.469+0000][0.062s] CPUs: 32 total, 32 available
[2024-03-11T19:55:11.470+0000][0.063s] Memory: 15875M
[2024-03-11T19:55:11.470+0000][0.063s] Large Page Support: Disabled
[2024-03-11T19:55:11.470+0000][0.063s] NUMA Support: Disabled
[2024-03-11T19:55:11.471+0000][0.064s] Compressed Oops: Enabled (32-bit)
[2024-03-11T19:55:11.471+0000][0.064s] Heap Region Size: 1M
[2024-03-11T19:55:11.471+0000][0.064s] Heap Min Capacity: 512M
[2024-03-11T19:55:11.471+0000][0.064s] Heap Initial Capacity: 512M
[2024-03-11T19:55:11.472+0000][0.065s] Heap Max Capacity: 512M
[2024-03-11T19:55:11.472+0000][0.065s] Pre-touch: Enabled
[2024-03-11T19:55:11.472+0000][0.065s] Parallel Workers: 23
[2024-03-11T19:55:11.472+0000][0.065s] Concurrent Workers: 6
[2024-03-11T19:55:11.472+0000][0.065s] Concurrent Refinement Workers: 23
[2024-03-11T19:55:11.473+0000][0.065s] Periodic GC: Disabled
[2024-03-11T19:55:11.476+0000][0.069s] CDS archive(s) mapped at: [0x00007fdfe7000000-0x00007fdfe7a5f000-0x00007fdfe7a5f000), size 10874880, SharedBaseAddress: 0x00007fdfe7000000, ArchiveRelocationMode: 1.
[2024-03-11T19:55:11.476+0000][0.069s] Compressed class space mapped at: 0x00007fdfe8000000-0x00007fe028000000, reserved size: 1073741824
[2024-03-11T19:55:11.476+0000][0.069s] Narrow klass base: 0x00007fdfe7000000, Narrow klass shift: 0, Narrow klass range: 0x100000000
[2024-03-11T19:55:11.806+0000][0.399s] GC(0) Pause Young (Normal) (G1 Evacuation Pause)
[2024-03-11T19:55:11.806+0000][0.399s] GC(0) Using 12 workers of 23 for evacuation
[2024-03-11T19:55:11.808+0000][0.401s] GC(0)   Pre Evacuate Collection Set: 0.1ms
[2024-03-11T19:55:11.808+0000][0.401s] GC(0)   Merge Heap Roots: 0.1ms
[2024-03-11T19:55:11.808+0000][0.401s] GC(0)   Evacuate Collection Set: 1.1ms
[2024-03-11T19:55:11.808+0000][0.401s] GC(0)   Post Evacuate Collection Set: 0.4ms
[2024-03-11T19:55:11.808+0000][0.401s] GC(0)   Other: 0.3ms
[2024-03-11T19:55:11.808+0000][0.401s] GC(0) Eden regions: 29->0(58)
[2024-03-11T19:55:11.808+0000][0.401s] GC(0) Survivor regions: 0->4(4)
[2024-03-11T19:55:11.808+0000][0.401s] GC(0) Old regions: 0->1
[2024-03-11T19:55:11.809+0000][0.401s] GC(0) Archive regions: 2->2
[2024-03-11T19:55:11.809+0000][0.402s] GC(0) Humongous regions: 0->0
[2024-03-11T19:55:11.809+0000][0.402s] GC(0) Metaspace: 9902K(10176K)->9902K(10176K) NonClass: 8692K(8832K)->8692K(8832K) Class: 1210K(1344K)->1210K(1344K)
[2024-03-11T19:55:11.809+0000][0.402s] GC(0) Pause Young (Normal) (G1 Evacuation Pause) 29M->5M(512M) 2.934ms
[2024-03-11T19:55:11.809+0000][0.402s] GC(0) User=0.01s Sys=0.00s Real=0.00s
[2024-03-11T19:55:12.079+0000][0.672s] GC(1) Pause Young (Normal) (G1 Evacuation Pause)
[2024-03-11T19:55:12.080+0000][0.673s] GC(1) Using 22 workers of 23 for evacuation
[2024-03-11T19:55:12.083+0000][0.676s] GC(1)   Pre Evacuate Collection Set: 0.2ms
[2024-03-11T19:55:12.084+0000][0.677s] GC(1)   Merge Heap Roots: 0.2ms
[2024-03-11T19:55:12.084+0000][0.677s] GC(1)   Evacuate Collection Set: 2.6ms
[2024-03-11T19:55:12.084+0000][0.677s] GC(1)   Post Evacuate Collection Set: 0.6ms
[2024-03-11T19:55:12.084+0000][0.677s] GC(1)   Other: 0.4ms
[2024-03-11T19:55:12.084+0000][0.677s] GC(1) Eden regions: 58->0(74)
[2024-03-11T19:55:12.084+0000][0.677s] GC(1) Survivor regions: 4->8(8)
[2024-03-11T19:55:12.084+0000][0.677s] GC(1) Old regions: 1->10
[2024-03-11T19:55:12.084+0000][0.677s] GC(1) Archive regions: 2->2
[2024-03-11T19:55:12.085+0000][0.677s] GC(1) Humongous regions: 4->4
[2024-03-11T19:55:12.085+0000][0.677s] GC(1) Metaspace: 18159K(18432K)->18159K(18432K) NonClass: 15943K(16128K)->15943K(16128K) Class: 2215K(2304K)->2215K(2304K)
[2024-03-11T19:55:12.085+0000][0.678s] GC(1) Pause Young (Normal) (G1 Evacuation Pause) 67M->22M(512M) 5.201ms
[2024-03-11T19:55:12.085+0000][0.678s] GC(1) User=0.05s Sys=0.00s Real=0.01s
[2024-03-11T19:55:12.199+0000][0.792s] GC(2) Pause Young (Concurrent Start) (Metadata GC Threshold)
[2024-03-11T19:55:12.199+0000][0.792s] GC(2) Using 23 workers of 23 for evacuation
[2024-03-11T19:55:12.202+0000][0.795s] GC(2)   Pre Evacuate Collection Set: 0.2ms
[2024-03-11T19:55:12.202+0000][0.795s] GC(2)   Merge Heap Roots: 0.2ms
[2024-03-11T19:55:12.202+0000][0.795s] GC(2)   Evacuate Collection Set: 1.9ms
[2024-03-11T19:55:12.202+0000][0.795s] GC(2)   Post Evacuate Collection Set: 0.6ms
[2024-03-11T19:55:12.203+0000][0.795s] GC(2)   Other: 0.5ms
[2024-03-11T19:55:12.203+0000][0.796s] GC(2) Eden regions: 27->0(94)
[2024-03-11T19:55:12.203+0000][0.796s] GC(2) Survivor regions: 8->7(11)
[2024-03-11T19:55:12.203+0000][0.796s] GC(2) Old regions: 10->13
[2024-03-11T19:55:12.203+0000][0.796s] GC(2) Archive regions: 2->2
[2024-03-11T19:55:12.203+0000][0.796s] GC(2) Humongous regions: 4->4
[2024-03-11T19:55:12.203+0000][0.796s] GC(2) Metaspace: 21177K(21504K)->21177K(21504K) NonClass: 18583K(18752K)->18583K(18752K) Class: 2593K(2752K)->2593K(2752K)
[2024-03-11T19:55:12.203+0000][0.796s] GC(2) Pause Young (Concurrent Start) (Metadata GC Threshold) 49M->24M(512M) 4.301ms
[2024-03-11T19:55:12.203+0000][0.796s] GC(2) User=0.03s Sys=0.00s Real=0.01s
[2024-03-11T19:55:12.203+0000][0.796s] GC(3) Concurrent Mark Cycle
[2024-03-11T19:55:12.203+0000][0.796s] GC(3) Concurrent Clear Claimed Marks
[2024-03-11T19:55:12.204+0000][0.796s] GC(3) Concurrent Clear Claimed Marks 0.099ms
[2024-03-11T19:55:12.204+0000][0.797s] GC(3) Concurrent Scan Root Regions
[2024-03-11T19:55:12.204+0000][0.797s] GC(3) Concurrent Scan Root Regions 0.819ms
[2024-03-11T19:55:12.205+0000][0.797s] GC(3) Concurrent Mark
[2024-03-11T19:55:12.205+0000][0.798s] GC(3) Concurrent Mark From Roots
[2024-03-11T19:55:12.205+0000][0.798s] GC(3) Using 6 workers of 6 for marking
[2024-03-11T19:55:12.207+0000][0.800s] GC(3) Concurrent Mark From Roots 2.142ms
[2024-03-11T19:55:12.207+0000][0.800s] GC(3) Concurrent Preclean
[2024-03-11T19:55:12.207+0000][0.800s] GC(3) Concurrent Preclean 0.172ms
[2024-03-11T19:55:12.207+0000][0.800s] GC(3) Pause Remark
[2024-03-11T19:55:12.209+0000][0.802s] GC(3) Pause Remark 25M->25M(512M) 1.574ms
[2024-03-11T19:55:12.209+0000][0.802s] GC(3) User=0.01s Sys=0.00s Real=0.00s
[2024-03-11T19:55:12.209+0000][0.802s] GC(3) Concurrent Mark 4.715ms
[2024-03-11T19:55:12.209+0000][0.802s] GC(3) Concurrent Rebuild Remembered Sets
[2024-03-11T19:55:12.210+0000][0.803s] GC(3) Concurrent Rebuild Remembered Sets 0.941ms
[2024-03-11T19:55:12.211+0000][0.803s] GC(3) Pause Cleanup
[2024-03-11T19:55:12.211+0000][0.804s] GC(3) Pause Cleanup 25M->25M(512M) 0.298ms
[2024-03-11T19:55:12.211+0000][0.804s] GC(3) User=0.00s Sys=0.00s Real=0.00s
[2024-03-11T19:55:12.211+0000][0.804s] GC(3) Concurrent Cleanup for Next Mark
[2024-03-11T19:55:12.211+0000][0.804s] GC(3) Concurrent Cleanup for Next Mark 0.264ms
[2024-03-11T19:55:12.211+0000][0.804s] GC(3) Concurrent Mark Cycle 8.096ms
[2024-03-11T19:55:12.701+0000][1.294s] GC(4) Pause Young (Normal) (G1 Evacuation Pause)
[2024-03-11T19:55:12.701+0000][1.294s] GC(4) Using 23 workers of 23 for evacuation
[2024-03-11T19:55:12.705+0000][1.298s] GC(4)   Pre Evacuate Collection Set: 0.2ms
[2024-03-11T19:55:12.705+0000][1.298s] GC(4)   Merge Heap Roots: 0.2ms
[2024-03-11T19:55:12.705+0000][1.298s] GC(4)   Evacuate Collection Set: 2.2ms
[2024-03-11T19:55:12.705+0000][1.298s] GC(4)   Post Evacuate Collection Set: 1.2ms
[2024-03-11T19:55:12.705+0000][1.298s] GC(4)   Other: 0.4ms
[2024-03-11T19:55:12.706+0000][1.298s] GC(4) Eden regions: 94->0(295)
[2024-03-11T19:55:12.706+0000][1.299s] GC(4) Survivor regions: 7->12(13)
[2024-03-11T19:55:12.706+0000][1.299s] GC(4) Old regions: 13->13
[2024-03-11T19:55:12.706+0000][1.299s] GC(4) Archive regions: 2->2
[2024-03-11T19:55:12.706+0000][1.299s] GC(4) Humongous regions: 4->4
[2024-03-11T19:55:12.706+0000][1.299s] GC(4) Metaspace: 32854K(33216K)->32854K(33216K) NonClass: 28804K(28992K)->28804K(28992K) Class: 4050K(4224K)->4050K(4224K)
[2024-03-11T19:55:12.706+0000][1.299s] GC(4) Pause Young (Normal) (G1 Evacuation Pause) 118M->28M(512M) 5.297ms
[2024-03-11T19:55:12.706+0000][1.299s] GC(4) User=0.02s Sys=0.01s Real=0.00s
[2024-03-11T19:55:12.986+0000][1.579s] GC(5) Pause Young (Concurrent Start) (Metadata GC Threshold)
[2024-03-11T19:55:12.986+0000][1.579s] GC(5) Using 23 workers of 23 for evacuation
[2024-03-11T19:55:12.990+0000][1.583s] GC(5)   Pre Evacuate Collection Set: 0.3ms
[2024-03-11T19:55:12.990+0000][1.583s] GC(5)   Merge Heap Roots: 0.2ms
[2024-03-11T19:55:12.991+0000][1.583s] GC(5)   Evacuate Collection Set: 2.0ms
[2024-03-11T19:55:12.991+0000][1.584s] GC(5)   Post Evacuate Collection Set: 1.1ms
[2024-03-11T19:55:12.991+0000][1.584s] GC(5)   Other: 0.8ms
[2024-03-11T19:55:12.991+0000][1.584s] GC(5) Eden regions: 34->0(293)
[2024-03-11T19:55:12.991+0000][1.584s] GC(5) Survivor regions: 12->14(39)
[2024-03-11T19:55:12.991+0000][1.584s] GC(5) Old regions: 13->13
[2024-03-11T19:55:12.991+0000][1.584s] GC(5) Archive regions: 2->2
[2024-03-11T19:55:12.991+0000][1.584s] GC(5) Humongous regions: 4->4
[2024-03-11T19:55:12.991+0000][1.584s] GC(5) Metaspace: 35799K(36160K)->35799K(36160K) NonClass: 31338K(31488K)->31338K(31488K) Class: 4461K(4672K)->4461K(4672K)
[2024-03-11T19:55:12.992+0000][1.584s] GC(5) Pause Young (Concurrent Start) (Metadata GC Threshold) 62M->30M(512M) 5.887ms
[2024-03-11T19:55:12.992+0000][1.585s] GC(5) User=0.03s Sys=0.00s Real=0.01s
[2024-03-11T19:55:12.992+0000][1.585s] GC(6) Concurrent Mark Cycle
[2024-03-11T19:55:12.992+0000][1.585s] GC(6) Concurrent Clear Claimed Marks
[2024-03-11T19:55:12.992+0000][1.585s] GC(6) Concurrent Clear Claimed Marks 0.143ms
[2024-03-11T19:55:12.992+0000][1.585s] GC(6) Concurrent Scan Root Regions
[2024-03-11T19:55:12.993+0000][1.586s] GC(6) Concurrent Scan Root Regions 0.847ms
[2024-03-11T19:55:12.993+0000][1.586s] GC(6) Concurrent Mark
[2024-03-11T19:55:12.993+0000][1.586s] GC(6) Concurrent Mark From Roots
[2024-03-11T19:55:12.993+0000][1.586s] GC(6) Using 6 workers of 6 for marking
[2024-03-11T19:55:12.996+0000][1.589s] GC(6) Concurrent Mark From Roots 2.493ms
[2024-03-11T19:55:12.996+0000][1.589s] GC(6) Concurrent Preclean
[2024-03-11T19:55:12.996+0000][1.589s] GC(6) Concurrent Preclean 0.154ms
[2024-03-11T19:55:12.996+0000][1.589s] GC(6) Pause Remark
[2024-03-11T19:55:12.998+0000][1.591s] GC(6) Pause Remark 31M->31M(512M) 1.550ms
[2024-03-11T19:55:12.998+0000][1.591s] GC(6) User=0.00s Sys=0.00s Real=0.00s
[2024-03-11T19:55:12.998+0000][1.591s] GC(6) Concurrent Mark 4.967ms
[2024-03-11T19:55:12.998+0000][1.591s] GC(6) Concurrent Rebuild Remembered Sets
[2024-03-11T19:55:12.999+0000][1.592s] GC(6) Concurrent Rebuild Remembered Sets 0.975ms
[2024-03-11T19:55:12.999+0000][1.592s] GC(6) Pause Cleanup
[2024-03-11T19:55:13.000+0000][1.593s] GC(6) Pause Cleanup 31M->31M(512M) 0.281ms
[2024-03-11T19:55:13.000+0000][1.593s] GC(6) User=0.00s Sys=0.00s Real=0.00s
[2024-03-11T19:55:13.000+0000][1.593s] GC(6) Concurrent Cleanup for Next Mark
[2024-03-11T19:55:13.000+0000][1.593s] GC(6) Concurrent Cleanup for Next Mark 0.236ms
[2024-03-11T19:55:13.000+0000][1.593s] GC(6) Concurrent Mark Cycle 8.431ms
[2024-03-11T19:55:17.850+0000][6.443s] Heap
[2024-03-11T19:55:17.850+0000][6.443s]  garbage-first heap   total 524288K, used 109385K [0x00000000e0000000, 0x0000000100000000)
[2024-03-11T19:55:17.850+0000][6.443s]   region size 1024K, 91 young (93184K), 14 survivors (14336K)
[2024-03-11T19:55:17.850+0000][6.443s]  Metaspace       used 43445K, committed 43840K, reserved 1114112K
[2024-03-11T19:55:17.850+0000][6.443s]   class space    used 5544K, committed 5760K, reserved 1048576K
