[2024-03-10T18:06:27.865+0000][0.029s] Using G1
[2024-03-10T18:06:27.898+0000][0.061s] Version: 17.0.10+7 (release)
[2024-03-10T18:06:27.898+0000][0.062s] CPUs: 32 total, 32 available
[2024-03-10T18:06:27.899+0000][0.062s] Memory: 15875M
[2024-03-10T18:06:27.899+0000][0.062s] Large Page Support: Disabled
[2024-03-10T18:06:27.899+0000][0.063s] NUMA Support: Disabled
[2024-03-10T18:06:27.899+0000][0.063s] Compressed Oops: Enabled (32-bit)
[2024-03-10T18:06:27.900+0000][0.063s] Heap Region Size: 1M
[2024-03-10T18:06:27.900+0000][0.063s] Heap Min Capacity: 512M
[2024-03-10T18:06:27.900+0000][0.063s] Heap Initial Capacity: 512M
[2024-03-10T18:06:27.900+0000][0.064s] Heap Max Capacity: 512M
[2024-03-10T18:06:27.900+0000][0.064s] Pre-touch: Enabled
[2024-03-10T18:06:27.901+0000][0.064s] Parallel Workers: 23
[2024-03-10T18:06:27.901+0000][0.065s] Concurrent Workers: 6
[2024-03-10T18:06:27.901+0000][0.065s] Concurrent Refinement Workers: 23
[2024-03-10T18:06:27.902+0000][0.065s] Periodic GC: Disabled
[2024-03-10T18:06:27.906+0000][0.070s] CDS archive(s) mapped at: [0x00007f596f000000-0x00007f596fa5f000-0x00007f596fa5f000), size 10874880, SharedBaseAddress: 0x00007f596f000000, ArchiveRelocationMode: 1.
[2024-03-10T18:06:27.907+0000][0.070s] Compressed class space mapped at: 0x00007f5970000000-0x00007f59b0000000, reserved size: 1073741824
[2024-03-10T18:06:27.907+0000][0.070s] Narrow klass base: 0x00007f596f000000, Narrow klass shift: 0, Narrow klass range: 0x100000000
[2024-03-10T18:06:28.238+0000][0.402s] GC(0) Pause Young (Normal) (G1 Evacuation Pause)
[2024-03-10T18:06:28.239+0000][0.402s] GC(0) Using 12 workers of 23 for evacuation
[2024-03-10T18:06:28.240+0000][0.404s] GC(0)   Pre Evacuate Collection Set: 0.1ms
[2024-03-10T18:06:28.241+0000][0.404s] GC(0)   Merge Heap Roots: 0.1ms
[2024-03-10T18:06:28.241+0000][0.404s] GC(0)   Evacuate Collection Set: 1.1ms
[2024-03-10T18:06:28.241+0000][0.404s] GC(0)   Post Evacuate Collection Set: 0.4ms
[2024-03-10T18:06:28.241+0000][0.404s] GC(0)   Other: 0.3ms
[2024-03-10T18:06:28.241+0000][0.404s] GC(0) Eden regions: 29->0(59)
[2024-03-10T18:06:28.241+0000][0.405s] GC(0) Survivor regions: 0->4(4)
[2024-03-10T18:06:28.241+0000][0.405s] GC(0) Old regions: 0->1
[2024-03-10T18:06:28.241+0000][0.405s] GC(0) Archive regions: 2->2
[2024-03-10T18:06:28.241+0000][0.405s] GC(0) Humongous regions: 0->0
[2024-03-10T18:06:28.241+0000][0.405s] GC(0) Metaspace: 9898K(10176K)->9898K(10176K) NonClass: 8687K(8832K)->8687K(8832K) Class: 1210K(1344K)->1210K(1344K)
[2024-03-10T18:06:28.241+0000][0.405s] GC(0) Pause Young (Normal) (G1 Evacuation Pause) 29M->5M(512M) 2.895ms
[2024-03-10T18:06:28.241+0000][0.405s] GC(0) User=0.01s Sys=0.01s Real=0.01s
[2024-03-10T18:06:28.511+0000][0.675s] GC(1) Pause Young (Normal) (G1 Evacuation Pause)
[2024-03-10T18:06:28.511+0000][0.675s] GC(1) Using 22 workers of 23 for evacuation
[2024-03-10T18:06:28.515+0000][0.679s] GC(1)   Pre Evacuate Collection Set: 0.2ms
[2024-03-10T18:06:28.515+0000][0.679s] GC(1)   Merge Heap Roots: 0.2ms
[2024-03-10T18:06:28.516+0000][0.679s] GC(1)   Evacuate Collection Set: 2.8ms
[2024-03-10T18:06:28.516+0000][0.679s] GC(1)   Post Evacuate Collection Set: 0.6ms
[2024-03-10T18:06:28.516+0000][0.679s] GC(1)   Other: 0.4ms
[2024-03-10T18:06:28.516+0000][0.679s] GC(1) Eden regions: 59->0(75)
[2024-03-10T18:06:28.516+0000][0.679s] GC(1) Survivor regions: 4->8(8)
[2024-03-10T18:06:28.516+0000][0.680s] GC(1) Old regions: 1->10
[2024-03-10T18:06:28.516+0000][0.680s] GC(1) Archive regions: 2->2
[2024-03-10T18:06:28.516+0000][0.680s] GC(1) Humongous regions: 4->4
[2024-03-10T18:06:28.516+0000][0.680s] GC(1) Metaspace: 18184K(18432K)->18184K(18432K) NonClass: 15967K(16128K)->15967K(16128K) Class: 2216K(2304K)->2216K(2304K)
[2024-03-10T18:06:28.516+0000][0.680s] GC(1) Pause Young (Normal) (G1 Evacuation Pause) 68M->22M(512M) 5.175ms
[2024-03-10T18:06:28.516+0000][0.680s] GC(1) User=0.03s Sys=0.01s Real=0.00s
[2024-03-10T18:06:28.636+0000][0.800s] GC(2) Pause Young (Concurrent Start) (Metadata GC Threshold)
[2024-03-10T18:06:28.636+0000][0.800s] GC(2) Using 23 workers of 23 for evacuation
[2024-03-10T18:06:28.639+0000][0.803s] GC(2)   Pre Evacuate Collection Set: 0.3ms
[2024-03-10T18:06:28.639+0000][0.803s] GC(2)   Merge Heap Roots: 0.2ms
[2024-03-10T18:06:28.639+0000][0.803s] GC(2)   Evacuate Collection Set: 1.7ms
[2024-03-10T18:06:28.640+0000][0.803s] GC(2)   Post Evacuate Collection Set: 0.6ms
[2024-03-10T18:06:28.640+0000][0.803s] GC(2)   Other: 0.5ms
[2024-03-10T18:06:28.640+0000][0.803s] GC(2) Eden regions: 27->0(117)
[2024-03-10T18:06:28.640+0000][0.803s] GC(2) Survivor regions: 8->2(11)
[2024-03-10T18:06:28.640+0000][0.803s] GC(2) Old regions: 10->18
[2024-03-10T18:06:28.640+0000][0.804s] GC(2) Archive regions: 2->2
[2024-03-10T18:06:28.640+0000][0.804s] GC(2) Humongous regions: 4->4
[2024-03-10T18:06:28.640+0000][0.804s] GC(2) Metaspace: 21198K(21504K)->21198K(21504K) NonClass: 18604K(18752K)->18604K(18752K) Class: 2593K(2752K)->2593K(2752K)
[2024-03-10T18:06:28.640+0000][0.804s] GC(2) Pause Young (Concurrent Start) (Metadata GC Threshold) 49M->24M(512M) 4.201ms
[2024-03-10T18:06:28.640+0000][0.804s] GC(2) User=0.00s Sys=0.02s Real=0.01s
[2024-03-10T18:06:28.640+0000][0.804s] GC(3) Concurrent Mark Cycle
[2024-03-10T18:06:28.641+0000][0.804s] GC(3) Concurrent Clear Claimed Marks
[2024-03-10T18:06:28.641+0000][0.804s] GC(3) Concurrent Clear Claimed Marks 0.100ms
[2024-03-10T18:06:28.641+0000][0.804s] GC(3) Concurrent Scan Root Regions
[2024-03-10T18:06:28.642+0000][0.805s] GC(3) Concurrent Scan Root Regions 0.864ms
[2024-03-10T18:06:28.642+0000][0.805s] GC(3) Concurrent Mark
[2024-03-10T18:06:28.642+0000][0.805s] GC(3) Concurrent Mark From Roots
[2024-03-10T18:06:28.642+0000][0.805s] GC(3) Using 6 workers of 6 for marking
[2024-03-10T18:06:28.644+0000][0.808s] GC(3) Concurrent Mark From Roots 2.282ms
[2024-03-10T18:06:28.644+0000][0.808s] GC(3) Concurrent Preclean
[2024-03-10T18:06:28.644+0000][0.808s] GC(3) Concurrent Preclean 0.142ms
[2024-03-10T18:06:28.645+0000][0.808s] GC(3) Pause Remark
[2024-03-10T18:06:28.646+0000][0.810s] GC(3) Pause Remark 25M->25M(512M) 1.559ms
[2024-03-10T18:06:28.646+0000][0.810s] GC(3) User=0.01s Sys=0.00s Real=0.00s
[2024-03-10T18:06:28.646+0000][0.810s] GC(3) Concurrent Mark 4.741ms
[2024-03-10T18:06:28.647+0000][0.810s] GC(3) Concurrent Rebuild Remembered Sets
[2024-03-10T18:06:28.648+0000][0.811s] GC(3) Concurrent Rebuild Remembered Sets 1.094ms
[2024-03-10T18:06:28.648+0000][0.811s] GC(3) Pause Cleanup
[2024-03-10T18:06:28.648+0000][0.812s] GC(3) Pause Cleanup 25M->25M(512M) 0.286ms
[2024-03-10T18:06:28.648+0000][0.812s] GC(3) User=0.00s Sys=0.00s Real=0.00s
[2024-03-10T18:06:28.648+0000][0.812s] GC(3) Concurrent Cleanup for Next Mark
[2024-03-10T18:06:28.649+0000][0.812s] GC(3) Concurrent Cleanup for Next Mark 0.283ms
[2024-03-10T18:06:28.649+0000][0.812s] GC(3) Concurrent Mark Cycle 8.375ms
[2024-03-10T18:06:29.300+0000][1.463s] GC(4) Pause Young (Prepare Mixed) (Metadata GC Threshold)
[2024-03-10T18:06:29.300+0000][1.464s] GC(4) Using 23 workers of 23 for evacuation
[2024-03-10T18:06:29.304+0000][1.467s] GC(4)   Pre Evacuate Collection Set: 0.3ms
[2024-03-10T18:06:29.304+0000][1.467s] GC(4)   Merge Heap Roots: 0.2ms
[2024-03-10T18:06:29.304+0000][1.467s] GC(4)   Evacuate Collection Set: 2.0ms
[2024-03-10T18:06:29.304+0000][1.467s] GC(4)   Post Evacuate Collection Set: 1.1ms
[2024-03-10T18:06:29.304+0000][1.468s] GC(4)   Other: 0.2ms
[2024-03-10T18:06:29.304+0000][1.468s] GC(4) Eden regions: 108->0(18)
[2024-03-10T18:06:29.304+0000][1.468s] GC(4) Survivor regions: 2->7(15)
[2024-03-10T18:06:29.304+0000][1.468s] GC(4) Old regions: 18->18
[2024-03-10T18:06:29.304+0000][1.468s] GC(4) Archive regions: 2->2
[2024-03-10T18:06:29.304+0000][1.468s] GC(4) Humongous regions: 4->4
[2024-03-10T18:06:29.305+0000][1.468s] GC(4) Metaspace: 35797K(36160K)->35797K(36160K) NonClass: 31335K(31488K)->31335K(31488K) Class: 4461K(4672K)->4461K(4672K)
[2024-03-10T18:06:29.305+0000][1.468s] GC(4) Pause Young (Prepare Mixed) (Metadata GC Threshold) 132M->29M(512M) 4.842ms
[2024-03-10T18:06:29.305+0000][1.468s] GC(4) User=0.01s Sys=0.00s Real=0.00s
[2024-03-10T18:06:29.310+0000][1.474s] GC(5) Pause Young (Mixed) (Metadata GC Threshold)
[2024-03-10T18:06:29.310+0000][1.474s] GC(5) Using 23 workers of 23 for evacuation
[2024-03-10T18:06:29.313+0000][1.476s] GC(5)   Pre Evacuate Collection Set: 0.2ms
[2024-03-10T18:06:29.313+0000][1.476s] GC(5)   Merge Heap Roots: 0.2ms
[2024-03-10T18:06:29.313+0000][1.477s] GC(5)   Evacuate Collection Set: 1.5ms
[2024-03-10T18:06:29.313+0000][1.477s] GC(5)   Post Evacuate Collection Set: 0.6ms
[2024-03-10T18:06:29.313+0000][1.477s] GC(5)   Other: 0.3ms
[2024-03-10T18:06:29.313+0000][1.477s] GC(5) Eden regions: 2->0(306)
[2024-03-10T18:06:29.313+0000][1.477s] GC(5) Survivor regions: 7->1(4)
[2024-03-10T18:06:29.313+0000][1.477s] GC(5) Old regions: 18->25
[2024-03-10T18:06:29.314+0000][1.477s] GC(5) Archive regions: 2->2
[2024-03-10T18:06:29.314+0000][1.477s] GC(5) Humongous regions: 4->4
[2024-03-10T18:06:29.314+0000][1.477s] GC(5) Metaspace: 36090K(36480K)->36090K(36480K) NonClass: 31593K(31744K)->31593K(31744K) Class: 4497K(4736K)->4497K(4736K)
[2024-03-10T18:06:29.314+0000][1.477s] GC(5) Pause Young (Mixed) (Metadata GC Threshold) 31M->30M(512M) 3.784ms
[2024-03-10T18:06:29.314+0000][1.477s] GC(5) User=0.01s Sys=0.00s Real=0.00s
[2024-03-10T18:06:29.319+0000][1.483s] GC(6) Pause Young (Concurrent Start) (Metadata GC Threshold)
[2024-03-10T18:06:29.319+0000][1.483s] GC(6) Using 23 workers of 23 for evacuation
[2024-03-10T18:06:29.321+0000][1.485s] GC(6)   Pre Evacuate Collection Set: 0.2ms
[2024-03-10T18:06:29.321+0000][1.485s] GC(6)   Merge Heap Roots: 0.2ms
[2024-03-10T18:06:29.321+0000][1.485s] GC(6)   Evacuate Collection Set: 0.6ms
[2024-03-10T18:06:29.321+0000][1.485s] GC(6)   Post Evacuate Collection Set: 0.5ms
[2024-03-10T18:06:29.321+0000][1.485s] GC(6)   Other: 0.3ms
[2024-03-10T18:06:29.321+0000][1.485s] GC(6) Eden regions: 2->0(306)
[2024-03-10T18:06:29.322+0000][1.485s] GC(6) Survivor regions: 1->1(39)
[2024-03-10T18:06:29.322+0000][1.485s] GC(6) Old regions: 25->25
[2024-03-10T18:06:29.322+0000][1.485s] GC(6) Archive regions: 2->2
[2024-03-10T18:06:29.322+0000][1.485s] GC(6) Humongous regions: 4->4
[2024-03-10T18:06:29.322+0000][1.485s] GC(6) Metaspace: 36457K(36800K)->36457K(36800K) NonClass: 31915K(32064K)->31915K(32064K) Class: 4541K(4736K)->4541K(4736K)
[2024-03-10T18:06:29.322+0000][1.486s] GC(6) Pause Young (Concurrent Start) (Metadata GC Threshold) 32M->29M(512M) 2.742ms
[2024-03-10T18:06:29.322+0000][1.486s] GC(6) User=0.01s Sys=0.00s Real=0.00s
[2024-03-10T18:06:29.322+0000][1.486s] GC(7) Concurrent Mark Cycle
[2024-03-10T18:06:29.322+0000][1.486s] GC(7) Concurrent Clear Claimed Marks
[2024-03-10T18:06:29.322+0000][1.486s] GC(7) Concurrent Clear Claimed Marks 0.091ms
[2024-03-10T18:06:29.322+0000][1.486s] GC(7) Concurrent Scan Root Regions
[2024-03-10T18:06:29.323+0000][1.486s] GC(7) Concurrent Scan Root Regions 0.418ms
[2024-03-10T18:06:29.323+0000][1.487s] GC(7) Concurrent Mark
[2024-03-10T18:06:29.323+0000][1.487s] GC(7) Concurrent Mark From Roots
[2024-03-10T18:06:29.323+0000][1.487s] GC(7) Using 6 workers of 6 for marking
[2024-03-10T18:06:29.327+0000][1.491s] GC(7) Concurrent Mark From Roots 4.145ms
[2024-03-10T18:06:29.327+0000][1.491s] GC(7) Concurrent Preclean
[2024-03-10T18:06:29.328+0000][1.491s] GC(7) Concurrent Preclean 0.311ms
[2024-03-10T18:06:29.328+0000][1.492s] GC(7) Pause Remark
[2024-03-10T18:06:29.330+0000][1.493s] GC(7) Pause Remark 31M->31M(512M) 1.526ms
[2024-03-10T18:06:29.330+0000][1.493s] GC(7) User=0.00s Sys=0.01s Real=0.01s
[2024-03-10T18:06:29.330+0000][1.493s] GC(7) Concurrent Mark 6.895ms
[2024-03-10T18:06:29.330+0000][1.494s] GC(7) Concurrent Rebuild Remembered Sets
[2024-03-10T18:06:29.332+0000][1.495s] GC(7) Concurrent Rebuild Remembered Sets 1.584ms
[2024-03-10T18:06:29.332+0000][1.496s] GC(7) Pause Cleanup
[2024-03-10T18:06:29.333+0000][1.496s] GC(7) Pause Cleanup 32M->32M(512M) 0.312ms
[2024-03-10T18:06:29.333+0000][1.496s] GC(7) User=0.00s Sys=0.00s Real=0.00s
[2024-03-10T18:06:29.333+0000][1.496s] GC(7) Concurrent Cleanup for Next Mark
[2024-03-10T18:06:29.333+0000][1.497s] GC(7) Concurrent Cleanup for Next Mark 0.286ms
[2024-03-10T18:06:29.333+0000][1.497s] GC(7) Concurrent Mark Cycle 11.012ms
[2024-03-10T18:29:14.127+0000][1366.293s] Heap
[2024-03-10T18:29:14.127+0000][1366.293s]  garbage-first heap   total 524288K, used 260031K [0x00000000e0000000, 0x0000000100000000)
[2024-03-10T18:29:14.127+0000][1366.294s]   region size 1024K, 226 young (231424K), 1 survivors (1024K)
[2024-03-10T18:29:14.127+0000][1366.294s]  Metaspace       used 54609K, committed 55104K, reserved 1114112K
[2024-03-10T18:29:14.127+0000][1366.294s]   class space    used 6932K, committed 7168K, reserved 1048576K
