[2024-03-11T23:04:25.864+0000][0.023s] Using G1
[2024-03-11T23:04:26.023+0000][0.183s] Version: 17.0.10+7 (release)
[2024-03-11T23:04:26.024+0000][0.183s] CPUs: 32 total, 32 available
[2024-03-11T23:04:26.024+0000][0.183s] Memory: 15875M
[2024-03-11T23:04:26.024+0000][0.183s] Large Page Support: Disabled
[2024-03-11T23:04:26.024+0000][0.183s] NUMA Support: Disabled
[2024-03-11T23:04:26.024+0000][0.184s] Compressed Oops: Enabled (32-bit)
[2024-03-11T23:04:26.025+0000][0.184s] Heap Region Size: 1M
[2024-03-11T23:04:26.025+0000][0.184s] Heap Min Capacity: 512M
[2024-03-11T23:04:26.025+0000][0.184s] Heap Initial Capacity: 512M
[2024-03-11T23:04:26.025+0000][0.184s] Heap Max Capacity: 512M
[2024-03-11T23:04:26.025+0000][0.184s] Pre-touch: Enabled
[2024-03-11T23:04:26.025+0000][0.184s] Parallel Workers: 23
[2024-03-11T23:04:26.025+0000][0.185s] Concurrent Workers: 6
[2024-03-11T23:04:26.025+0000][0.185s] Concurrent Refinement Workers: 23
[2024-03-11T23:04:26.026+0000][0.185s] Periodic GC: Disabled
[2024-03-11T23:04:26.029+0000][0.188s] CDS archive(s) mapped at: [0x00007f0bff000000-0x00007f0bffa5f000-0x00007f0bffa5f000), size 10874880, SharedBaseAddress: 0x00007f0bff000000, ArchiveRelocationMode: 1.
[2024-03-11T23:04:26.029+0000][0.188s] Compressed class space mapped at: 0x00007f0c00000000-0x00007f0c40000000, reserved size: 1073741824
[2024-03-11T23:04:26.029+0000][0.189s] Narrow klass base: 0x00007f0bff000000, Narrow klass shift: 0, Narrow klass range: 0x100000000
[2024-03-11T23:04:26.526+0000][0.685s] GC(0) Pause Young (Normal) (G1 Evacuation Pause)
[2024-03-11T23:04:26.526+0000][0.685s] GC(0) Using 12 workers of 23 for evacuation
[2024-03-11T23:04:26.528+0000][0.687s] GC(0)   Pre Evacuate Collection Set: 0.1ms
[2024-03-11T23:04:26.528+0000][0.687s] GC(0)   Merge Heap Roots: 0.1ms
[2024-03-11T23:04:26.528+0000][0.688s] GC(0)   Evacuate Collection Set: 1.2ms
[2024-03-11T23:04:26.528+0000][0.688s] GC(0)   Post Evacuate Collection Set: 0.4ms
[2024-03-11T23:04:26.529+0000][0.688s] GC(0)   Other: 0.3ms
[2024-03-11T23:04:26.529+0000][0.688s] GC(0) Eden regions: 29->0(57)
[2024-03-11T23:04:26.529+0000][0.688s] GC(0) Survivor regions: 0->4(4)
[2024-03-11T23:04:26.529+0000][0.688s] GC(0) Old regions: 0->1
[2024-03-11T23:04:26.529+0000][0.688s] GC(0) Archive regions: 2->2
[2024-03-11T23:04:26.529+0000][0.688s] GC(0) Humongous regions: 0->0
[2024-03-11T23:04:26.529+0000][0.688s] GC(0) Metaspace: 10079K(10368K)->10079K(10368K) NonClass: 8837K(8960K)->8837K(8960K) Class: 1242K(1408K)->1242K(1408K)
[2024-03-11T23:04:26.529+0000][0.688s] GC(0) Pause Young (Normal) (G1 Evacuation Pause) 29M->5M(512M) 3.228ms
[2024-03-11T23:04:26.529+0000][0.688s] GC(0) User=0.02s Sys=0.00s Real=0.01s
[2024-03-11T23:04:26.894+0000][1.054s] GC(1) Pause Young (Normal) (G1 Evacuation Pause)
[2024-03-11T23:04:26.895+0000][1.054s] GC(1) Using 22 workers of 23 for evacuation
[2024-03-11T23:04:26.899+0000][1.058s] GC(1)   Pre Evacuate Collection Set: 0.2ms
[2024-03-11T23:04:26.899+0000][1.058s] GC(1)   Merge Heap Roots: 0.2ms
[2024-03-11T23:04:26.899+0000][1.058s] GC(1)   Evacuate Collection Set: 2.6ms
[2024-03-11T23:04:26.899+0000][1.058s] GC(1)   Post Evacuate Collection Set: 0.7ms
[2024-03-11T23:04:26.899+0000][1.059s] GC(1)   Other: 0.7ms
[2024-03-11T23:04:26.899+0000][1.059s] GC(1) Eden regions: 57->0(180)
[2024-03-11T23:04:26.899+0000][1.059s] GC(1) Survivor regions: 4->8(8)
[2024-03-11T23:04:26.900+0000][1.059s] GC(1) Old regions: 1->10
[2024-03-11T23:04:26.900+0000][1.059s] GC(1) Archive regions: 2->2
[2024-03-11T23:04:26.900+0000][1.059s] GC(1) Humongous regions: 4->4
[2024-03-11T23:04:26.900+0000][1.059s] GC(1) Metaspace: 18155K(18432K)->18155K(18432K) NonClass: 15939K(16128K)->15939K(16128K) Class: 2215K(2304K)->2215K(2304K)
[2024-03-11T23:04:26.900+0000][1.059s] GC(1) Pause Young (Normal) (G1 Evacuation Pause) 66M->22M(512M) 5.647ms
[2024-03-11T23:04:26.900+0000][1.059s] GC(1) User=0.04s Sys=0.00s Real=0.01s
[2024-03-11T23:04:27.052+0000][1.211s] GC(2) Pause Young (Concurrent Start) (Metadata GC Threshold)
[2024-03-11T23:04:27.052+0000][1.211s] GC(2) Using 23 workers of 23 for evacuation
[2024-03-11T23:04:27.055+0000][1.215s] GC(2)   Pre Evacuate Collection Set: 0.2ms
[2024-03-11T23:04:27.055+0000][1.215s] GC(2)   Merge Heap Roots: 0.2ms
[2024-03-11T23:04:27.055+0000][1.215s] GC(2)   Evacuate Collection Set: 1.9ms
[2024-03-11T23:04:27.056+0000][1.215s] GC(2)   Post Evacuate Collection Set: 0.6ms
[2024-03-11T23:04:27.056+0000][1.215s] GC(2)   Other: 0.4ms
[2024-03-11T23:04:27.056+0000][1.215s] GC(2) Eden regions: 29->0(203)
[2024-03-11T23:04:27.056+0000][1.215s] GC(2) Survivor regions: 8->10(24)
[2024-03-11T23:04:27.056+0000][1.215s] GC(2) Old regions: 10->10
[2024-03-11T23:04:27.056+0000][1.215s] GC(2) Archive regions: 2->2
[2024-03-11T23:04:27.056+0000][1.215s] GC(2) Humongous regions: 4->4
[2024-03-11T23:04:27.056+0000][1.215s] GC(2) Metaspace: 21237K(21504K)->21237K(21504K) NonClass: 18635K(18752K)->18635K(18752K) Class: 2602K(2752K)->2602K(2752K)
[2024-03-11T23:04:27.056+0000][1.215s] GC(2) Pause Young (Concurrent Start) (Metadata GC Threshold) 51M->23M(512M) 4.043ms
[2024-03-11T23:04:27.056+0000][1.215s] GC(2) User=0.02s Sys=0.00s Real=0.00s
[2024-03-11T23:04:27.056+0000][1.215s] GC(3) Concurrent Mark Cycle
[2024-03-11T23:04:27.056+0000][1.216s] GC(3) Concurrent Clear Claimed Marks
[2024-03-11T23:04:27.056+0000][1.216s] GC(3) Concurrent Clear Claimed Marks 0.090ms
[2024-03-11T23:04:27.056+0000][1.216s] GC(3) Concurrent Scan Root Regions
[2024-03-11T23:04:27.057+0000][1.217s] GC(3) Concurrent Scan Root Regions 0.909ms
[2024-03-11T23:04:27.057+0000][1.217s] GC(3) Concurrent Mark
[2024-03-11T23:04:27.058+0000][1.217s] GC(3) Concurrent Mark From Roots
[2024-03-11T23:04:27.058+0000][1.217s] GC(3) Using 6 workers of 6 for marking
[2024-03-11T23:04:27.060+0000][1.219s] GC(3) Concurrent Mark From Roots 2.426ms
[2024-03-11T23:04:27.060+0000][1.219s] GC(3) Concurrent Preclean
[2024-03-11T23:04:27.060+0000][1.219s] GC(3) Concurrent Preclean 0.131ms
[2024-03-11T23:04:27.060+0000][1.220s] GC(3) Pause Remark
[2024-03-11T23:04:27.062+0000][1.221s] GC(3) Pause Remark 23M->23M(512M) 1.599ms
[2024-03-11T23:04:27.062+0000][1.221s] GC(3) User=0.00s Sys=0.00s Real=0.00s
[2024-03-11T23:04:27.063+0000][1.222s] GC(3) Concurrent Mark 5.029ms
[2024-03-11T23:04:27.063+0000][1.222s] GC(3) Concurrent Rebuild Remembered Sets
[2024-03-11T23:04:27.064+0000][1.223s] GC(3) Concurrent Rebuild Remembered Sets 1.001ms
[2024-03-11T23:04:27.064+0000][1.223s] GC(3) Pause Cleanup
[2024-03-11T23:04:27.064+0000][1.224s] GC(3) Pause Cleanup 23M->23M(512M) 0.311ms
[2024-03-11T23:04:27.065+0000][1.224s] GC(3) User=0.00s Sys=0.00s Real=0.00s
[2024-03-11T23:04:27.065+0000][1.224s] GC(3) Concurrent Cleanup for Next Mark
[2024-03-11T23:04:27.065+0000][1.224s] GC(3) Concurrent Cleanup for Next Mark 0.241ms
[2024-03-11T23:04:27.065+0000][1.224s] GC(3) Concurrent Mark Cycle 8.818ms
[2024-03-11T23:04:27.969+0000][2.128s] GC(4) Pause Young (Prepare Mixed) (Metadata GC Threshold)
[2024-03-11T23:04:27.969+0000][2.128s] GC(4) Using 23 workers of 23 for evacuation
[2024-03-11T23:04:27.973+0000][2.132s] GC(4)   Pre Evacuate Collection Set: 0.3ms
[2024-03-11T23:04:27.973+0000][2.133s] GC(4)   Merge Heap Roots: 0.2ms
[2024-03-11T23:04:27.973+0000][2.133s] GC(4)   Evacuate Collection Set: 2.5ms
[2024-03-11T23:04:27.973+0000][2.133s] GC(4)   Post Evacuate Collection Set: 1.2ms
[2024-03-11T23:04:27.974+0000][2.133s] GC(4)   Other: 0.3ms
[2024-03-11T23:04:27.974+0000][2.133s] GC(4) Eden regions: 105->0(9)
[2024-03-11T23:04:27.974+0000][2.133s] GC(4) Survivor regions: 10->16(26)
[2024-03-11T23:04:27.974+0000][2.133s] GC(4) Old regions: 10->10
[2024-03-11T23:04:27.974+0000][2.133s] GC(4) Archive regions: 2->2
[2024-03-11T23:04:27.974+0000][2.133s] GC(4) Humongous regions: 4->4
[2024-03-11T23:04:27.974+0000][2.133s] GC(4) Metaspace: 35563K(35968K)->35563K(35968K) NonClass: 31129K(31296K)->31129K(31296K) Class: 4434K(4672K)->4434K(4672K)
[2024-03-11T23:04:27.974+0000][2.134s] GC(4) Pause Young (Prepare Mixed) (Metadata GC Threshold) 127M->29M(512M) 5.689ms
[2024-03-11T23:04:27.974+0000][2.134s] GC(4) User=0.04s Sys=0.00s Real=0.00s
[2024-03-11T23:04:27.983+0000][2.143s] GC(5) Pause Young (Mixed) (Metadata GC Threshold)
[2024-03-11T23:04:27.984+0000][2.143s] GC(5) Using 23 workers of 23 for evacuation
[2024-03-11T23:04:27.987+0000][2.147s] GC(5)   Pre Evacuate Collection Set: 0.2ms
[2024-03-11T23:04:27.988+0000][2.147s] GC(5)   Merge Heap Roots: 0.2ms
[2024-03-11T23:04:27.988+0000][2.147s] GC(5)   Evacuate Collection Set: 2.7ms
[2024-03-11T23:04:27.988+0000][2.147s] GC(5)   Post Evacuate Collection Set: 0.7ms
[2024-03-11T23:04:27.988+0000][2.147s] GC(5)   Other: 0.3ms
[2024-03-11T23:04:27.988+0000][2.147s] GC(5) Eden regions: 3->0(305)
[2024-03-11T23:04:27.988+0000][2.147s] GC(5) Survivor regions: 16->2(4)
[2024-03-11T23:04:27.988+0000][2.147s] GC(5) Old regions: 10->24
[2024-03-11T23:04:27.988+0000][2.147s] GC(5) Archive regions: 2->2
[2024-03-11T23:04:27.988+0000][2.147s] GC(5) Humongous regions: 4->4
[2024-03-11T23:04:27.988+0000][2.148s] GC(5) Metaspace: 35932K(36288K)->35932K(36288K) NonClass: 31456K(31616K)->31456K(31616K) Class: 4475K(4672K)->4475K(4672K)
[2024-03-11T23:04:27.988+0000][2.148s] GC(5) Pause Young (Mixed) (Metadata GC Threshold) 31M->30M(512M) 4.990ms
[2024-03-11T23:04:27.988+0000][2.148s] GC(5) User=0.04s Sys=0.00s Real=0.01s
[2024-03-11T23:04:27.996+0000][2.155s] GC(6) Pause Young (Concurrent Start) (Metadata GC Threshold)
[2024-03-11T23:04:27.996+0000][2.155s] GC(6) Using 23 workers of 23 for evacuation
[2024-03-11T23:04:27.998+0000][2.157s] GC(6)   Pre Evacuate Collection Set: 0.2ms
[2024-03-11T23:04:27.998+0000][2.157s] GC(6)   Merge Heap Roots: 0.2ms
[2024-03-11T23:04:27.998+0000][2.157s] GC(6)   Evacuate Collection Set: 0.6ms
[2024-03-11T23:04:27.998+0000][2.158s] GC(6)   Post Evacuate Collection Set: 0.5ms
[2024-03-11T23:04:27.998+0000][2.158s] GC(6)   Other: 0.7ms
[2024-03-11T23:04:27.999+0000][2.158s] GC(6) Eden regions: 2->0(306)
[2024-03-11T23:04:27.999+0000][2.158s] GC(6) Survivor regions: 2->1(39)
[2024-03-11T23:04:27.999+0000][2.158s] GC(6) Old regions: 24->24
[2024-03-11T23:04:27.999+0000][2.158s] GC(6) Archive regions: 2->2
[2024-03-11T23:04:27.999+0000][2.158s] GC(6) Humongous regions: 4->4
[2024-03-11T23:04:27.999+0000][2.158s] GC(6) Metaspace: 36212K(36608K)->36212K(36608K) NonClass: 31698K(31872K)->31698K(31872K) Class: 4513K(4736K)->4513K(4736K)
[2024-03-11T23:04:27.999+0000][2.158s] GC(6) Pause Young (Concurrent Start) (Metadata GC Threshold) 32M->29M(512M) 3.734ms
[2024-03-11T23:04:27.999+0000][2.159s] GC(6) User=0.00s Sys=0.00s Real=0.01s
[2024-03-11T23:04:28.000+0000][2.159s] GC(7) Concurrent Mark Cycle
[2024-03-11T23:04:28.000+0000][2.159s] GC(7) Concurrent Clear Claimed Marks
[2024-03-11T23:04:28.000+0000][2.159s] GC(7) Concurrent Clear Claimed Marks 0.147ms
[2024-03-11T23:04:28.000+0000][2.159s] GC(7) Concurrent Scan Root Regions
[2024-03-11T23:04:28.000+0000][2.160s] GC(7) Concurrent Scan Root Regions 0.467ms
[2024-03-11T23:04:28.000+0000][2.160s] GC(7) Concurrent Mark
[2024-03-11T23:04:28.001+0000][2.160s] GC(7) Concurrent Mark From Roots
[2024-03-11T23:04:28.001+0000][2.160s] GC(7) Using 6 workers of 6 for marking
[2024-03-11T23:04:28.005+0000][2.164s] GC(7) Concurrent Mark From Roots 4.333ms
[2024-03-11T23:04:28.005+0000][2.164s] GC(7) Concurrent Preclean
[2024-03-11T23:04:28.005+0000][2.165s] GC(7) Concurrent Preclean 0.201ms
[2024-03-11T23:04:28.006+0000][2.165s] GC(7) Pause Remark
[2024-03-11T23:04:28.007+0000][2.166s] GC(7) Pause Remark 30M->30M(512M) 1.534ms
[2024-03-11T23:04:28.007+0000][2.166s] GC(7) User=0.01s Sys=0.00s Real=0.01s
[2024-03-11T23:04:28.007+0000][2.167s] GC(7) Concurrent Mark 6.884ms
[2024-03-11T23:04:28.007+0000][2.167s] GC(7) Concurrent Rebuild Remembered Sets
[2024-03-11T23:04:28.009+0000][2.168s] GC(7) Concurrent Rebuild Remembered Sets 1.728ms
[2024-03-11T23:04:28.009+0000][2.169s] GC(7) Pause Cleanup
[2024-03-11T23:04:28.010+0000][2.169s] GC(7) Pause Cleanup 31M->31M(512M) 0.323ms
[2024-03-11T23:04:28.010+0000][2.169s] GC(7) User=0.00s Sys=0.00s Real=0.00s
[2024-03-11T23:04:28.010+0000][2.169s] GC(7) Concurrent Cleanup for Next Mark
[2024-03-11T23:04:28.010+0000][2.170s] GC(7) Concurrent Cleanup for Next Mark 0.273ms
[2024-03-11T23:04:28.010+0000][2.170s] GC(7) Concurrent Mark Cycle 10.948ms
[2024-03-11T23:42:58.432+0000][2312.601s] Heap
[2024-03-11T23:42:58.432+0000][2312.602s]  garbage-first heap   total 524288K, used 337623K [0x00000000e0000000, 0x0000000100000000)
[2024-03-11T23:42:58.433+0000][2312.602s]   region size 1024K, 302 young (309248K), 1 survivors (1024K)
[2024-03-11T23:42:58.433+0000][2312.602s]  Metaspace       used 57533K, committed 58112K, reserved 1114112K
[2024-03-11T23:42:58.433+0000][2312.602s]   class space    used 7369K, committed 7680K, reserved 1048576K
