[2024-03-11T13:19:36.954+0000][0.027s] Using G1
[2024-03-11T13:19:36.988+0000][0.061s] Version: 17.0.10+7 (release)
[2024-03-11T13:19:36.989+0000][0.061s] CPUs: 32 total, 32 available
[2024-03-11T13:19:36.989+0000][0.062s] Memory: 15875M
[2024-03-11T13:19:36.989+0000][0.062s] Large Page Support: Disabled
[2024-03-11T13:19:36.989+0000][0.062s] NUMA Support: Disabled
[2024-03-11T13:19:36.990+0000][0.063s] Compressed Oops: Enabled (32-bit)
[2024-03-11T13:19:36.990+0000][0.063s] Heap Region Size: 1M
[2024-03-11T13:19:36.990+0000][0.063s] Heap Min Capacity: 512M
[2024-03-11T13:19:36.990+0000][0.063s] Heap Initial Capacity: 512M
[2024-03-11T13:19:36.991+0000][0.063s] Heap Max Capacity: 512M
[2024-03-11T13:19:36.991+0000][0.064s] Pre-touch: Enabled
[2024-03-11T13:19:36.991+0000][0.064s] Parallel Workers: 23
[2024-03-11T13:19:36.991+0000][0.064s] Concurrent Workers: 6
[2024-03-11T13:19:36.991+0000][0.064s] Concurrent Refinement Workers: 23
[2024-03-11T13:19:36.991+0000][0.064s] Periodic GC: Disabled
[2024-03-11T13:19:36.995+0000][0.068s] CDS archive(s) mapped at: [0x00007fbd3b000000-0x00007fbd3ba5f000-0x00007fbd3ba5f000), size 10874880, SharedBaseAddress: 0x00007fbd3b000000, ArchiveRelocationMode: 1.
[2024-03-11T13:19:36.995+0000][0.068s] Compressed class space mapped at: 0x00007fbd3c000000-0x00007fbd7c000000, reserved size: 1073741824
[2024-03-11T13:19:36.995+0000][0.068s] Narrow klass base: 0x00007fbd3b000000, Narrow klass shift: 0, Narrow klass range: 0x100000000
[2024-03-11T13:19:37.328+0000][0.401s] GC(0) Pause Young (Normal) (G1 Evacuation Pause)
[2024-03-11T13:19:37.328+0000][0.401s] GC(0) Using 12 workers of 23 for evacuation
[2024-03-11T13:19:37.330+0000][0.403s] GC(0)   Pre Evacuate Collection Set: 0.1ms
[2024-03-11T13:19:37.330+0000][0.403s] GC(0)   Merge Heap Roots: 0.1ms
[2024-03-11T13:19:37.330+0000][0.403s] GC(0)   Evacuate Collection Set: 1.2ms
[2024-03-11T13:19:37.330+0000][0.403s] GC(0)   Post Evacuate Collection Set: 0.3ms
[2024-03-11T13:19:37.331+0000][0.403s] GC(0)   Other: 0.4ms
[2024-03-11T13:19:37.331+0000][0.404s] GC(0) Eden regions: 29->0(57)
[2024-03-11T13:19:37.331+0000][0.404s] GC(0) Survivor regions: 0->4(4)
[2024-03-11T13:19:37.331+0000][0.404s] GC(0) Old regions: 0->1
[2024-03-11T13:19:37.331+0000][0.404s] GC(0) Archive regions: 2->2
[2024-03-11T13:19:37.331+0000][0.404s] GC(0) Humongous regions: 0->0
[2024-03-11T13:19:37.331+0000][0.404s] GC(0) Metaspace: 9925K(10176K)->9925K(10176K) NonClass: 8710K(8832K)->8710K(8832K) Class: 1215K(1344K)->1215K(1344K)
[2024-03-11T13:19:37.331+0000][0.404s] GC(0) Pause Young (Normal) (G1 Evacuation Pause) 29M->5M(512M) 3.615ms
[2024-03-11T13:19:37.332+0000][0.404s] GC(0) User=0.01s Sys=0.00s Real=0.00s
[2024-03-11T13:19:37.594+0000][0.667s] GC(1) Pause Young (Normal) (G1 Evacuation Pause)
[2024-03-11T13:19:37.594+0000][0.667s] GC(1) Using 22 workers of 23 for evacuation
[2024-03-11T13:19:37.598+0000][0.671s] GC(1)   Pre Evacuate Collection Set: 0.2ms
[2024-03-11T13:19:37.598+0000][0.671s] GC(1)   Merge Heap Roots: 0.2ms
[2024-03-11T13:19:37.598+0000][0.671s] GC(1)   Evacuate Collection Set: 2.3ms
[2024-03-11T13:19:37.598+0000][0.671s] GC(1)   Post Evacuate Collection Set: 0.6ms
[2024-03-11T13:19:37.598+0000][0.671s] GC(1)   Other: 0.3ms
[2024-03-11T13:19:37.598+0000][0.671s] GC(1) Eden regions: 57->0(130)
[2024-03-11T13:19:37.598+0000][0.671s] GC(1) Survivor regions: 4->8(8)
[2024-03-11T13:19:37.599+0000][0.671s] GC(1) Old regions: 1->10
[2024-03-11T13:19:37.599+0000][0.671s] GC(1) Archive regions: 2->2
[2024-03-11T13:19:37.599+0000][0.672s] GC(1) Humongous regions: 4->4
[2024-03-11T13:19:37.599+0000][0.672s] GC(1) Metaspace: 18164K(18432K)->18164K(18432K) NonClass: 15948K(16128K)->15948K(16128K) Class: 2215K(2304K)->2215K(2304K)
[2024-03-11T13:19:37.599+0000][0.672s] GC(1) Pause Young (Normal) (G1 Evacuation Pause) 66M->22M(512M) 4.571ms
[2024-03-11T13:19:37.599+0000][0.672s] GC(1) User=0.05s Sys=0.00s Real=0.01s
[2024-03-11T13:19:37.710+0000][0.783s] GC(2) Pause Young (Concurrent Start) (Metadata GC Threshold)
[2024-03-11T13:19:37.710+0000][0.783s] GC(2) Using 23 workers of 23 for evacuation
[2024-03-11T13:19:37.713+0000][0.786s] GC(2)   Pre Evacuate Collection Set: 0.2ms
[2024-03-11T13:19:37.713+0000][0.786s] GC(2)   Merge Heap Roots: 0.2ms
[2024-03-11T13:19:37.713+0000][0.786s] GC(2)   Evacuate Collection Set: 1.9ms
[2024-03-11T13:19:37.713+0000][0.786s] GC(2)   Post Evacuate Collection Set: 0.5ms
[2024-03-11T13:19:37.713+0000][0.786s] GC(2)   Other: 0.4ms
[2024-03-11T13:19:37.713+0000][0.786s] GC(2) Eden regions: 30->0(138)
[2024-03-11T13:19:37.714+0000][0.786s] GC(2) Survivor regions: 8->10(18)
[2024-03-11T13:19:37.714+0000][0.786s] GC(2) Old regions: 10->10
[2024-03-11T13:19:37.714+0000][0.787s] GC(2) Archive regions: 2->2
[2024-03-11T13:19:37.714+0000][0.787s] GC(2) Humongous regions: 4->4
[2024-03-11T13:19:37.714+0000][0.787s] GC(2) Metaspace: 21209K(21504K)->21209K(21504K) NonClass: 18616K(18752K)->18616K(18752K) Class: 2593K(2752K)->2593K(2752K)
[2024-03-11T13:19:37.714+0000][0.787s] GC(2) Pause Young (Concurrent Start) (Metadata GC Threshold) 51M->23M(512M) 4.039ms
[2024-03-11T13:19:37.714+0000][0.787s] GC(2) User=0.03s Sys=0.00s Real=0.00s
[2024-03-11T13:19:37.714+0000][0.787s] GC(3) Concurrent Mark Cycle
[2024-03-11T13:19:37.714+0000][0.787s] GC(3) Concurrent Clear Claimed Marks
[2024-03-11T13:19:37.714+0000][0.787s] GC(3) Concurrent Clear Claimed Marks 0.082ms
[2024-03-11T13:19:37.714+0000][0.787s] GC(3) Concurrent Scan Root Regions
[2024-03-11T13:19:37.715+0000][0.788s] GC(3) Concurrent Scan Root Regions 0.991ms
[2024-03-11T13:19:37.715+0000][0.788s] GC(3) Concurrent Mark
[2024-03-11T13:19:37.715+0000][0.788s] GC(3) Concurrent Mark From Roots
[2024-03-11T13:19:37.716+0000][0.788s] GC(3) Using 6 workers of 6 for marking
[2024-03-11T13:19:37.717+0000][0.790s] GC(3) Concurrent Mark From Roots 1.984ms
[2024-03-11T13:19:37.718+0000][0.791s] GC(3) Concurrent Preclean
[2024-03-11T13:19:37.718+0000][0.791s] GC(3) Concurrent Preclean 0.179ms
[2024-03-11T13:19:37.718+0000][0.791s] GC(3) Pause Remark
[2024-03-11T13:19:37.720+0000][0.793s] GC(3) Pause Remark 24M->24M(512M) 1.663ms
[2024-03-11T13:19:37.720+0000][0.793s] GC(3) User=0.01s Sys=0.00s Real=0.00s
[2024-03-11T13:19:37.720+0000][0.793s] GC(3) Concurrent Mark 4.806ms
[2024-03-11T13:19:37.720+0000][0.793s] GC(3) Concurrent Rebuild Remembered Sets
[2024-03-11T13:19:37.722+0000][0.794s] GC(3) Concurrent Rebuild Remembered Sets 1.105ms
[2024-03-11T13:19:37.722+0000][0.795s] GC(3) Pause Cleanup
[2024-03-11T13:19:37.722+0000][0.795s] GC(3) Pause Cleanup 24M->24M(512M) 0.389ms
[2024-03-11T13:19:37.722+0000][0.795s] GC(3) User=0.00s Sys=0.00s Real=0.00s
[2024-03-11T13:19:37.723+0000][0.795s] GC(3) Concurrent Cleanup for Next Mark
[2024-03-11T13:19:37.723+0000][0.796s] GC(3) Concurrent Cleanup for Next Mark 0.291ms
[2024-03-11T13:19:37.723+0000][0.796s] GC(3) Concurrent Mark Cycle 8.996ms
[2024-03-11T13:19:38.365+0000][1.438s] GC(4) Pause Young (Prepare Mixed) (Metadata GC Threshold)
[2024-03-11T13:19:38.365+0000][1.438s] GC(4) Using 23 workers of 23 for evacuation
[2024-03-11T13:19:38.370+0000][1.442s] GC(4)   Pre Evacuate Collection Set: 0.2ms
[2024-03-11T13:19:38.370+0000][1.443s] GC(4)   Merge Heap Roots: 0.2ms
[2024-03-11T13:19:38.370+0000][1.443s] GC(4)   Evacuate Collection Set: 2.6ms
[2024-03-11T13:19:38.370+0000][1.443s] GC(4)   Post Evacuate Collection Set: 1.1ms
[2024-03-11T13:19:38.370+0000][1.443s] GC(4)   Other: 0.2ms
[2024-03-11T13:19:38.370+0000][1.443s] GC(4) Eden regions: 119->0(9)
[2024-03-11T13:19:38.370+0000][1.443s] GC(4) Survivor regions: 10->16(19)
[2024-03-11T13:19:38.370+0000][1.443s] GC(4) Old regions: 10->10
[2024-03-11T13:19:38.370+0000][1.443s] GC(4) Archive regions: 2->2
[2024-03-11T13:19:38.370+0000][1.443s] GC(4) Humongous regions: 4->4
[2024-03-11T13:19:38.370+0000][1.443s] GC(4) Metaspace: 35904K(36288K)->35904K(36288K) NonClass: 31431K(31616K)->31431K(31616K) Class: 4473K(4672K)->4473K(4672K)
[2024-03-11T13:19:38.370+0000][1.443s] GC(4) Pause Young (Prepare Mixed) (Metadata GC Threshold) 142M->29M(512M) 5.188ms
[2024-03-11T13:19:38.370+0000][1.443s] GC(4) User=0.03s Sys=0.01s Real=0.00s
[2024-03-11T13:19:38.381+0000][1.454s] GC(5) Pause Young (Mixed) (Metadata GC Threshold)
[2024-03-11T13:19:38.381+0000][1.454s] GC(5) Using 23 workers of 23 for evacuation
[2024-03-11T13:19:38.385+0000][1.458s] GC(5)   Pre Evacuate Collection Set: 0.2ms
[2024-03-11T13:19:38.386+0000][1.458s] GC(5)   Merge Heap Roots: 0.2ms
[2024-03-11T13:19:38.386+0000][1.459s] GC(5)   Evacuate Collection Set: 3.3ms
[2024-03-11T13:19:38.386+0000][1.459s] GC(5)   Post Evacuate Collection Set: 0.6ms
[2024-03-11T13:19:38.386+0000][1.459s] GC(5)   Other: 0.4ms
[2024-03-11T13:19:38.386+0000][1.459s] GC(5) Eden regions: 3->0(305)
[2024-03-11T13:19:38.386+0000][1.459s] GC(5) Survivor regions: 16->2(4)
[2024-03-11T13:19:38.386+0000][1.459s] GC(5) Old regions: 10->24
[2024-03-11T13:19:38.386+0000][1.459s] GC(5) Archive regions: 2->2
[2024-03-11T13:19:38.386+0000][1.459s] GC(5) Humongous regions: 4->4
[2024-03-11T13:19:38.386+0000][1.459s] GC(5) Metaspace: 36195K(36608K)->36195K(36608K) NonClass: 31694K(31872K)->31694K(31872K) Class: 4501K(4736K)->4501K(4736K)
[2024-03-11T13:19:38.387+0000][1.459s] GC(5) Pause Young (Mixed) (Metadata GC Threshold) 32M->30M(512M) 5.885ms
[2024-03-11T13:19:38.387+0000][1.460s] GC(5) User=0.04s Sys=0.02s Real=0.01s
[2024-03-11T13:19:38.393+0000][1.466s] GC(6) Pause Young (Concurrent Start) (Metadata GC Threshold)
[2024-03-11T13:19:38.394+0000][1.466s] GC(6) Using 23 workers of 23 for evacuation
[2024-03-11T13:19:38.395+0000][1.468s] GC(6)   Pre Evacuate Collection Set: 0.2ms
[2024-03-11T13:19:38.395+0000][1.468s] GC(6)   Merge Heap Roots: 0.2ms
[2024-03-11T13:19:38.396+0000][1.468s] GC(6)   Evacuate Collection Set: 0.6ms
[2024-03-11T13:19:38.396+0000][1.469s] GC(6)   Post Evacuate Collection Set: 0.6ms
[2024-03-11T13:19:38.396+0000][1.469s] GC(6)   Other: 0.3ms
[2024-03-11T13:19:38.396+0000][1.469s] GC(6) Eden regions: 3->0(306)
[2024-03-11T13:19:38.396+0000][1.469s] GC(6) Survivor regions: 2->1(39)
[2024-03-11T13:19:38.396+0000][1.469s] GC(6) Old regions: 24->24
[2024-03-11T13:19:38.396+0000][1.469s] GC(6) Archive regions: 2->2
[2024-03-11T13:19:38.396+0000][1.469s] GC(6) Humongous regions: 4->4
[2024-03-11T13:19:38.396+0000][1.469s] GC(6) Metaspace: 36498K(36928K)->36498K(36928K) NonClass: 31949K(32128K)->31949K(32128K) Class: 4548K(4800K)->4548K(4800K)
[2024-03-11T13:19:38.396+0000][1.469s] GC(6) Pause Young (Concurrent Start) (Metadata GC Threshold) 33M->29M(512M) 2.957ms
[2024-03-11T13:19:38.396+0000][1.469s] GC(6) User=0.00s Sys=0.01s Real=0.01s
[2024-03-11T13:19:38.397+0000][1.469s] GC(7) Concurrent Mark Cycle
[2024-03-11T13:19:38.397+0000][1.470s] GC(7) Concurrent Clear Claimed Marks
[2024-03-11T13:19:38.397+0000][1.470s] GC(7) Concurrent Clear Claimed Marks 0.101ms
[2024-03-11T13:19:38.397+0000][1.470s] GC(7) Concurrent Scan Root Regions
[2024-03-11T13:19:38.397+0000][1.470s] GC(7) Concurrent Scan Root Regions 0.609ms
[2024-03-11T13:19:38.398+0000][1.470s] GC(7) Concurrent Mark
[2024-03-11T13:19:38.398+0000][1.471s] GC(7) Concurrent Mark From Roots
[2024-03-11T13:19:38.398+0000][1.471s] GC(7) Using 6 workers of 6 for marking
[2024-03-11T13:19:38.403+0000][1.476s] GC(7) Concurrent Mark From Roots 5.044ms
[2024-03-11T13:19:38.403+0000][1.476s] GC(7) Concurrent Preclean
[2024-03-11T13:19:38.403+0000][1.476s] GC(7) Concurrent Preclean 0.204ms
[2024-03-11T13:19:38.403+0000][1.476s] GC(7) Pause Remark
[2024-03-11T13:19:38.405+0000][1.478s] GC(7) Pause Remark 32M->32M(512M) 1.750ms
[2024-03-11T13:19:38.405+0000][1.478s] GC(7) User=0.02s Sys=0.00s Real=0.01s
[2024-03-11T13:19:38.405+0000][1.478s] GC(7) Concurrent Mark 7.874ms
[2024-03-11T13:19:38.406+0000][1.478s] GC(7) Concurrent Rebuild Remembered Sets
[2024-03-11T13:19:38.407+0000][1.480s] GC(7) Concurrent Rebuild Remembered Sets 1.746ms
[2024-03-11T13:19:38.408+0000][1.481s] GC(7) Pause Cleanup
[2024-03-11T13:19:38.408+0000][1.481s] GC(7) Pause Cleanup 33M->33M(512M) 0.342ms
[2024-03-11T13:19:38.408+0000][1.481s] GC(7) User=0.00s Sys=0.00s Real=0.00s
[2024-03-11T13:19:38.408+0000][1.481s] GC(7) Concurrent Cleanup for Next Mark
[2024-03-11T13:19:38.409+0000][1.482s] GC(7) Concurrent Cleanup for Next Mark 0.376ms
[2024-03-11T13:19:38.409+0000][1.482s] GC(7) Concurrent Mark Cycle 12.255ms
