[2024-03-11T18:49:14.859+0000][0.027s] Using G1
[2024-03-11T18:49:14.891+0000][0.059s] Version: 17.0.10+7 (release)
[2024-03-11T18:49:14.891+0000][0.059s] CPUs: 32 total, 32 available
[2024-03-11T18:49:14.891+0000][0.059s] Memory: 15875M
[2024-03-11T18:49:14.892+0000][0.060s] Large Page Support: Disabled
[2024-03-11T18:49:14.892+0000][0.060s] NUMA Support: Disabled
[2024-03-11T18:49:14.892+0000][0.060s] Compressed Oops: Enabled (32-bit)
[2024-03-11T18:49:14.892+0000][0.060s] Heap Region Size: 1M
[2024-03-11T18:49:14.893+0000][0.060s] Heap Min Capacity: 512M
[2024-03-11T18:49:14.893+0000][0.061s] Heap Initial Capacity: 512M
[2024-03-11T18:49:14.893+0000][0.061s] Heap Max Capacity: 512M
[2024-03-11T18:49:14.893+0000][0.061s] Pre-touch: Enabled
[2024-03-11T18:49:14.893+0000][0.061s] Parallel Workers: 23
[2024-03-11T18:49:14.894+0000][0.062s] Concurrent Workers: 6
[2024-03-11T18:49:14.894+0000][0.062s] Concurrent Refinement Workers: 23
[2024-03-11T18:49:14.894+0000][0.062s] Periodic GC: Disabled
[2024-03-11T18:49:14.897+0000][0.065s] CDS archive(s) mapped at: [0x00007ff9cf000000-0x00007ff9cfa5f000-0x00007ff9cfa5f000), size 10874880, SharedBaseAddress: 0x00007ff9cf000000, ArchiveRelocationMode: 1.
[2024-03-11T18:49:14.897+0000][0.065s] Compressed class space mapped at: 0x00007ff9d0000000-0x00007ffa10000000, reserved size: 1073741824
[2024-03-11T18:49:14.897+0000][0.065s] Narrow klass base: 0x00007ff9cf000000, Narrow klass shift: 0, Narrow klass range: 0x100000000
[2024-03-11T18:49:15.341+0000][0.509s] GC(0) Pause Young (Normal) (G1 Evacuation Pause)
[2024-03-11T18:49:15.342+0000][0.510s] GC(0) Using 12 workers of 23 for evacuation
[2024-03-11T18:49:15.343+0000][0.511s] GC(0)   Pre Evacuate Collection Set: 0.1ms
[2024-03-11T18:49:15.343+0000][0.511s] GC(0)   Merge Heap Roots: 0.1ms
[2024-03-11T18:49:15.344+0000][0.511s] GC(0)   Evacuate Collection Set: 1.2ms
[2024-03-11T18:49:15.344+0000][0.512s] GC(0)   Post Evacuate Collection Set: 0.3ms
[2024-03-11T18:49:15.344+0000][0.512s] GC(0)   Other: 0.2ms
[2024-03-11T18:49:15.344+0000][0.512s] GC(0) Eden regions: 29->0(57)
[2024-03-11T18:49:15.344+0000][0.512s] GC(0) Survivor regions: 0->4(4)
[2024-03-11T18:49:15.344+0000][0.512s] GC(0) Old regions: 0->1
[2024-03-11T18:49:15.344+0000][0.512s] GC(0) Archive regions: 2->2
[2024-03-11T18:49:15.344+0000][0.512s] GC(0) Humongous regions: 0->0
[2024-03-11T18:49:15.344+0000][0.512s] GC(0) Metaspace: 9956K(10176K)->9956K(10176K) NonClass: 8738K(8832K)->8738K(8832K) Class: 1218K(1344K)->1218K(1344K)
[2024-03-11T18:49:15.344+0000][0.512s] GC(0) Pause Young (Normal) (G1 Evacuation Pause) 29M->5M(512M) 2.652ms
[2024-03-11T18:49:15.344+0000][0.512s] GC(0) User=0.00s Sys=0.01s Real=0.00s
[2024-03-11T18:49:15.708+0000][0.876s] GC(1) Pause Young (Normal) (G1 Evacuation Pause)
[2024-03-11T18:49:15.708+0000][0.876s] GC(1) Using 22 workers of 23 for evacuation
[2024-03-11T18:49:15.712+0000][0.880s] GC(1)   Pre Evacuate Collection Set: 0.2ms
[2024-03-11T18:49:15.712+0000][0.880s] GC(1)   Merge Heap Roots: 0.2ms
[2024-03-11T18:49:15.712+0000][0.880s] GC(1)   Evacuate Collection Set: 2.4ms
[2024-03-11T18:49:15.712+0000][0.880s] GC(1)   Post Evacuate Collection Set: 0.6ms
[2024-03-11T18:49:15.712+0000][0.880s] GC(1)   Other: 0.4ms
[2024-03-11T18:49:15.713+0000][0.880s] GC(1) Eden regions: 57->0(192)
[2024-03-11T18:49:15.713+0000][0.881s] GC(1) Survivor regions: 4->8(8)
[2024-03-11T18:49:15.713+0000][0.881s] GC(1) Old regions: 1->10
[2024-03-11T18:49:15.713+0000][0.881s] GC(1) Archive regions: 2->2
[2024-03-11T18:49:15.713+0000][0.881s] GC(1) Humongous regions: 4->4
[2024-03-11T18:49:15.713+0000][0.881s] GC(1) Metaspace: 18162K(18432K)->18162K(18432K) NonClass: 15945K(16128K)->15945K(16128K) Class: 2216K(2304K)->2216K(2304K)
[2024-03-11T18:49:15.713+0000][0.881s] GC(1) Pause Young (Normal) (G1 Evacuation Pause) 66M->22M(512M) 4.880ms
[2024-03-11T18:49:15.713+0000][0.881s] GC(1) User=0.03s Sys=0.02s Real=0.01s
[2024-03-11T18:49:15.867+0000][1.035s] GC(2) Pause Young (Concurrent Start) (Metadata GC Threshold)
[2024-03-11T18:49:15.867+0000][1.035s] GC(2) Using 23 workers of 23 for evacuation
[2024-03-11T18:49:15.870+0000][1.038s] GC(2)   Pre Evacuate Collection Set: 0.2ms
[2024-03-11T18:49:15.871+0000][1.039s] GC(2)   Merge Heap Roots: 0.2ms
[2024-03-11T18:49:15.871+0000][1.039s] GC(2)   Evacuate Collection Set: 1.8ms
[2024-03-11T18:49:15.871+0000][1.039s] GC(2)   Post Evacuate Collection Set: 0.6ms
[2024-03-11T18:49:15.871+0000][1.039s] GC(2)   Other: 0.6ms
[2024-03-11T18:49:15.871+0000][1.039s] GC(2) Eden regions: 29->0(170)
[2024-03-11T18:49:15.871+0000][1.039s] GC(2) Survivor regions: 8->10(25)
[2024-03-11T18:49:15.871+0000][1.039s] GC(2) Old regions: 10->10
[2024-03-11T18:49:15.871+0000][1.039s] GC(2) Archive regions: 2->2
[2024-03-11T18:49:15.871+0000][1.039s] GC(2) Humongous regions: 4->4
[2024-03-11T18:49:15.872+0000][1.040s] GC(2) Metaspace: 21206K(21504K)->21206K(21504K) NonClass: 18611K(18752K)->18611K(18752K) Class: 2595K(2752K)->2595K(2752K)
[2024-03-11T18:49:15.872+0000][1.040s] GC(2) Pause Young (Concurrent Start) (Metadata GC Threshold) 50M->23M(512M) 4.706ms
[2024-03-11T18:49:15.872+0000][1.040s] GC(2) User=0.03s Sys=0.00s Real=0.01s
[2024-03-11T18:49:15.872+0000][1.040s] GC(3) Concurrent Mark Cycle
[2024-03-11T18:49:15.872+0000][1.040s] GC(3) Concurrent Clear Claimed Marks
[2024-03-11T18:49:15.872+0000][1.040s] GC(3) Concurrent Clear Claimed Marks 0.081ms
[2024-03-11T18:49:15.872+0000][1.040s] GC(3) Concurrent Scan Root Regions
[2024-03-11T18:49:15.873+0000][1.041s] GC(3) Concurrent Scan Root Regions 0.918ms
[2024-03-11T18:49:15.873+0000][1.041s] GC(3) Concurrent Mark
[2024-03-11T18:49:15.873+0000][1.041s] GC(3) Concurrent Mark From Roots
[2024-03-11T18:49:15.873+0000][1.041s] GC(3) Using 6 workers of 6 for marking
[2024-03-11T18:49:15.875+0000][1.043s] GC(3) Concurrent Mark From Roots 1.990ms
[2024-03-11T18:49:15.875+0000][1.043s] GC(3) Concurrent Preclean
[2024-03-11T18:49:15.875+0000][1.043s] GC(3) Concurrent Preclean 0.126ms
[2024-03-11T18:49:15.876+0000][1.044s] GC(3) Pause Remark
[2024-03-11T18:49:15.877+0000][1.045s] GC(3) Pause Remark 23M->23M(512M) 1.513ms
[2024-03-11T18:49:15.877+0000][1.045s] GC(3) User=0.00s Sys=0.00s Real=0.00s
[2024-03-11T18:49:15.877+0000][1.045s] GC(3) Concurrent Mark 4.254ms
[2024-03-11T18:49:15.877+0000][1.045s] GC(3) Concurrent Rebuild Remembered Sets
[2024-03-11T18:49:15.878+0000][1.046s] GC(3) Concurrent Rebuild Remembered Sets 0.923ms
[2024-03-11T18:49:15.878+0000][1.046s] GC(3) Pause Cleanup
[2024-03-11T18:49:15.879+0000][1.047s] GC(3) Pause Cleanup 24M->24M(512M) 0.486ms
[2024-03-11T18:49:15.879+0000][1.047s] GC(3) User=0.01s Sys=0.00s Real=0.01s
[2024-03-11T18:49:15.879+0000][1.047s] GC(3) Concurrent Cleanup for Next Mark
[2024-03-11T18:49:15.879+0000][1.047s] GC(3) Concurrent Cleanup for Next Mark 0.277ms
[2024-03-11T18:49:15.880+0000][1.048s] GC(3) Concurrent Mark Cycle 7.728ms
[2024-03-11T18:49:16.618+0000][1.786s] GC(4) Pause Young (Concurrent Start) (Metadata GC Threshold)
[2024-03-11T18:49:16.618+0000][1.786s] GC(4) Using 23 workers of 23 for evacuation
[2024-03-11T18:49:16.623+0000][1.791s] GC(4)   Pre Evacuate Collection Set: 0.2ms
[2024-03-11T18:49:16.623+0000][1.791s] GC(4)   Merge Heap Roots: 0.2ms
[2024-03-11T18:49:16.623+0000][1.791s] GC(4)   Evacuate Collection Set: 2.8ms
[2024-03-11T18:49:16.624+0000][1.792s] GC(4)   Post Evacuate Collection Set: 1.1ms
[2024-03-11T18:49:16.624+0000][1.792s] GC(4)   Other: 0.3ms
[2024-03-11T18:49:16.624+0000][1.792s] GC(4) Eden regions: 113->0(291)
[2024-03-11T18:49:16.624+0000][1.792s] GC(4) Survivor regions: 10->16(22)
[2024-03-11T18:49:16.624+0000][1.792s] GC(4) Old regions: 10->10
[2024-03-11T18:49:16.624+0000][1.792s] GC(4) Archive regions: 2->2
[2024-03-11T18:49:16.624+0000][1.792s] GC(4) Humongous regions: 4->4
[2024-03-11T18:49:16.625+0000][1.793s] GC(4) Metaspace: 35547K(35968K)->35547K(35968K) NonClass: 31115K(31296K)->31115K(31296K) Class: 4431K(4672K)->4431K(4672K)
[2024-03-11T18:49:16.625+0000][1.793s] GC(4) Pause Young (Concurrent Start) (Metadata GC Threshold) 135M->29M(512M) 6.437ms
[2024-03-11T18:49:16.625+0000][1.793s] GC(4) User=0.05s Sys=0.00s Real=0.01s
[2024-03-11T18:49:16.625+0000][1.793s] GC(5) Concurrent Mark Cycle
[2024-03-11T18:49:16.625+0000][1.793s] GC(5) Concurrent Clear Claimed Marks
[2024-03-11T18:49:16.625+0000][1.793s] GC(5) Concurrent Clear Claimed Marks 0.220ms
[2024-03-11T18:49:16.626+0000][1.794s] GC(5) Concurrent Scan Root Regions
[2024-03-11T18:49:16.627+0000][1.795s] GC(5) Concurrent Scan Root Regions 1.242ms
[2024-03-11T18:49:16.627+0000][1.795s] GC(5) Concurrent Mark
[2024-03-11T18:49:16.627+0000][1.795s] GC(5) Concurrent Mark From Roots
[2024-03-11T18:49:16.628+0000][1.796s] GC(5) Using 6 workers of 6 for marking
[2024-03-11T18:49:16.630+0000][1.798s] GC(5) Concurrent Mark From Roots 2.813ms
[2024-03-11T18:49:16.630+0000][1.798s] GC(5) Concurrent Preclean
[2024-03-11T18:49:16.631+0000][1.799s] GC(5) Concurrent Preclean 0.248ms
[2024-03-11T18:49:16.631+0000][1.799s] GC(5) Pause Remark
[2024-03-11T18:49:16.633+0000][1.801s] GC(5) Pause Remark 31M->31M(512M) 1.599ms
[2024-03-11T18:49:16.633+0000][1.801s] GC(5) User=0.01s Sys=0.00s Real=0.00s
[2024-03-11T18:49:16.633+0000][1.801s] GC(5) Concurrent Mark 5.707ms
[2024-03-11T18:49:16.633+0000][1.801s] GC(5) Concurrent Rebuild Remembered Sets
[2024-03-11T18:49:16.634+0000][1.802s] GC(5) Concurrent Rebuild Remembered Sets 1.218ms
[2024-03-11T18:49:16.635+0000][1.803s] GC(5) Pause Cleanup
[2024-03-11T18:49:16.635+0000][1.803s] GC(5) Pause Cleanup 32M->32M(512M) 0.319ms
[2024-03-11T18:49:16.635+0000][1.803s] GC(5) User=0.00s Sys=0.00s Real=0.00s
[2024-03-11T18:49:16.635+0000][1.803s] GC(5) Concurrent Cleanup for Next Mark
[2024-03-11T18:49:16.636+0000][1.804s] GC(5) Concurrent Cleanup for Next Mark 0.560ms
[2024-03-11T18:49:16.636+0000][1.804s] GC(5) Concurrent Mark Cycle 10.785ms
[2024-03-11T18:55:49.519+0000][394.687s] GC(6) Pause Young (Normal) (G1 Evacuation Pause)
[2024-03-11T18:55:49.519+0000][394.687s] GC(6) Using 23 workers of 23 for evacuation
[2024-03-11T18:55:49.526+0000][394.694s] GC(6)   Pre Evacuate Collection Set: 0.2ms
[2024-03-11T18:55:49.527+0000][394.695s] GC(6)   Merge Heap Roots: 0.2ms
[2024-03-11T18:55:49.527+0000][394.695s] GC(6)   Evacuate Collection Set: 5.9ms
[2024-03-11T18:55:49.527+0000][394.695s] GC(6)   Post Evacuate Collection Set: 1.0ms
[2024-03-11T18:55:49.527+0000][394.695s] GC(6)   Other: 0.4ms
[2024-03-11T18:55:49.527+0000][394.695s] GC(6) Eden regions: 291->0(271)
[2024-03-11T18:55:49.527+0000][394.695s] GC(6) Survivor regions: 16->36(39)
[2024-03-11T18:55:49.527+0000][394.695s] GC(6) Old regions: 10->10
[2024-03-11T18:55:49.527+0000][394.695s] GC(6) Archive regions: 2->2
[2024-03-11T18:55:49.527+0000][394.695s] GC(6) Humongous regions: 4->4
[2024-03-11T18:55:49.527+0000][394.695s] GC(6) Metaspace: 55099K(55744K)->55099K(55744K) NonClass: 48022K(48384K)->48022K(48384K) Class: 7076K(7360K)->7076K(7360K)
[2024-03-11T18:55:49.528+0000][394.695s] GC(6) Pause Young (Normal) (G1 Evacuation Pause) 320M->50M(512M) 8.750ms
[2024-03-11T18:55:49.528+0000][394.696s] GC(6) User=0.08s Sys=0.03s Real=0.00s
