[2024-03-15T13:25:08.112+0000][0.030s] Using G1
[2024-03-15T13:25:08.147+0000][0.065s] Version: 17.0.10+7 (release)
[2024-03-15T13:25:08.147+0000][0.065s] CPUs: 32 total, 32 available
[2024-03-15T13:25:08.148+0000][0.066s] Memory: 15875M
[2024-03-15T13:25:08.148+0000][0.066s] Large Page Support: Disabled
[2024-03-15T13:25:08.148+0000][0.066s] NUMA Support: Disabled
[2024-03-15T13:25:08.148+0000][0.066s] Compressed Oops: Enabled (32-bit)
[2024-03-15T13:25:08.148+0000][0.066s] Heap Region Size: 1M
[2024-03-15T13:25:08.148+0000][0.066s] Heap Min Capacity: 512M
[2024-03-15T13:25:08.149+0000][0.067s] Heap Initial Capacity: 512M
[2024-03-15T13:25:08.149+0000][0.067s] Heap Max Capacity: 512M
[2024-03-15T13:25:08.149+0000][0.067s] Pre-touch: Enabled
[2024-03-15T13:25:08.149+0000][0.067s] Parallel Workers: 23
[2024-03-15T13:25:08.149+0000][0.067s] Concurrent Workers: 6
[2024-03-15T13:25:08.150+0000][0.068s] Concurrent Refinement Workers: 23
[2024-03-15T13:25:08.150+0000][0.068s] Periodic GC: Disabled
[2024-03-15T13:25:08.153+0000][0.071s] CDS archive(s) mapped at: [0x00007f09cf000000-0x00007f09cfa5f000-0x00007f09cfa5f000), size 10874880, SharedBaseAddress: 0x00007f09cf000000, ArchiveRelocationMode: 1.
[2024-03-15T13:25:08.153+0000][0.071s] Compressed class space mapped at: 0x00007f09d0000000-0x00007f0a10000000, reserved size: 1073741824
[2024-03-15T13:25:08.154+0000][0.072s] Narrow klass base: 0x00007f09cf000000, Narrow klass shift: 0, Narrow klass range: 0x100000000
[2024-03-15T13:25:08.589+0000][0.507s] GC(0) Pause Young (Normal) (G1 Evacuation Pause)
[2024-03-15T13:25:08.589+0000][0.507s] GC(0) Using 12 workers of 23 for evacuation
[2024-03-15T13:25:08.591+0000][0.509s] GC(0)   Pre Evacuate Collection Set: 0.1ms
[2024-03-15T13:25:08.592+0000][0.510s] GC(0)   Merge Heap Roots: 0.1ms
[2024-03-15T13:25:08.592+0000][0.510s] GC(0)   Evacuate Collection Set: 1.2ms
[2024-03-15T13:25:08.592+0000][0.510s] GC(0)   Post Evacuate Collection Set: 0.4ms
[2024-03-15T13:25:08.592+0000][0.510s] GC(0)   Other: 0.4ms
[2024-03-15T13:25:08.592+0000][0.510s] GC(0) Eden regions: 29->0(57)
[2024-03-15T13:25:08.592+0000][0.510s] GC(0) Survivor regions: 0->4(4)
[2024-03-15T13:25:08.593+0000][0.511s] GC(0) Old regions: 0->1
[2024-03-15T13:25:08.593+0000][0.511s] GC(0) Archive regions: 2->2
[2024-03-15T13:25:08.593+0000][0.511s] GC(0) Humongous regions: 0->0
[2024-03-15T13:25:08.593+0000][0.511s] GC(0) Metaspace: 10070K(10368K)->10070K(10368K) NonClass: 8829K(8960K)->8829K(8960K) Class: 1241K(1408K)->1241K(1408K)
[2024-03-15T13:25:08.593+0000][0.511s] GC(0) Pause Young (Normal) (G1 Evacuation Pause) 29M->5M(512M) 3.867ms
[2024-03-15T13:25:08.593+0000][0.511s] GC(0) User=0.01s Sys=0.00s Real=0.00s
[2024-03-15T13:25:08.910+0000][0.828s] GC(1) Pause Young (Normal) (G1 Evacuation Pause)
[2024-03-15T13:25:08.910+0000][0.828s] GC(1) Using 22 workers of 23 for evacuation
[2024-03-15T13:25:08.916+0000][0.834s] GC(1)   Pre Evacuate Collection Set: 0.4ms
[2024-03-15T13:25:08.916+0000][0.834s] GC(1)   Merge Heap Roots: 0.3ms
[2024-03-15T13:25:08.916+0000][0.834s] GC(1)   Evacuate Collection Set: 3.1ms
[2024-03-15T13:25:08.916+0000][0.834s] GC(1)   Post Evacuate Collection Set: 1.3ms
[2024-03-15T13:25:08.916+0000][0.834s] GC(1)   Other: 0.4ms
[2024-03-15T13:25:08.916+0000][0.834s] GC(1) Eden regions: 57->0(181)
[2024-03-15T13:25:08.917+0000][0.835s] GC(1) Survivor regions: 4->8(8)
[2024-03-15T13:25:08.917+0000][0.835s] GC(1) Old regions: 1->10
[2024-03-15T13:25:08.917+0000][0.835s] GC(1) Archive regions: 2->2
[2024-03-15T13:25:08.917+0000][0.835s] GC(1) Humongous regions: 4->4
[2024-03-15T13:25:08.917+0000][0.835s] GC(1) Metaspace: 18163K(18432K)->18163K(18432K) NonClass: 15947K(16128K)->15947K(16128K) Class: 2215K(2304K)->2215K(2304K)
[2024-03-15T13:25:08.917+0000][0.835s] GC(1) Pause Young (Normal) (G1 Evacuation Pause) 66M->22M(512M) 7.206ms
[2024-03-15T13:25:08.917+0000][0.835s] GC(1) User=0.06s Sys=0.01s Real=0.01s
[2024-03-15T13:25:09.097+0000][1.015s] GC(2) Pause Young (Concurrent Start) (Metadata GC Threshold)
[2024-03-15T13:25:09.098+0000][1.016s] GC(2) Using 23 workers of 23 for evacuation
[2024-03-15T13:25:09.102+0000][1.020s] GC(2)   Pre Evacuate Collection Set: 0.2ms
[2024-03-15T13:25:09.102+0000][1.020s] GC(2)   Merge Heap Roots: 0.2ms
[2024-03-15T13:25:09.102+0000][1.020s] GC(2)   Evacuate Collection Set: 2.5ms
[2024-03-15T13:25:09.102+0000][1.020s] GC(2)   Post Evacuate Collection Set: 1.0ms
[2024-03-15T13:25:09.102+0000][1.020s] GC(2)   Other: 0.6ms
[2024-03-15T13:25:09.103+0000][1.021s] GC(2) Eden regions: 29->0(196)
[2024-03-15T13:25:09.103+0000][1.021s] GC(2) Survivor regions: 8->10(24)
[2024-03-15T13:25:09.103+0000][1.021s] GC(2) Old regions: 10->10
[2024-03-15T13:25:09.103+0000][1.021s] GC(2) Archive regions: 2->2
[2024-03-15T13:25:09.103+0000][1.021s] GC(2) Humongous regions: 4->4
[2024-03-15T13:25:09.103+0000][1.021s] GC(2) Metaspace: 21204K(21504K)->21204K(21504K) NonClass: 18609K(18752K)->18609K(18752K) Class: 2594K(2752K)->2594K(2752K)
[2024-03-15T13:25:09.103+0000][1.021s] GC(2) Pause Young (Concurrent Start) (Metadata GC Threshold) 51M->24M(512M) 5.859ms
[2024-03-15T13:25:09.103+0000][1.021s] GC(2) User=0.02s Sys=0.01s Real=0.00s
[2024-03-15T13:25:09.104+0000][1.021s] GC(3) Concurrent Mark Cycle
[2024-03-15T13:25:09.104+0000][1.022s] GC(3) Concurrent Clear Claimed Marks
[2024-03-15T13:25:09.104+0000][1.022s] GC(3) Concurrent Clear Claimed Marks 0.138ms
[2024-03-15T13:25:09.104+0000][1.022s] GC(3) Concurrent Scan Root Regions
[2024-03-15T13:25:09.105+0000][1.023s] GC(3) Concurrent Scan Root Regions 1.483ms
[2024-03-15T13:25:09.106+0000][1.024s] GC(3) Concurrent Mark
[2024-03-15T13:25:09.106+0000][1.024s] GC(3) Concurrent Mark From Roots
[2024-03-15T13:25:09.106+0000][1.024s] GC(3) Using 6 workers of 6 for marking
[2024-03-15T13:25:09.108+0000][1.026s] GC(3) Concurrent Mark From Roots 2.701ms
[2024-03-15T13:25:09.109+0000][1.027s] GC(3) Concurrent Preclean
[2024-03-15T13:25:09.109+0000][1.027s] GC(3) Concurrent Preclean 0.182ms
[2024-03-15T13:25:09.109+0000][1.027s] GC(3) Pause Remark
[2024-03-15T13:25:09.111+0000][1.029s] GC(3) Pause Remark 25M->25M(512M) 2.024ms
[2024-03-15T13:25:09.111+0000][1.029s] GC(3) User=0.01s Sys=0.00s Real=0.00s
[2024-03-15T13:25:09.112+0000][1.029s] GC(3) Concurrent Mark 5.961ms
[2024-03-15T13:25:09.112+0000][1.030s] GC(3) Concurrent Rebuild Remembered Sets
[2024-03-15T13:25:09.113+0000][1.031s] GC(3) Concurrent Rebuild Remembered Sets 1.266ms
[2024-03-15T13:25:09.113+0000][1.031s] GC(3) Pause Cleanup
[2024-03-15T13:25:09.114+0000][1.032s] GC(3) Pause Cleanup 25M->25M(512M) 0.350ms
[2024-03-15T13:25:09.114+0000][1.032s] GC(3) User=0.00s Sys=0.00s Real=0.00s
[2024-03-15T13:25:09.114+0000][1.032s] GC(3) Concurrent Cleanup for Next Mark
[2024-03-15T13:25:09.115+0000][1.032s] GC(3) Concurrent Cleanup for Next Mark 0.425ms
[2024-03-15T13:25:09.115+0000][1.033s] GC(3) Concurrent Mark Cycle 11.141ms
[2024-03-15T13:25:09.848+0000][1.766s] GC(4) Pause Young (Prepare Mixed) (Metadata GC Threshold)
[2024-03-15T13:25:09.848+0000][1.766s] GC(4) Using 23 workers of 23 for evacuation
[2024-03-15T13:25:09.854+0000][1.772s] GC(4)   Pre Evacuate Collection Set: 0.4ms
[2024-03-15T13:25:09.855+0000][1.773s] GC(4)   Merge Heap Roots: 0.2ms
[2024-03-15T13:25:09.855+0000][1.773s] GC(4)   Evacuate Collection Set: 3.5ms
[2024-03-15T13:25:09.855+0000][1.773s] GC(4)   Post Evacuate Collection Set: 1.7ms
[2024-03-15T13:25:09.855+0000][1.773s] GC(4)   Other: 0.5ms
[2024-03-15T13:25:09.855+0000][1.773s] GC(4) Eden regions: 88->0(9)
[2024-03-15T13:25:09.855+0000][1.773s] GC(4) Survivor regions: 10->16(25)
[2024-03-15T13:25:09.856+0000][1.773s] GC(4) Old regions: 10->10
[2024-03-15T13:25:09.856+0000][1.774s] GC(4) Archive regions: 2->2
[2024-03-15T13:25:09.856+0000][1.774s] GC(4) Humongous regions: 4->4
[2024-03-15T13:25:09.856+0000][1.774s] GC(4) Metaspace: 35704K(36096K)->35704K(36096K) NonClass: 31253K(31424K)->31253K(31424K) Class: 4450K(4672K)->4450K(4672K)
[2024-03-15T13:25:09.856+0000][1.774s] GC(4) Pause Young (Prepare Mixed) (Metadata GC Threshold) 111M->29M(512M) 7.956ms
[2024-03-15T13:25:09.856+0000][1.774s] GC(4) User=0.05s Sys=0.01s Real=0.00s
[2024-03-15T13:25:09.864+0000][1.782s] GC(5) Pause Young (Mixed) (GCLocker Initiated GC)
[2024-03-15T13:25:09.864+0000][1.782s] GC(5) Using 23 workers of 23 for evacuation
[2024-03-15T13:25:09.871+0000][1.789s] GC(5)   Pre Evacuate Collection Set: 0.4ms
[2024-03-15T13:25:09.871+0000][1.789s] GC(5)   Merge Heap Roots: 0.4ms
[2024-03-15T13:25:09.871+0000][1.789s] GC(5)   Evacuate Collection Set: 4.2ms
[2024-03-15T13:25:09.871+0000][1.789s] GC(5)   Post Evacuate Collection Set: 1.3ms
[2024-03-15T13:25:09.871+0000][1.789s] GC(5)   Other: 0.6ms
[2024-03-15T13:25:09.872+0000][1.789s] GC(5) Eden regions: 2->0(305)
[2024-03-15T13:25:09.872+0000][1.790s] GC(5) Survivor regions: 16->2(4)
[2024-03-15T13:25:09.872+0000][1.790s] GC(5) Old regions: 10->25
[2024-03-15T13:25:09.872+0000][1.790s] GC(5) Archive regions: 2->2
[2024-03-15T13:25:09.872+0000][1.790s] GC(5) Humongous regions: 4->4
[2024-03-15T13:25:09.872+0000][1.790s] GC(5) Metaspace: 36012K(36480K)->36012K(36480K) NonClass: 31524K(31744K)->31524K(31744K) Class: 4487K(4736K)->4487K(4736K)
[2024-03-15T13:25:09.872+0000][1.790s] GC(5) Pause Young (Mixed) (GCLocker Initiated GC) 31M->30M(512M) 8.605ms
[2024-03-15T13:25:09.873+0000][1.790s] GC(5) User=0.05s Sys=0.01s Real=0.01s
[2024-03-15T13:25:09.882+0000][1.800s] GC(6) Pause Young (Concurrent Start) (Metadata GC Threshold)
[2024-03-15T13:25:09.882+0000][1.800s] GC(6) Using 23 workers of 23 for evacuation
[2024-03-15T13:25:09.885+0000][1.803s] GC(6)   Pre Evacuate Collection Set: 0.5ms
[2024-03-15T13:25:09.885+0000][1.803s] GC(6)   Merge Heap Roots: 0.4ms
[2024-03-15T13:25:09.886+0000][1.804s] GC(6)   Evacuate Collection Set: 1.3ms
[2024-03-15T13:25:09.886+0000][1.804s] GC(6)   Post Evacuate Collection Set: 0.7ms
[2024-03-15T13:25:09.886+0000][1.804s] GC(6)   Other: 0.6ms
[2024-03-15T13:25:09.886+0000][1.804s] GC(6) Eden regions: 2->0(306)
[2024-03-15T13:25:09.886+0000][1.804s] GC(6) Survivor regions: 2->1(39)
[2024-03-15T13:25:09.886+0000][1.804s] GC(6) Old regions: 25->25
[2024-03-15T13:25:09.886+0000][1.804s] GC(6) Archive regions: 2->2
[2024-03-15T13:25:09.887+0000][1.804s] GC(6) Humongous regions: 4->4
[2024-03-15T13:25:09.887+0000][1.805s] GC(6) Metaspace: 36367K(36736K)->36367K(36736K) NonClass: 31839K(32000K)->31839K(32000K) Class: 4528K(4736K)->4528K(4736K)
[2024-03-15T13:25:09.887+0000][1.805s] GC(6) Pause Young (Concurrent Start) (Metadata GC Threshold) 32M->29M(512M) 5.181ms
[2024-03-15T13:25:09.887+0000][1.805s] GC(6) User=0.00s Sys=0.01s Real=0.01s
[2024-03-15T13:25:09.887+0000][1.805s] GC(7) Concurrent Mark Cycle
[2024-03-15T13:25:09.887+0000][1.805s] GC(7) Concurrent Clear Claimed Marks
[2024-03-15T13:25:09.888+0000][1.805s] GC(7) Concurrent Clear Claimed Marks 0.175ms
[2024-03-15T13:25:09.888+0000][1.806s] GC(7) Concurrent Scan Root Regions
[2024-03-15T13:25:09.888+0000][1.806s] GC(7) Concurrent Scan Root Regions 0.761ms
[2024-03-15T13:25:09.889+0000][1.807s] GC(7) Concurrent Mark
[2024-03-15T13:25:09.889+0000][1.807s] GC(7) Concurrent Mark From Roots
[2024-03-15T13:25:09.889+0000][1.807s] GC(7) Using 6 workers of 6 for marking
[2024-03-15T13:25:09.895+0000][1.813s] GC(7) Concurrent Mark From Roots 6.331ms
[2024-03-15T13:25:09.895+0000][1.813s] GC(7) Concurrent Preclean
[2024-03-15T13:25:09.896+0000][1.814s] GC(7) Concurrent Preclean 0.333ms
[2024-03-15T13:25:09.896+0000][1.814s] GC(7) Pause Remark
[2024-03-15T13:25:09.899+0000][1.817s] GC(7) Pause Remark 30M->30M(512M) 2.776ms
[2024-03-15T13:25:09.899+0000][1.817s] GC(7) User=0.01s Sys=0.01s Real=0.01s
[2024-03-15T13:25:09.899+0000][1.817s] GC(7) Concurrent Mark 10.900ms
[2024-03-15T13:25:09.900+0000][1.818s] GC(7) Concurrent Rebuild Remembered Sets
[2024-03-15T13:25:09.902+0000][1.820s] GC(7) Concurrent Rebuild Remembered Sets 2.577ms
[2024-03-15T13:25:09.903+0000][1.821s] GC(7) Pause Cleanup
[2024-03-15T13:25:09.903+0000][1.821s] GC(7) Pause Cleanup 31M->31M(512M) 0.630ms
[2024-03-15T13:25:09.903+0000][1.821s] GC(7) User=0.00s Sys=0.00s Real=0.00s
[2024-03-15T13:25:09.904+0000][1.822s] GC(7) Concurrent Cleanup for Next Mark
[2024-03-15T13:25:09.904+0000][1.822s] GC(7) Concurrent Cleanup for Next Mark 0.503ms
[2024-03-15T13:25:09.904+0000][1.822s] GC(7) Concurrent Mark Cycle 17.232ms
[2024-03-15T13:26:16.534+0000][68.452s] Heap
[2024-03-15T13:26:16.534+0000][68.452s]  garbage-first heap   total 524288K, used 220039K [0x00000000e0000000, 0x0000000100000000)
[2024-03-15T13:26:16.534+0000][68.453s]   region size 1024K, 187 young (191488K), 1 survivors (1024K)
[2024-03-15T13:26:16.535+0000][68.453s]  Metaspace       used 52408K, committed 52928K, reserved 1114112K
[2024-03-15T13:26:16.535+0000][68.453s]   class space    used 6731K, committed 6976K, reserved 1048576K
