[2024-03-15T12:27:30.962+0000][0.024s] Using G1
[2024-03-15T12:27:30.997+0000][0.058s] Version: 17.0.10+7 (release)
[2024-03-15T12:27:30.997+0000][0.059s] CPUs: 32 total, 32 available
[2024-03-15T12:27:30.997+0000][0.059s] Memory: 15875M
[2024-03-15T12:27:30.997+0000][0.059s] Large Page Support: Disabled
[2024-03-15T12:27:30.997+0000][0.059s] NUMA Support: Disabled
[2024-03-15T12:27:30.998+0000][0.059s] Compressed Oops: Enabled (32-bit)
[2024-03-15T12:27:30.998+0000][0.060s] Heap Region Size: 1M
[2024-03-15T12:27:30.998+0000][0.060s] Heap Min Capacity: 512M
[2024-03-15T12:27:30.998+0000][0.060s] Heap Initial Capacity: 512M
[2024-03-15T12:27:30.999+0000][0.061s] Heap Max Capacity: 512M
[2024-03-15T12:27:30.999+0000][0.061s] Pre-touch: Enabled
[2024-03-15T12:27:30.999+0000][0.061s] Parallel Workers: 23
[2024-03-15T12:27:30.999+0000][0.061s] Concurrent Workers: 6
[2024-03-15T12:27:30.999+0000][0.061s] Concurrent Refinement Workers: 23
[2024-03-15T12:27:31.000+0000][0.061s] Periodic GC: Disabled
[2024-03-15T12:27:31.003+0000][0.064s] CDS archive(s) mapped at: [0x00007f5eab000000-0x00007f5eaba5f000-0x00007f5eaba5f000), size 10874880, SharedBaseAddress: 0x00007f5eab000000, ArchiveRelocationMode: 1.
[2024-03-15T12:27:31.003+0000][0.065s] Compressed class space mapped at: 0x00007f5eac000000-0x00007f5eec000000, reserved size: 1073741824
[2024-03-15T12:27:31.003+0000][0.065s] Narrow klass base: 0x00007f5eab000000, Narrow klass shift: 0, Narrow klass range: 0x100000000
[2024-03-15T12:27:31.364+0000][0.426s] GC(0) Pause Young (Normal) (G1 Evacuation Pause)
[2024-03-15T12:27:31.364+0000][0.426s] GC(0) Using 12 workers of 23 for evacuation
[2024-03-15T12:27:31.366+0000][0.428s] GC(0)   Pre Evacuate Collection Set: 0.1ms
[2024-03-15T12:27:31.366+0000][0.428s] GC(0)   Merge Heap Roots: 0.1ms
[2024-03-15T12:27:31.367+0000][0.428s] GC(0)   Evacuate Collection Set: 1.3ms
[2024-03-15T12:27:31.367+0000][0.428s] GC(0)   Post Evacuate Collection Set: 0.4ms
[2024-03-15T12:27:31.367+0000][0.429s] GC(0)   Other: 0.3ms
[2024-03-15T12:27:31.367+0000][0.429s] GC(0) Eden regions: 29->0(59)
[2024-03-15T12:27:31.367+0000][0.429s] GC(0) Survivor regions: 0->4(4)
[2024-03-15T12:27:31.367+0000][0.429s] GC(0) Old regions: 0->1
[2024-03-15T12:27:31.367+0000][0.429s] GC(0) Archive regions: 2->2
[2024-03-15T12:27:31.367+0000][0.429s] GC(0) Humongous regions: 0->0
[2024-03-15T12:27:31.367+0000][0.429s] GC(0) Metaspace: 9909K(10176K)->9909K(10176K) NonClass: 8697K(8832K)->8697K(8832K) Class: 1211K(1344K)->1211K(1344K)
[2024-03-15T12:27:31.368+0000][0.429s] GC(0) Pause Young (Normal) (G1 Evacuation Pause) 29M->5M(512M) 3.370ms
[2024-03-15T12:27:31.368+0000][0.429s] GC(0) User=0.01s Sys=0.01s Real=0.00s
[2024-03-15T12:27:31.737+0000][0.798s] GC(1) Pause Young (Normal) (G1 Evacuation Pause)
[2024-03-15T12:27:31.737+0000][0.799s] GC(1) Using 22 workers of 23 for evacuation
[2024-03-15T12:27:31.741+0000][0.803s] GC(1)   Pre Evacuate Collection Set: 0.3ms
[2024-03-15T12:27:31.741+0000][0.803s] GC(1)   Merge Heap Roots: 0.2ms
[2024-03-15T12:27:31.742+0000][0.803s] GC(1)   Evacuate Collection Set: 3.0ms
[2024-03-15T12:27:31.742+0000][0.803s] GC(1)   Post Evacuate Collection Set: 0.7ms
[2024-03-15T12:27:31.742+0000][0.804s] GC(1)   Other: 0.4ms
[2024-03-15T12:27:31.742+0000][0.804s] GC(1) Eden regions: 59->0(74)
[2024-03-15T12:27:31.742+0000][0.804s] GC(1) Survivor regions: 4->8(8)
[2024-03-15T12:27:31.742+0000][0.804s] GC(1) Old regions: 1->10
[2024-03-15T12:27:31.743+0000][0.804s] GC(1) Archive regions: 2->2
[2024-03-15T12:27:31.743+0000][0.804s] GC(1) Humongous regions: 4->4
[2024-03-15T12:27:31.743+0000][0.805s] GC(1) Metaspace: 18183K(18432K)->18183K(18432K) NonClass: 15966K(16128K)->15966K(16128K) Class: 2217K(2304K)->2217K(2304K)
[2024-03-15T12:27:31.743+0000][0.805s] GC(1) Pause Young (Normal) (G1 Evacuation Pause) 68M->22M(512M) 6.329ms
[2024-03-15T12:27:31.743+0000][0.805s] GC(1) User=0.04s Sys=0.02s Real=0.01s
[2024-03-15T12:27:31.876+0000][0.938s] GC(2) Pause Young (Concurrent Start) (Metadata GC Threshold)
[2024-03-15T12:27:31.876+0000][0.938s] GC(2) Using 23 workers of 23 for evacuation
[2024-03-15T12:27:31.880+0000][0.941s] GC(2)   Pre Evacuate Collection Set: 0.2ms
[2024-03-15T12:27:31.880+0000][0.941s] GC(2)   Merge Heap Roots: 0.2ms
[2024-03-15T12:27:31.880+0000][0.942s] GC(2)   Evacuate Collection Set: 2.2ms
[2024-03-15T12:27:31.880+0000][0.942s] GC(2)   Post Evacuate Collection Set: 0.6ms
[2024-03-15T12:27:31.880+0000][0.942s] GC(2)   Other: 0.5ms
[2024-03-15T12:27:31.880+0000][0.942s] GC(2) Eden regions: 26->0(115)
[2024-03-15T12:27:31.880+0000][0.942s] GC(2) Survivor regions: 8->2(11)
[2024-03-15T12:27:31.880+0000][0.942s] GC(2) Old regions: 10->18
[2024-03-15T12:27:31.881+0000][0.942s] GC(2) Archive regions: 2->2
[2024-03-15T12:27:31.881+0000][0.942s] GC(2) Humongous regions: 4->4
[2024-03-15T12:27:31.881+0000][0.943s] GC(2) Metaspace: 21207K(21504K)->21207K(21504K) NonClass: 18614K(18752K)->18614K(18752K) Class: 2593K(2752K)->2593K(2752K)
[2024-03-15T12:27:31.881+0000][0.943s] GC(2) Pause Young (Concurrent Start) (Metadata GC Threshold) 48M->24M(512M) 5.064ms
[2024-03-15T12:27:31.881+0000][0.943s] GC(2) User=0.02s Sys=0.01s Real=0.00s
[2024-03-15T12:27:31.881+0000][0.943s] GC(3) Concurrent Mark Cycle
[2024-03-15T12:27:31.881+0000][0.943s] GC(3) Concurrent Clear Claimed Marks
[2024-03-15T12:27:31.882+0000][0.943s] GC(3) Concurrent Clear Claimed Marks 0.147ms
[2024-03-15T12:27:31.882+0000][0.943s] GC(3) Concurrent Scan Root Regions
[2024-03-15T12:27:31.883+0000][0.945s] GC(3) Concurrent Scan Root Regions 1.357ms
[2024-03-15T12:27:31.883+0000][0.945s] GC(3) Concurrent Mark
[2024-03-15T12:27:31.883+0000][0.945s] GC(3) Concurrent Mark From Roots
[2024-03-15T12:27:31.883+0000][0.945s] GC(3) Using 6 workers of 6 for marking
[2024-03-15T12:27:31.886+0000][0.948s] GC(3) Concurrent Mark From Roots 2.698ms
[2024-03-15T12:27:31.886+0000][0.948s] GC(3) Concurrent Preclean
[2024-03-15T12:27:31.886+0000][0.948s] GC(3) Concurrent Preclean 0.189ms
[2024-03-15T12:27:31.887+0000][0.948s] GC(3) Pause Remark
[2024-03-15T12:27:31.888+0000][0.950s] GC(3) Pause Remark 25M->25M(512M) 1.753ms
[2024-03-15T12:27:31.889+0000][0.950s] GC(3) User=0.01s Sys=0.00s Real=0.00s
[2024-03-15T12:27:31.889+0000][0.950s] GC(3) Concurrent Mark 5.513ms
[2024-03-15T12:27:31.889+0000][0.951s] GC(3) Concurrent Rebuild Remembered Sets
[2024-03-15T12:27:31.890+0000][0.952s] GC(3) Concurrent Rebuild Remembered Sets 1.153ms
[2024-03-15T12:27:31.890+0000][0.952s] GC(3) Pause Cleanup
[2024-03-15T12:27:31.891+0000][0.952s] GC(3) Pause Cleanup 25M->25M(512M) 0.339ms
[2024-03-15T12:27:31.891+0000][0.952s] GC(3) User=0.00s Sys=0.00s Real=0.00s
[2024-03-15T12:27:31.891+0000][0.952s] GC(3) Concurrent Cleanup for Next Mark
[2024-03-15T12:27:31.891+0000][0.953s] GC(3) Concurrent Cleanup for Next Mark 0.379ms
[2024-03-15T12:27:31.891+0000][0.953s] GC(3) Concurrent Mark Cycle 10.013ms
[2024-03-15T12:27:32.574+0000][1.636s] GC(4) Pause Young (Concurrent Start) (Metadata GC Threshold)
[2024-03-15T12:27:32.574+0000][1.636s] GC(4) Using 23 workers of 23 for evacuation
[2024-03-15T12:27:32.578+0000][1.640s] GC(4)   Pre Evacuate Collection Set: 0.2ms
[2024-03-15T12:27:32.578+0000][1.640s] GC(4)   Merge Heap Roots: 0.2ms
[2024-03-15T12:27:32.578+0000][1.640s] GC(4)   Evacuate Collection Set: 1.9ms
[2024-03-15T12:27:32.578+0000][1.640s] GC(4)   Post Evacuate Collection Set: 1.3ms
[2024-03-15T12:27:32.579+0000][1.640s] GC(4)   Other: 0.4ms
[2024-03-15T12:27:32.579+0000][1.640s] GC(4) Eden regions: 89->0(300)
[2024-03-15T12:27:32.579+0000][1.640s] GC(4) Survivor regions: 2->7(15)
[2024-03-15T12:27:32.579+0000][1.641s] GC(4) Old regions: 18->18
[2024-03-15T12:27:32.579+0000][1.641s] GC(4) Archive regions: 2->2
[2024-03-15T12:27:32.579+0000][1.641s] GC(4) Humongous regions: 4->4
[2024-03-15T12:27:32.579+0000][1.641s] GC(4) Metaspace: 35931K(36288K)->35931K(36288K) NonClass: 31454K(31616K)->31454K(31616K) Class: 4477K(4672K)->4477K(4672K)
[2024-03-15T12:27:32.579+0000][1.641s] GC(4) Pause Young (Concurrent Start) (Metadata GC Threshold) 113M->29M(512M) 5.286ms
[2024-03-15T12:27:32.579+0000][1.641s] GC(4) User=0.02s Sys=0.01s Real=0.00s
[2024-03-15T12:27:32.579+0000][1.641s] GC(5) Concurrent Mark Cycle
[2024-03-15T12:27:32.580+0000][1.641s] GC(5) Concurrent Clear Claimed Marks
[2024-03-15T12:27:32.580+0000][1.642s] GC(5) Concurrent Clear Claimed Marks 0.163ms
[2024-03-15T12:27:32.580+0000][1.642s] GC(5) Concurrent Scan Root Regions
[2024-03-15T12:27:32.581+0000][1.643s] GC(5) Concurrent Scan Root Regions 1.001ms
[2024-03-15T12:27:32.581+0000][1.643s] GC(5) Concurrent Mark
[2024-03-15T12:27:32.581+0000][1.643s] GC(5) Concurrent Mark From Roots
[2024-03-15T12:27:32.581+0000][1.643s] GC(5) Using 6 workers of 6 for marking
[2024-03-15T12:27:32.585+0000][1.647s] GC(5) Concurrent Mark From Roots 4.016ms
[2024-03-15T12:27:32.585+0000][1.647s] GC(5) Concurrent Preclean
[2024-03-15T12:27:32.586+0000][1.648s] GC(5) Concurrent Preclean 0.287ms
[2024-03-15T12:27:32.586+0000][1.648s] GC(5) Pause Remark
[2024-03-15T12:27:32.589+0000][1.650s] GC(5) Pause Remark 30M->30M(512M) 2.605ms
[2024-03-15T12:27:32.589+0000][1.651s] GC(5) User=0.01s Sys=0.00s Real=0.00s
[2024-03-15T12:27:32.589+0000][1.651s] GC(5) Concurrent Mark 7.994ms
[2024-03-15T12:27:32.589+0000][1.651s] GC(5) Concurrent Rebuild Remembered Sets
[2024-03-15T12:27:32.591+0000][1.652s] GC(5) Concurrent Rebuild Remembered Sets 1.446ms
[2024-03-15T12:27:32.591+0000][1.653s] GC(5) Pause Cleanup
[2024-03-15T12:27:32.591+0000][1.653s] GC(5) Pause Cleanup 30M->30M(512M) 0.421ms
[2024-03-15T12:27:32.592+0000][1.653s] GC(5) User=0.00s Sys=0.00s Real=0.00s
[2024-03-15T12:27:32.592+0000][1.654s] GC(5) Concurrent Cleanup for Next Mark
[2024-03-15T12:27:32.592+0000][1.654s] GC(5) Concurrent Cleanup for Next Mark 0.392ms
[2024-03-15T12:27:32.592+0000][1.654s] GC(5) Concurrent Mark Cycle 12.822ms
[2024-03-15T12:28:10.188+0000][39.250s] Heap
[2024-03-15T12:28:10.188+0000][39.250s]  garbage-first heap   total 524288K, used 214999K [0x00000000e0000000, 0x0000000100000000)
[2024-03-15T12:28:10.188+0000][39.250s]   region size 1024K, 188 young (192512K), 7 survivors (7168K)
[2024-03-15T12:28:10.188+0000][39.250s]  Metaspace       used 52383K, committed 52864K, reserved 1114112K
[2024-03-15T12:28:10.188+0000][39.250s]   class space    used 6731K, committed 6976K, reserved 1048576K
