[2024-03-15T11:32:03.799+0000][0.037s] Using G1
[2024-03-15T11:32:03.840+0000][0.078s] Version: 17.0.10+7 (release)
[2024-03-15T11:32:03.840+0000][0.078s] CPUs: 32 total, 32 available
[2024-03-15T11:32:03.840+0000][0.079s] Memory: 15875M
[2024-03-15T11:32:03.841+0000][0.079s] Large Page Support: Disabled
[2024-03-15T11:32:03.841+0000][0.079s] NUMA Support: Disabled
[2024-03-15T11:32:03.841+0000][0.079s] Compressed Oops: Enabled (32-bit)
[2024-03-15T11:32:03.841+0000][0.079s] Heap Region Size: 1M
[2024-03-15T11:32:03.841+0000][0.080s] Heap Min Capacity: 512M
[2024-03-15T11:32:03.841+0000][0.080s] Heap Initial Capacity: 512M
[2024-03-15T11:32:03.842+0000][0.081s] Heap Max Capacity: 512M
[2024-03-15T11:32:03.843+0000][0.081s] Pre-touch: Enabled
[2024-03-15T11:32:03.843+0000][0.081s] Parallel Workers: 23
[2024-03-15T11:32:03.843+0000][0.081s] Concurrent Workers: 6
[2024-03-15T11:32:03.843+0000][0.081s] Concurrent Refinement Workers: 23
[2024-03-15T11:32:03.843+0000][0.082s] Periodic GC: Disabled
[2024-03-15T11:32:03.848+0000][0.086s] CDS archive(s) mapped at: [0x00007f5b87000000-0x00007f5b87a5f000-0x00007f5b87a5f000), size 10874880, SharedBaseAddress: 0x00007f5b87000000, ArchiveRelocationMode: 1.
[2024-03-15T11:32:03.848+0000][0.087s] Compressed class space mapped at: 0x00007f5b88000000-0x00007f5bc8000000, reserved size: 1073741824
[2024-03-15T11:32:03.849+0000][0.087s] Narrow klass base: 0x00007f5b87000000, Narrow klass shift: 0, Narrow klass range: 0x100000000
[2024-03-15T11:32:04.371+0000][0.610s] GC(0) Pause Young (Normal) (G1 Evacuation Pause)
[2024-03-15T11:32:04.371+0000][0.610s] GC(0) Using 12 workers of 23 for evacuation
[2024-03-15T11:32:04.373+0000][0.612s] GC(0)   Pre Evacuate Collection Set: 0.1ms
[2024-03-15T11:32:04.373+0000][0.612s] GC(0)   Merge Heap Roots: 0.1ms
[2024-03-15T11:32:04.374+0000][0.612s] GC(0)   Evacuate Collection Set: 1.1ms
[2024-03-15T11:32:04.374+0000][0.612s] GC(0)   Post Evacuate Collection Set: 0.4ms
[2024-03-15T11:32:04.374+0000][0.612s] GC(0)   Other: 0.3ms
[2024-03-15T11:32:04.374+0000][0.612s] GC(0) Eden regions: 29->0(59)
[2024-03-15T11:32:04.374+0000][0.612s] GC(0) Survivor regions: 0->4(4)
[2024-03-15T11:32:04.374+0000][0.612s] GC(0) Old regions: 0->1
[2024-03-15T11:32:04.374+0000][0.613s] GC(0) Archive regions: 2->2
[2024-03-15T11:32:04.374+0000][0.613s] GC(0) Humongous regions: 0->0
[2024-03-15T11:32:04.374+0000][0.613s] GC(0) Metaspace: 9896K(10176K)->9896K(10176K) NonClass: 8686K(8832K)->8686K(8832K) Class: 1209K(1344K)->1209K(1344K)
[2024-03-15T11:32:04.374+0000][0.613s] GC(0) Pause Young (Normal) (G1 Evacuation Pause) 29M->5M(512M) 3.210ms
[2024-03-15T11:32:04.374+0000][0.613s] GC(0) User=0.01s Sys=0.00s Real=0.00s
[2024-03-15T11:32:04.845+0000][1.083s] GC(1) Pause Young (Normal) (G1 Evacuation Pause)
[2024-03-15T11:32:04.845+0000][1.084s] GC(1) Using 22 workers of 23 for evacuation
[2024-03-15T11:32:04.849+0000][1.088s] GC(1)   Pre Evacuate Collection Set: 0.3ms
[2024-03-15T11:32:04.850+0000][1.088s] GC(1)   Merge Heap Roots: 0.2ms
[2024-03-15T11:32:04.850+0000][1.088s] GC(1)   Evacuate Collection Set: 2.9ms
[2024-03-15T11:32:04.850+0000][1.088s] GC(1)   Post Evacuate Collection Set: 0.6ms
[2024-03-15T11:32:04.850+0000][1.088s] GC(1)   Other: 0.4ms
[2024-03-15T11:32:04.850+0000][1.089s] GC(1) Eden regions: 59->0(75)
[2024-03-15T11:32:04.850+0000][1.089s] GC(1) Survivor regions: 4->8(8)
[2024-03-15T11:32:04.850+0000][1.089s] GC(1) Old regions: 1->10
[2024-03-15T11:32:04.850+0000][1.089s] GC(1) Archive regions: 2->2
[2024-03-15T11:32:04.851+0000][1.089s] GC(1) Humongous regions: 4->4
[2024-03-15T11:32:04.851+0000][1.089s] GC(1) Metaspace: 18191K(18432K)->18191K(18432K) NonClass: 15973K(16128K)->15973K(16128K) Class: 2217K(2304K)->2217K(2304K)
[2024-03-15T11:32:04.851+0000][1.089s] GC(1) Pause Young (Normal) (G1 Evacuation Pause) 68M->22M(512M) 5.775ms
[2024-03-15T11:32:04.851+0000][1.089s] GC(1) User=0.04s Sys=0.01s Real=0.01s
[2024-03-15T11:32:05.028+0000][1.267s] GC(2) Pause Young (Concurrent Start) (Metadata GC Threshold)
[2024-03-15T11:32:05.029+0000][1.267s] GC(2) Using 23 workers of 23 for evacuation
[2024-03-15T11:32:05.033+0000][1.272s] GC(2)   Pre Evacuate Collection Set: 0.4ms
[2024-03-15T11:32:05.033+0000][1.272s] GC(2)   Merge Heap Roots: 0.2ms
[2024-03-15T11:32:05.034+0000][1.272s] GC(2)   Evacuate Collection Set: 2.7ms
[2024-03-15T11:32:05.034+0000][1.272s] GC(2)   Post Evacuate Collection Set: 0.7ms
[2024-03-15T11:32:05.034+0000][1.272s] GC(2)   Other: 1.0ms
[2024-03-15T11:32:05.034+0000][1.272s] GC(2) Eden regions: 27->0(116)
[2024-03-15T11:32:05.034+0000][1.272s] GC(2) Survivor regions: 8->2(11)
[2024-03-15T11:32:05.034+0000][1.272s] GC(2) Old regions: 10->18
[2024-03-15T11:32:05.034+0000][1.273s] GC(2) Archive regions: 2->2
[2024-03-15T11:32:05.034+0000][1.273s] GC(2) Humongous regions: 4->4
[2024-03-15T11:32:05.035+0000][1.273s] GC(2) Metaspace: 21212K(21504K)->21212K(21504K) NonClass: 18618K(18752K)->18618K(18752K) Class: 2593K(2752K)->2593K(2752K)
[2024-03-15T11:32:05.035+0000][1.273s] GC(2) Pause Young (Concurrent Start) (Metadata GC Threshold) 48M->24M(512M) 6.449ms
[2024-03-15T11:32:05.035+0000][1.273s] GC(2) User=0.02s Sys=0.01s Real=0.00s
[2024-03-15T11:32:05.035+0000][1.274s] GC(3) Concurrent Mark Cycle
[2024-03-15T11:32:05.035+0000][1.274s] GC(3) Concurrent Clear Claimed Marks
[2024-03-15T11:32:05.035+0000][1.274s] GC(3) Concurrent Clear Claimed Marks 0.190ms
[2024-03-15T11:32:05.036+0000][1.274s] GC(3) Concurrent Scan Root Regions
[2024-03-15T11:32:05.037+0000][1.275s] GC(3) Concurrent Scan Root Regions 1.281ms
[2024-03-15T11:32:05.037+0000][1.275s] GC(3) Concurrent Mark
[2024-03-15T11:32:05.037+0000][1.276s] GC(3) Concurrent Mark From Roots
[2024-03-15T11:32:05.037+0000][1.276s] GC(3) Using 6 workers of 6 for marking
[2024-03-15T11:32:05.040+0000][1.278s] GC(3) Concurrent Mark From Roots 2.584ms
[2024-03-15T11:32:05.040+0000][1.278s] GC(3) Concurrent Preclean
[2024-03-15T11:32:05.040+0000][1.279s] GC(3) Concurrent Preclean 0.234ms
[2024-03-15T11:32:05.041+0000][1.279s] GC(3) Pause Remark
[2024-03-15T11:32:05.043+0000][1.281s] GC(3) Pause Remark 24M->24M(512M) 2.383ms
[2024-03-15T11:32:05.043+0000][1.282s] GC(3) User=0.01s Sys=0.01s Real=0.00s
[2024-03-15T11:32:05.043+0000][1.282s] GC(3) Concurrent Mark 6.227ms
[2024-03-15T11:32:05.043+0000][1.282s] GC(3) Concurrent Rebuild Remembered Sets
[2024-03-15T11:32:05.045+0000][1.283s] GC(3) Concurrent Rebuild Remembered Sets 1.448ms
[2024-03-15T11:32:05.045+0000][1.284s] GC(3) Pause Cleanup
[2024-03-15T11:32:05.046+0000][1.284s] GC(3) Pause Cleanup 24M->24M(512M) 0.402ms
[2024-03-15T11:32:05.046+0000][1.284s] GC(3) User=0.00s Sys=0.00s Real=0.00s
[2024-03-15T11:32:05.046+0000][1.284s] GC(3) Concurrent Cleanup for Next Mark
[2024-03-15T11:32:05.046+0000][1.285s] GC(3) Concurrent Cleanup for Next Mark 0.392ms
[2024-03-15T11:32:05.046+0000][1.285s] GC(3) Concurrent Mark Cycle 11.377ms
[2024-03-15T11:32:05.852+0000][2.091s] GC(4) Pause Young (Prepare Mixed) (Metadata GC Threshold)
[2024-03-15T11:32:05.852+0000][2.091s] GC(4) Using 23 workers of 23 for evacuation
[2024-03-15T11:32:05.856+0000][2.094s] GC(4)   Pre Evacuate Collection Set: 0.2ms
[2024-03-15T11:32:05.856+0000][2.095s] GC(4)   Merge Heap Roots: 0.2ms
[2024-03-15T11:32:05.856+0000][2.095s] GC(4)   Evacuate Collection Set: 1.9ms
[2024-03-15T11:32:05.856+0000][2.095s] GC(4)   Post Evacuate Collection Set: 1.2ms
[2024-03-15T11:32:05.857+0000][2.095s] GC(4)   Other: 0.3ms
[2024-03-15T11:32:05.857+0000][2.095s] GC(4) Eden regions: 92->0(18)
[2024-03-15T11:32:05.857+0000][2.095s] GC(4) Survivor regions: 2->7(15)
[2024-03-15T11:32:05.857+0000][2.095s] GC(4) Old regions: 18->18
[2024-03-15T11:32:05.857+0000][2.095s] GC(4) Archive regions: 2->2
[2024-03-15T11:32:05.857+0000][2.096s] GC(4) Humongous regions: 4->4
[2024-03-15T11:32:05.857+0000][2.096s] GC(4) Metaspace: 35569K(35968K)->35569K(35968K) NonClass: 31132K(31296K)->31132K(31296K) Class: 4436K(4672K)->4436K(4672K)
[2024-03-15T11:32:05.857+0000][2.096s] GC(4) Pause Young (Prepare Mixed) (Metadata GC Threshold) 115M->29M(512M) 5.261ms
[2024-03-15T11:32:05.858+0000][2.096s] GC(4) User=0.02s Sys=0.00s Real=0.01s
[2024-03-15T11:32:05.870+0000][2.108s] GC(5) Pause Young (Mixed) (Metadata GC Threshold)
[2024-03-15T11:32:05.870+0000][2.108s] GC(5) Using 23 workers of 23 for evacuation
[2024-03-15T11:32:05.873+0000][2.111s] GC(5)   Pre Evacuate Collection Set: 0.3ms
[2024-03-15T11:32:05.873+0000][2.111s] GC(5)   Merge Heap Roots: 0.2ms
[2024-03-15T11:32:05.873+0000][2.112s] GC(5)   Evacuate Collection Set: 1.6ms
[2024-03-15T11:32:05.873+0000][2.112s] GC(5)   Post Evacuate Collection Set: 0.6ms
[2024-03-15T11:32:05.873+0000][2.112s] GC(5)   Other: 0.5ms
[2024-03-15T11:32:05.874+0000][2.112s] GC(5) Eden regions: 3->0(306)
[2024-03-15T11:32:05.874+0000][2.112s] GC(5) Survivor regions: 7->1(4)
[2024-03-15T11:32:05.874+0000][2.112s] GC(5) Old regions: 18->25
[2024-03-15T11:32:05.874+0000][2.112s] GC(5) Archive regions: 2->2
[2024-03-15T11:32:05.874+0000][2.112s] GC(5) Humongous regions: 4->4
[2024-03-15T11:32:05.874+0000][2.113s] GC(5) Metaspace: 35947K(36288K)->35947K(36288K) NonClass: 31468K(31616K)->31468K(31616K) Class: 4478K(4672K)->4478K(4672K)
[2024-03-15T11:32:05.874+0000][2.113s] GC(5) Pause Young (Mixed) (Metadata GC Threshold) 31M->30M(512M) 4.728ms
[2024-03-15T11:32:05.875+0000][2.113s] GC(5) User=0.01s Sys=0.01s Real=0.00s
[2024-03-15T11:32:05.884+0000][2.122s] GC(6) Pause Young (Concurrent Start) (Metadata GC Threshold)
[2024-03-15T11:32:05.884+0000][2.122s] GC(6) Using 23 workers of 23 for evacuation
[2024-03-15T11:32:05.886+0000][2.125s] GC(6)   Pre Evacuate Collection Set: 0.4ms
[2024-03-15T11:32:05.887+0000][2.125s] GC(6)   Merge Heap Roots: 0.4ms
[2024-03-15T11:32:05.887+0000][2.125s] GC(6)   Evacuate Collection Set: 0.7ms
[2024-03-15T11:32:05.887+0000][2.125s] GC(6)   Post Evacuate Collection Set: 0.6ms
[2024-03-15T11:32:05.887+0000][2.125s] GC(6)   Other: 0.5ms
[2024-03-15T11:32:05.887+0000][2.125s] GC(6) Eden regions: 2->0(306)
[2024-03-15T11:32:05.887+0000][2.125s] GC(6) Survivor regions: 1->1(39)
[2024-03-15T11:32:05.887+0000][2.126s] GC(6) Old regions: 25->25
[2024-03-15T11:32:05.887+0000][2.126s] GC(6) Archive regions: 2->2
[2024-03-15T11:32:05.887+0000][2.126s] GC(6) Humongous regions: 4->4
[2024-03-15T11:32:05.888+0000][2.126s] GC(6) Metaspace: 36253K(36608K)->36253K(36608K) NonClass: 31727K(31872K)->31727K(31872K) Class: 4526K(4736K)->4526K(4736K)
[2024-03-15T11:32:05.888+0000][2.126s] GC(6) Pause Young (Concurrent Start) (Metadata GC Threshold) 32M->29M(512M) 3.817ms
[2024-03-15T11:32:05.888+0000][2.126s] GC(6) User=0.00s Sys=0.00s Real=0.01s
[2024-03-15T11:32:05.888+0000][2.126s] GC(7) Concurrent Mark Cycle
[2024-03-15T11:32:05.888+0000][2.126s] GC(7) Concurrent Clear Claimed Marks
[2024-03-15T11:32:05.888+0000][2.127s] GC(7) Concurrent Clear Claimed Marks 0.124ms
[2024-03-15T11:32:05.888+0000][2.127s] GC(7) Concurrent Scan Root Regions
[2024-03-15T11:32:05.889+0000][2.127s] GC(7) Concurrent Scan Root Regions 0.704ms
[2024-03-15T11:32:05.889+0000][2.127s] GC(7) Concurrent Mark
[2024-03-15T11:32:05.889+0000][2.128s] GC(7) Concurrent Mark From Roots
[2024-03-15T11:32:05.889+0000][2.128s] GC(7) Using 6 workers of 6 for marking
[2024-03-15T11:32:05.895+0000][2.134s] GC(7) Concurrent Mark From Roots 5.916ms
[2024-03-15T11:32:05.895+0000][2.134s] GC(7) Concurrent Preclean
[2024-03-15T11:32:05.896+0000][2.134s] GC(7) Concurrent Preclean 0.262ms
[2024-03-15T11:32:05.896+0000][2.135s] GC(7) Pause Remark
[2024-03-15T11:32:05.899+0000][2.137s] GC(7) Pause Remark 31M->31M(512M) 2.442ms
[2024-03-15T11:32:05.899+0000][2.137s] GC(7) User=0.00s Sys=0.02s Real=0.01s
[2024-03-15T11:32:05.899+0000][2.138s] GC(7) Concurrent Mark 10.030ms
[2024-03-15T11:32:05.899+0000][2.138s] GC(7) Concurrent Rebuild Remembered Sets
[2024-03-15T11:32:05.901+0000][2.140s] GC(7) Concurrent Rebuild Remembered Sets 2.026ms
[2024-03-15T11:32:05.902+0000][2.140s] GC(7) Pause Cleanup
[2024-03-15T11:32:05.902+0000][2.141s] GC(7) Pause Cleanup 31M->31M(512M) 0.496ms
[2024-03-15T11:32:05.902+0000][2.141s] GC(7) User=0.00s Sys=0.00s Real=0.00s
[2024-03-15T11:32:05.903+0000][2.141s] GC(7) Concurrent Cleanup for Next Mark
[2024-03-15T11:32:05.903+0000][2.141s] GC(7) Concurrent Cleanup for Next Mark 0.412ms
[2024-03-15T11:32:05.903+0000][2.142s] GC(7) Concurrent Mark Cycle 15.232ms
[2024-03-15T11:33:02.087+0000][58.326s] Heap
[2024-03-15T11:33:02.087+0000][58.326s]  garbage-first heap   total 524288K, used 222782K [0x00000000e0000000, 0x0000000100000000)
[2024-03-15T11:33:02.087+0000][58.326s]   region size 1024K, 189 young (193536K), 1 survivors (1024K)
[2024-03-15T11:33:02.087+0000][58.326s]  Metaspace       used 54358K, committed 54848K, reserved 1114112K
[2024-03-15T11:33:02.087+0000][58.326s]   class space    used 7009K, committed 7232K, reserved 1048576K
