[2024-03-14T16:59:39.224+0000][0.028s] Using G1
[2024-03-14T16:59:39.271+0000][0.074s] Version: 17.0.10+7 (release)
[2024-03-14T16:59:39.271+0000][0.074s] CPUs: 32 total, 32 available
[2024-03-14T16:59:39.271+0000][0.075s] Memory: 15875M
[2024-03-14T16:59:39.271+0000][0.075s] Large Page Support: Disabled
[2024-03-14T16:59:39.271+0000][0.075s] NUMA Support: Disabled
[2024-03-14T16:59:39.271+0000][0.075s] Compressed Oops: Enabled (32-bit)
[2024-03-14T16:59:39.272+0000][0.075s] Heap Region Size: 1M
[2024-03-14T16:59:39.272+0000][0.075s] Heap Min Capacity: 512M
[2024-03-14T16:59:39.272+0000][0.075s] Heap Initial Capacity: 512M
[2024-03-14T16:59:39.272+0000][0.076s] Heap Max Capacity: 512M
[2024-03-14T16:59:39.272+0000][0.076s] Pre-touch: Enabled
[2024-03-14T16:59:39.272+0000][0.076s] Parallel Workers: 23
[2024-03-14T16:59:39.272+0000][0.076s] Concurrent Workers: 6
[2024-03-14T16:59:39.272+0000][0.076s] Concurrent Refinement Workers: 23
[2024-03-14T16:59:39.273+0000][0.076s] Periodic GC: Disabled
[2024-03-14T16:59:39.276+0000][0.079s] CDS archive(s) mapped at: [0x00007fc17b000000-0x00007fc17ba5f000-0x00007fc17ba5f000), size 10874880, SharedBaseAddress: 0x00007fc17b000000, ArchiveRelocationMode: 1.
[2024-03-14T16:59:39.276+0000][0.080s] Compressed class space mapped at: 0x00007fc17c000000-0x00007fc1bc000000, reserved size: 1073741824
[2024-03-14T16:59:39.276+0000][0.080s] Narrow klass base: 0x00007fc17b000000, Narrow klass shift: 0, Narrow klass range: 0x100000000
[2024-03-14T16:59:39.752+0000][0.556s] GC(0) Pause Young (Normal) (G1 Evacuation Pause)
[2024-03-14T16:59:39.752+0000][0.556s] GC(0) Using 12 workers of 23 for evacuation
[2024-03-14T16:59:39.755+0000][0.558s] GC(0)   Pre Evacuate Collection Set: 0.3ms
[2024-03-14T16:59:39.755+0000][0.558s] GC(0)   Merge Heap Roots: 0.2ms
[2024-03-14T16:59:39.755+0000][0.559s] GC(0)   Evacuate Collection Set: 1.4ms
[2024-03-14T16:59:39.755+0000][0.559s] GC(0)   Post Evacuate Collection Set: 0.5ms
[2024-03-14T16:59:39.755+0000][0.559s] GC(0)   Other: 0.3ms
[2024-03-14T16:59:39.755+0000][0.559s] GC(0) Eden regions: 29->0(59)
[2024-03-14T16:59:39.755+0000][0.559s] GC(0) Survivor regions: 0->4(4)
[2024-03-14T16:59:39.756+0000][0.559s] GC(0) Old regions: 0->1
[2024-03-14T16:59:39.756+0000][0.559s] GC(0) Archive regions: 2->2
[2024-03-14T16:59:39.756+0000][0.559s] GC(0) Humongous regions: 0->0
[2024-03-14T16:59:39.756+0000][0.559s] GC(0) Metaspace: 9889K(10176K)->9889K(10176K) NonClass: 8679K(8832K)->8679K(8832K) Class: 1209K(1344K)->1209K(1344K)
[2024-03-14T16:59:39.756+0000][0.560s] GC(0) Pause Young (Normal) (G1 Evacuation Pause) 29M->5M(512M) 4.050ms
[2024-03-14T16:59:39.756+0000][0.560s] GC(0) User=0.01s Sys=0.01s Real=0.00s
[2024-03-14T16:59:40.250+0000][1.054s] GC(1) Pause Young (Normal) (G1 Evacuation Pause)
[2024-03-14T16:59:40.250+0000][1.054s] GC(1) Using 22 workers of 23 for evacuation
[2024-03-14T16:59:40.256+0000][1.059s] GC(1)   Pre Evacuate Collection Set: 0.2ms
[2024-03-14T16:59:40.256+0000][1.060s] GC(1)   Merge Heap Roots: 0.2ms
[2024-03-14T16:59:40.256+0000][1.060s] GC(1)   Evacuate Collection Set: 3.6ms
[2024-03-14T16:59:40.256+0000][1.060s] GC(1)   Post Evacuate Collection Set: 0.9ms
[2024-03-14T16:59:40.256+0000][1.060s] GC(1)   Other: 0.4ms
[2024-03-14T16:59:40.256+0000][1.060s] GC(1) Eden regions: 59->0(75)
[2024-03-14T16:59:40.256+0000][1.060s] GC(1) Survivor regions: 4->8(8)
[2024-03-14T16:59:40.257+0000][1.060s] GC(1) Old regions: 1->10
[2024-03-14T16:59:40.257+0000][1.061s] GC(1) Archive regions: 2->2
[2024-03-14T16:59:40.257+0000][1.061s] GC(1) Humongous regions: 4->4
[2024-03-14T16:59:40.257+0000][1.061s] GC(1) Metaspace: 18186K(18496K)->18186K(18496K) NonClass: 15968K(16128K)->15968K(16128K) Class: 2218K(2368K)->2218K(2368K)
[2024-03-14T16:59:40.257+0000][1.061s] GC(1) Pause Young (Normal) (G1 Evacuation Pause) 68M->22M(512M) 6.841ms
[2024-03-14T16:59:40.257+0000][1.061s] GC(1) User=0.04s Sys=0.02s Real=0.00s
[2024-03-14T16:59:40.429+0000][1.233s] GC(2) Pause Young (Concurrent Start) (Metadata GC Threshold)
[2024-03-14T16:59:40.429+0000][1.233s] GC(2) Using 23 workers of 23 for evacuation
[2024-03-14T16:59:40.434+0000][1.238s] GC(2)   Pre Evacuate Collection Set: 0.3ms
[2024-03-14T16:59:40.434+0000][1.238s] GC(2)   Merge Heap Roots: 0.2ms
[2024-03-14T16:59:40.435+0000][1.238s] GC(2)   Evacuate Collection Set: 2.9ms
[2024-03-14T16:59:40.435+0000][1.239s] GC(2)   Post Evacuate Collection Set: 1.0ms
[2024-03-14T16:59:40.435+0000][1.239s] GC(2)   Other: 0.7ms
[2024-03-14T16:59:40.435+0000][1.239s] GC(2) Eden regions: 27->0(118)
[2024-03-14T16:59:40.435+0000][1.239s] GC(2) Survivor regions: 8->2(11)
[2024-03-14T16:59:40.435+0000][1.239s] GC(2) Old regions: 10->18
[2024-03-14T16:59:40.435+0000][1.239s] GC(2) Archive regions: 2->2
[2024-03-14T16:59:40.435+0000][1.239s] GC(2) Humongous regions: 4->4
[2024-03-14T16:59:40.436+0000][1.239s] GC(2) Metaspace: 21202K(21504K)->21202K(21504K) NonClass: 18607K(18752K)->18607K(18752K) Class: 2595K(2752K)->2595K(2752K)
[2024-03-14T16:59:40.436+0000][1.240s] GC(2) Pause Young (Concurrent Start) (Metadata GC Threshold) 48M->24M(512M) 6.592ms
[2024-03-14T16:59:40.436+0000][1.240s] GC(2) User=0.02s Sys=0.01s Real=0.00s
[2024-03-14T16:59:40.436+0000][1.240s] GC(3) Concurrent Mark Cycle
[2024-03-14T16:59:40.436+0000][1.240s] GC(3) Concurrent Clear Claimed Marks
[2024-03-14T16:59:40.436+0000][1.240s] GC(3) Concurrent Clear Claimed Marks 0.209ms
[2024-03-14T16:59:40.437+0000][1.240s] GC(3) Concurrent Scan Root Regions
[2024-03-14T16:59:40.439+0000][1.242s] GC(3) Concurrent Scan Root Regions 1.923ms
[2024-03-14T16:59:40.439+0000][1.243s] GC(3) Concurrent Mark
[2024-03-14T16:59:40.439+0000][1.243s] GC(3) Concurrent Mark From Roots
[2024-03-14T16:59:40.439+0000][1.243s] GC(3) Using 6 workers of 6 for marking
[2024-03-14T16:59:40.442+0000][1.246s] GC(3) Concurrent Mark From Roots 3.010ms
[2024-03-14T16:59:40.442+0000][1.246s] GC(3) Concurrent Preclean
[2024-03-14T16:59:40.443+0000][1.246s] GC(3) Concurrent Preclean 0.251ms
[2024-03-14T16:59:40.443+0000][1.247s] GC(3) Pause Remark
[2024-03-14T16:59:40.445+0000][1.249s] GC(3) Pause Remark 25M->25M(512M) 2.442ms
[2024-03-14T16:59:40.446+0000][1.249s] GC(3) User=0.01s Sys=0.01s Real=0.00s
[2024-03-14T16:59:40.446+0000][1.250s] GC(3) Concurrent Mark 7.038ms
[2024-03-14T16:59:40.446+0000][1.250s] GC(3) Concurrent Rebuild Remembered Sets
[2024-03-14T16:59:40.448+0000][1.252s] GC(3) Concurrent Rebuild Remembered Sets 2.235ms
[2024-03-14T16:59:40.449+0000][1.252s] GC(3) Pause Cleanup
[2024-03-14T16:59:40.449+0000][1.253s] GC(3) Pause Cleanup 25M->25M(512M) 0.649ms
[2024-03-14T16:59:40.449+0000][1.253s] GC(3) User=0.00s Sys=0.01s Real=0.01s
[2024-03-14T16:59:40.450+0000][1.253s] GC(3) Concurrent Cleanup for Next Mark
[2024-03-14T16:59:40.450+0000][1.254s] GC(3) Concurrent Cleanup for Next Mark 0.446ms
[2024-03-14T16:59:40.450+0000][1.254s] GC(3) Concurrent Mark Cycle 14.093ms
[2024-03-14T16:59:41.351+0000][2.155s] GC(4) Pause Young (Prepare Mixed) (Metadata GC Threshold)
[2024-03-14T16:59:41.351+0000][2.155s] GC(4) Using 23 workers of 23 for evacuation
[2024-03-14T16:59:41.355+0000][2.159s] GC(4)   Pre Evacuate Collection Set: 0.2ms
[2024-03-14T16:59:41.356+0000][2.159s] GC(4)   Merge Heap Roots: 0.2ms
[2024-03-14T16:59:41.356+0000][2.160s] GC(4)   Evacuate Collection Set: 2.1ms
[2024-03-14T16:59:41.356+0000][2.160s] GC(4)   Post Evacuate Collection Set: 1.6ms
[2024-03-14T16:59:41.356+0000][2.160s] GC(4)   Other: 0.4ms
[2024-03-14T16:59:41.356+0000][2.160s] GC(4) Eden regions: 88->0(18)
[2024-03-14T16:59:41.356+0000][2.160s] GC(4) Survivor regions: 2->7(15)
[2024-03-14T16:59:41.357+0000][2.161s] GC(4) Old regions: 18->18
[2024-03-14T16:59:41.358+0000][2.162s] GC(4) Archive regions: 2->2
[2024-03-14T16:59:41.359+0000][2.162s] GC(4) Humongous regions: 4->4
[2024-03-14T16:59:41.359+0000][2.163s] GC(4) Metaspace: 35725K(36096K)->35725K(36096K) NonClass: 31269K(31424K)->31269K(31424K) Class: 4456K(4672K)->4456K(4672K)
[2024-03-14T16:59:41.359+0000][2.163s] GC(4) Pause Young (Prepare Mixed) (Metadata GC Threshold) 112M->29M(512M) 7.918ms
[2024-03-14T16:59:41.359+0000][2.163s] GC(4) User=0.03s Sys=0.01s Real=0.00s
[2024-03-14T16:59:41.366+0000][2.170s] GC(5) Pause Young (Mixed) (Metadata GC Threshold)
[2024-03-14T16:59:41.367+0000][2.170s] GC(5) Using 23 workers of 23 for evacuation
[2024-03-14T16:59:41.370+0000][2.174s] GC(5)   Pre Evacuate Collection Set: 0.2ms
[2024-03-14T16:59:41.371+0000][2.174s] GC(5)   Merge Heap Roots: 0.2ms
[2024-03-14T16:59:41.371+0000][2.175s] GC(5)   Evacuate Collection Set: 2.5ms
[2024-03-14T16:59:41.371+0000][2.175s] GC(5)   Post Evacuate Collection Set: 0.7ms
[2024-03-14T16:59:41.371+0000][2.175s] GC(5)   Other: 0.5ms
[2024-03-14T16:59:41.371+0000][2.175s] GC(5) Eden regions: 2->0(306)
[2024-03-14T16:59:41.371+0000][2.175s] GC(5) Survivor regions: 7->1(4)
[2024-03-14T16:59:41.371+0000][2.175s] GC(5) Old regions: 18->25
[2024-03-14T16:59:41.371+0000][2.175s] GC(5) Archive regions: 2->2
[2024-03-14T16:59:41.372+0000][2.175s] GC(5) Humongous regions: 4->4
[2024-03-14T16:59:41.372+0000][2.176s] GC(5) Metaspace: 36067K(36416K)->36067K(36416K) NonClass: 31580K(31744K)->31580K(31744K) Class: 4486K(4672K)->4486K(4672K)
[2024-03-14T16:59:41.372+0000][2.176s] GC(5) Pause Young (Mixed) (Metadata GC Threshold) 31M->30M(512M) 5.591ms
[2024-03-14T16:59:41.372+0000][2.176s] GC(5) User=0.01s Sys=0.02s Real=0.01s
[2024-03-14T16:59:41.381+0000][2.185s] GC(6) Pause Young (Concurrent Start) (Metadata GC Threshold)
[2024-03-14T16:59:41.382+0000][2.185s] GC(6) Using 23 workers of 23 for evacuation
[2024-03-14T16:59:41.385+0000][2.189s] GC(6)   Pre Evacuate Collection Set: 0.5ms
[2024-03-14T16:59:41.386+0000][2.189s] GC(6)   Merge Heap Roots: 0.4ms
[2024-03-14T16:59:41.386+0000][2.190s] GC(6)   Evacuate Collection Set: 1.4ms
[2024-03-14T16:59:41.386+0000][2.190s] GC(6)   Post Evacuate Collection Set: 1.2ms
[2024-03-14T16:59:41.386+0000][2.190s] GC(6)   Other: 0.6ms
[2024-03-14T16:59:41.386+0000][2.190s] GC(6) Eden regions: 2->0(306)
[2024-03-14T16:59:41.386+0000][2.190s] GC(6) Survivor regions: 1->1(39)
[2024-03-14T16:59:41.386+0000][2.190s] GC(6) Old regions: 25->25
[2024-03-14T16:59:41.386+0000][2.190s] GC(6) Archive regions: 2->2
[2024-03-14T16:59:41.387+0000][2.190s] GC(6) Humongous regions: 4->4
[2024-03-14T16:59:41.387+0000][2.191s] GC(6) Metaspace: 36377K(36736K)->36377K(36736K) NonClass: 31852K(32000K)->31852K(32000K) Class: 4524K(4736K)->4524K(4736K)
[2024-03-14T16:59:41.387+0000][2.191s] GC(6) Pause Young (Concurrent Start) (Metadata GC Threshold) 32M->29M(512M) 5.621ms
[2024-03-14T16:59:41.387+0000][2.191s] GC(6) User=0.01s Sys=0.00s Real=0.00s
[2024-03-14T16:59:41.387+0000][2.191s] GC(7) Concurrent Mark Cycle
[2024-03-14T16:59:41.387+0000][2.191s] GC(7) Concurrent Clear Claimed Marks
[2024-03-14T16:59:41.387+0000][2.191s] GC(7) Concurrent Clear Claimed Marks 0.132ms
[2024-03-14T16:59:41.388+0000][2.191s] GC(7) Concurrent Scan Root Regions
[2024-03-14T16:59:41.389+0000][2.192s] GC(7) Concurrent Scan Root Regions 0.946ms
[2024-03-14T16:59:41.389+0000][2.193s] GC(7) Concurrent Mark
[2024-03-14T16:59:41.389+0000][2.193s] GC(7) Concurrent Mark From Roots
[2024-03-14T16:59:41.389+0000][2.193s] GC(7) Using 6 workers of 6 for marking
[2024-03-14T16:59:41.395+0000][2.199s] GC(7) Concurrent Mark From Roots 6.336ms
[2024-03-14T16:59:41.396+0000][2.200s] GC(7) Concurrent Preclean
[2024-03-14T16:59:41.396+0000][2.200s] GC(7) Concurrent Preclean 0.342ms
[2024-03-14T16:59:41.396+0000][2.200s] GC(7) Pause Remark
[2024-03-14T16:59:41.400+0000][2.204s] GC(7) Pause Remark 31M->31M(512M) 3.417ms
[2024-03-14T16:59:41.400+0000][2.204s] GC(7) User=0.02s Sys=0.00s Real=0.01s
[2024-03-14T16:59:41.400+0000][2.204s] GC(7) Concurrent Mark 11.285ms
[2024-03-14T16:59:41.400+0000][2.204s] GC(7) Concurrent Rebuild Remembered Sets
[2024-03-14T16:59:41.403+0000][2.207s] GC(7) Concurrent Rebuild Remembered Sets 2.545ms
[2024-03-14T16:59:41.403+0000][2.207s] GC(7) Pause Cleanup
[2024-03-14T16:59:41.404+0000][2.207s] GC(7) Pause Cleanup 31M->31M(512M) 0.353ms
[2024-03-14T16:59:41.404+0000][2.208s] GC(7) User=0.00s Sys=0.00s Real=0.00s
[2024-03-14T16:59:41.404+0000][2.208s] GC(7) Concurrent Cleanup for Next Mark
[2024-03-14T16:59:41.404+0000][2.208s] GC(7) Concurrent Cleanup for Next Mark 0.504ms
[2024-03-14T16:59:41.405+0000][2.208s] GC(7) Concurrent Mark Cycle 17.360ms
[2024-03-14T17:01:27.508+0000][108.313s] Heap
[2024-03-14T17:01:27.508+0000][108.313s]  garbage-first heap   total 524288K, used 221737K [0x00000000e0000000, 0x0000000100000000)
[2024-03-14T17:01:27.508+0000][108.313s]   region size 1024K, 189 young (193536K), 1 survivors (1024K)
[2024-03-14T17:01:27.508+0000][108.313s]  Metaspace       used 54325K, committed 54848K, reserved 1114112K
[2024-03-14T17:01:27.508+0000][108.313s]   class space    used 7007K, committed 7232K, reserved 1048576K
