[2024-03-14T15:55:41.454+0000][0.010s] Using G1
[2024-03-14T15:55:41.491+0000][0.047s] Version: 17.0.10+7 (release)
[2024-03-14T15:55:41.492+0000][0.047s] CPUs: 32 total, 32 available
[2024-03-14T15:55:41.492+0000][0.047s] Memory: 15875M
[2024-03-14T15:55:41.492+0000][0.048s] Large Page Support: Disabled
[2024-03-14T15:55:41.492+0000][0.048s] NUMA Support: Disabled
[2024-03-14T15:55:41.492+0000][0.048s] Compressed Oops: Enabled (32-bit)
[2024-03-14T15:55:41.493+0000][0.048s] Heap Region Size: 1M
[2024-03-14T15:55:41.493+0000][0.048s] Heap Min Capacity: 512M
[2024-03-14T15:55:41.493+0000][0.048s] Heap Initial Capacity: 512M
[2024-03-14T15:55:41.493+0000][0.048s] Heap Max Capacity: 512M
[2024-03-14T15:55:41.493+0000][0.049s] Pre-touch: Enabled
[2024-03-14T15:55:41.493+0000][0.049s] Parallel Workers: 23
[2024-03-14T15:55:41.493+0000][0.049s] Concurrent Workers: 6
[2024-03-14T15:55:41.494+0000][0.049s] Concurrent Refinement Workers: 23
[2024-03-14T15:55:41.494+0000][0.049s] Periodic GC: Disabled
[2024-03-14T15:55:41.497+0000][0.053s] CDS archive(s) mapped at: [0x00007fe13f000000-0x00007fe13fa5f000-0x00007fe13fa5f000), size 10874880, SharedBaseAddress: 0x00007fe13f000000, ArchiveRelocationMode: 1.
[2024-03-14T15:55:41.497+0000][0.053s] Compressed class space mapped at: 0x00007fe140000000-0x00007fe180000000, reserved size: 1073741824
[2024-03-14T15:55:41.498+0000][0.053s] Narrow klass base: 0x00007fe13f000000, Narrow klass shift: 0, Narrow klass range: 0x100000000
[2024-03-14T15:55:42.048+0000][0.603s] GC(0) Pause Young (Normal) (G1 Evacuation Pause)
[2024-03-14T15:55:42.048+0000][0.603s] GC(0) Using 12 workers of 23 for evacuation
[2024-03-14T15:55:42.051+0000][0.606s] GC(0)   Pre Evacuate Collection Set: 0.1ms
[2024-03-14T15:55:42.051+0000][0.607s] GC(0)   Merge Heap Roots: 0.2ms
[2024-03-14T15:55:42.051+0000][0.607s] GC(0)   Evacuate Collection Set: 1.8ms
[2024-03-14T15:55:42.051+0000][0.607s] GC(0)   Post Evacuate Collection Set: 0.6ms
[2024-03-14T15:55:42.051+0000][0.607s] GC(0)   Other: 0.6ms
[2024-03-14T15:55:42.052+0000][0.607s] GC(0) Eden regions: 29->0(57)
[2024-03-14T15:55:42.052+0000][0.607s] GC(0) Survivor regions: 0->4(4)
[2024-03-14T15:55:42.052+0000][0.607s] GC(0) Old regions: 0->1
[2024-03-14T15:55:42.052+0000][0.607s] GC(0) Archive regions: 2->2
[2024-03-14T15:55:42.052+0000][0.607s] GC(0) Humongous regions: 0->0
[2024-03-14T15:55:42.052+0000][0.608s] GC(0) Metaspace: 10136K(10432K)->10136K(10432K) NonClass: 8884K(9024K)->8884K(9024K) Class: 1251K(1408K)->1251K(1408K)
[2024-03-14T15:55:42.052+0000][0.608s] GC(0) Pause Young (Normal) (G1 Evacuation Pause) 29M->5M(512M) 4.636ms
[2024-03-14T15:55:42.053+0000][0.608s] GC(0) User=0.01s Sys=0.00s Real=0.01s
[2024-03-14T15:55:42.543+0000][1.098s] GC(1) Pause Young (Normal) (G1 Evacuation Pause)
[2024-03-14T15:55:42.543+0000][1.099s] GC(1) Using 22 workers of 23 for evacuation
[2024-03-14T15:55:42.548+0000][1.103s] GC(1)   Pre Evacuate Collection Set: 0.2ms
[2024-03-14T15:55:42.548+0000][1.104s] GC(1)   Merge Heap Roots: 0.2ms
[2024-03-14T15:55:42.548+0000][1.104s] GC(1)   Evacuate Collection Set: 3.3ms
[2024-03-14T15:55:42.548+0000][1.104s] GC(1)   Post Evacuate Collection Set: 0.6ms
[2024-03-14T15:55:42.549+0000][1.104s] GC(1)   Other: 0.4ms
[2024-03-14T15:55:42.549+0000][1.104s] GC(1) Eden regions: 57->0(74)
[2024-03-14T15:55:42.549+0000][1.104s] GC(1) Survivor regions: 4->8(8)
[2024-03-14T15:55:42.549+0000][1.104s] GC(1) Old regions: 1->9
[2024-03-14T15:55:42.549+0000][1.104s] GC(1) Archive regions: 2->2
[2024-03-14T15:55:42.549+0000][1.104s] GC(1) Humongous regions: 4->4
[2024-03-14T15:55:42.549+0000][1.105s] GC(1) Metaspace: 18158K(18432K)->18158K(18432K) NonClass: 15942K(16128K)->15942K(16128K) Class: 2215K(2304K)->2215K(2304K)
[2024-03-14T15:55:42.549+0000][1.105s] GC(1) Pause Young (Normal) (G1 Evacuation Pause) 66M->21M(512M) 6.163ms
[2024-03-14T15:55:42.549+0000][1.105s] GC(1) User=0.03s Sys=0.02s Real=0.00s
[2024-03-14T15:55:42.704+0000][1.260s] GC(2) Pause Young (Concurrent Start) (Metadata GC Threshold)
[2024-03-14T15:55:42.704+0000][1.260s] GC(2) Using 23 workers of 23 for evacuation
[2024-03-14T15:55:42.710+0000][1.265s] GC(2)   Pre Evacuate Collection Set: 0.5ms
[2024-03-14T15:55:42.710+0000][1.265s] GC(2)   Merge Heap Roots: 0.4ms
[2024-03-14T15:55:42.710+0000][1.266s] GC(2)   Evacuate Collection Set: 2.7ms
[2024-03-14T15:55:42.710+0000][1.266s] GC(2)   Post Evacuate Collection Set: 1.2ms
[2024-03-14T15:55:42.710+0000][1.266s] GC(2)   Other: 0.7ms
[2024-03-14T15:55:42.710+0000][1.266s] GC(2) Eden regions: 28->0(100)
[2024-03-14T15:55:42.711+0000][1.266s] GC(2) Survivor regions: 8->2(11)
[2024-03-14T15:55:42.711+0000][1.266s] GC(2) Old regions: 9->18
[2024-03-14T15:55:42.711+0000][1.266s] GC(2) Archive regions: 2->2
[2024-03-14T15:55:42.711+0000][1.266s] GC(2) Humongous regions: 4->4
[2024-03-14T15:55:42.711+0000][1.267s] GC(2) Metaspace: 21201K(21504K)->21201K(21504K) NonClass: 18607K(18752K)->18607K(18752K) Class: 2594K(2752K)->2594K(2752K)
[2024-03-14T15:55:42.711+0000][1.267s] GC(2) Pause Young (Concurrent Start) (Metadata GC Threshold) 49M->24M(512M) 7.019ms
[2024-03-14T15:55:42.711+0000][1.267s] GC(2) User=0.03s Sys=0.01s Real=0.00s
[2024-03-14T15:55:42.712+0000][1.267s] GC(3) Concurrent Mark Cycle
[2024-03-14T15:55:42.712+0000][1.267s] GC(3) Concurrent Clear Claimed Marks
[2024-03-14T15:55:42.712+0000][1.267s] GC(3) Concurrent Clear Claimed Marks 0.200ms
[2024-03-14T15:55:42.712+0000][1.267s] GC(3) Concurrent Scan Root Regions
[2024-03-14T15:55:42.714+0000][1.269s] GC(3) Concurrent Scan Root Regions 1.922ms
[2024-03-14T15:55:42.714+0000][1.270s] GC(3) Concurrent Mark
[2024-03-14T15:55:42.715+0000][1.270s] GC(3) Concurrent Mark From Roots
[2024-03-14T15:55:42.715+0000][1.270s] GC(3) Using 6 workers of 6 for marking
[2024-03-14T15:55:42.717+0000][1.273s] GC(3) Concurrent Mark From Roots 2.795ms
[2024-03-14T15:55:42.718+0000][1.273s] GC(3) Concurrent Preclean
[2024-03-14T15:55:42.718+0000][1.274s] GC(3) Concurrent Preclean 0.333ms
[2024-03-14T15:55:42.719+0000][1.274s] GC(3) Pause Remark
[2024-03-14T15:55:42.722+0000][1.277s] GC(3) Pause Remark 25M->25M(512M) 3.029ms
[2024-03-14T15:55:42.722+0000][1.277s] GC(3) User=0.02s Sys=0.00s Real=0.01s
[2024-03-14T15:55:42.722+0000][1.278s] GC(3) Concurrent Mark 7.868ms
[2024-03-14T15:55:42.722+0000][1.278s] GC(3) Concurrent Rebuild Remembered Sets
[2024-03-14T15:55:42.724+0000][1.280s] GC(3) Concurrent Rebuild Remembered Sets 2.059ms
[2024-03-14T15:55:42.725+0000][1.280s] GC(3) Pause Cleanup
[2024-03-14T15:55:42.725+0000][1.281s] GC(3) Pause Cleanup 25M->25M(512M) 0.488ms
[2024-03-14T15:55:42.726+0000][1.281s] GC(3) User=0.00s Sys=0.00s Real=0.00s
[2024-03-14T15:55:42.726+0000][1.281s] GC(3) Concurrent Cleanup for Next Mark
[2024-03-14T15:55:42.726+0000][1.282s] GC(3) Concurrent Cleanup for Next Mark 0.608ms
[2024-03-14T15:55:42.727+0000][1.282s] GC(3) Concurrent Mark Cycle 15.046ms
[2024-03-14T15:55:43.550+0000][2.105s] GC(4) Pause Young (Normal) (G1 Evacuation Pause)
[2024-03-14T15:55:43.550+0000][2.106s] GC(4) Using 23 workers of 23 for evacuation
[2024-03-14T15:55:43.554+0000][2.110s] GC(4)   Pre Evacuate Collection Set: 0.2ms
[2024-03-14T15:55:43.555+0000][2.110s] GC(4)   Merge Heap Roots: 0.2ms
[2024-03-14T15:55:43.555+0000][2.110s] GC(4)   Evacuate Collection Set: 2.4ms
[2024-03-14T15:55:43.555+0000][2.110s] GC(4)   Post Evacuate Collection Set: 1.3ms
[2024-03-14T15:55:43.555+0000][2.110s] GC(4)   Other: 0.4ms
[2024-03-14T15:55:43.555+0000][2.110s] GC(4) Eden regions: 100->0(300)
[2024-03-14T15:55:43.555+0000][2.111s] GC(4) Survivor regions: 2->7(13)
[2024-03-14T15:55:43.555+0000][2.111s] GC(4) Old regions: 18->18
[2024-03-14T15:55:43.555+0000][2.111s] GC(4) Archive regions: 2->2
[2024-03-14T15:55:43.556+0000][2.111s] GC(4) Humongous regions: 4->4
[2024-03-14T15:55:43.556+0000][2.111s] GC(4) Metaspace: 34987K(35392K)->34987K(35392K) NonClass: 30632K(30848K)->30632K(30848K) Class: 4355K(4544K)->4355K(4544K)
[2024-03-14T15:55:43.556+0000][2.111s] GC(4) Pause Young (Normal) (G1 Evacuation Pause) 124M->29M(512M) 5.800ms
[2024-03-14T15:55:43.556+0000][2.111s] GC(4) User=0.04s Sys=0.00s Real=0.01s
[2024-03-14T15:55:43.586+0000][2.141s] GC(5) Pause Young (Concurrent Start) (Metadata GC Threshold)
[2024-03-14T15:55:43.586+0000][2.142s] GC(5) Using 23 workers of 23 for evacuation
[2024-03-14T15:55:43.590+0000][2.145s] GC(5)   Pre Evacuate Collection Set: 0.3ms
[2024-03-14T15:55:43.590+0000][2.145s] GC(5)   Merge Heap Roots: 0.2ms
[2024-03-14T15:55:43.590+0000][2.146s] GC(5)   Evacuate Collection Set: 2.1ms
[2024-03-14T15:55:43.590+0000][2.146s] GC(5)   Post Evacuate Collection Set: 0.7ms
[2024-03-14T15:55:43.590+0000][2.146s] GC(5)   Other: 0.6ms
[2024-03-14T15:55:43.591+0000][2.146s] GC(5) Eden regions: 6->0(299)
[2024-03-14T15:55:43.591+0000][2.146s] GC(5) Survivor regions: 7->8(39)
[2024-03-14T15:55:43.591+0000][2.146s] GC(5) Old regions: 18->18
[2024-03-14T15:55:43.591+0000][2.146s] GC(5) Archive regions: 2->2
[2024-03-14T15:55:43.591+0000][2.147s] GC(5) Humongous regions: 4->4
[2024-03-14T15:55:43.591+0000][2.147s] GC(5) Metaspace: 35745K(36096K)->35745K(36096K) NonClass: 31290K(31424K)->31290K(31424K) Class: 4454K(4672K)->4454K(4672K)
[2024-03-14T15:55:43.591+0000][2.147s] GC(5) Pause Young (Concurrent Start) (Metadata GC Threshold) 35M->29M(512M) 5.529ms
[2024-03-14T15:55:43.592+0000][2.147s] GC(5) User=0.03s Sys=0.00s Real=0.01s
[2024-03-14T15:55:43.592+0000][2.147s] GC(6) Concurrent Mark Cycle
[2024-03-14T15:55:43.592+0000][2.147s] GC(6) Concurrent Clear Claimed Marks
[2024-03-14T15:55:43.592+0000][2.147s] GC(6) Concurrent Clear Claimed Marks 0.144ms
[2024-03-14T15:55:43.592+0000][2.148s] GC(6) Concurrent Scan Root Regions
[2024-03-14T15:55:43.593+0000][2.149s] GC(6) Concurrent Scan Root Regions 1.256ms
[2024-03-14T15:55:43.594+0000][2.149s] GC(6) Concurrent Mark
[2024-03-14T15:55:43.594+0000][2.149s] GC(6) Concurrent Mark From Roots
[2024-03-14T15:55:43.594+0000][2.149s] GC(6) Using 6 workers of 6 for marking
[2024-03-14T15:55:43.598+0000][2.154s] GC(6) Concurrent Mark From Roots 4.499ms
[2024-03-14T15:55:43.599+0000][2.154s] GC(6) Concurrent Preclean
[2024-03-14T15:55:43.599+0000][2.154s] GC(6) Concurrent Preclean 0.292ms
[2024-03-14T15:55:43.599+0000][2.155s] GC(6) Pause Remark
[2024-03-14T15:55:43.602+0000][2.157s] GC(6) Pause Remark 31M->31M(512M) 2.654ms
[2024-03-14T15:55:43.602+0000][2.157s] GC(6) User=0.01s Sys=0.02s Real=0.01s
[2024-03-14T15:55:43.602+0000][2.158s] GC(6) Concurrent Mark 8.645ms
[2024-03-14T15:55:43.602+0000][2.158s] GC(6) Concurrent Rebuild Remembered Sets
[2024-03-14T15:55:43.604+0000][2.160s] GC(6) Concurrent Rebuild Remembered Sets 1.818ms
[2024-03-14T15:55:43.605+0000][2.160s] GC(6) Pause Cleanup
[2024-03-14T15:55:43.605+0000][2.160s] GC(6) Pause Cleanup 31M->31M(512M) 0.371ms
[2024-03-14T15:55:43.605+0000][2.161s] GC(6) User=0.00s Sys=0.00s Real=0.00s
[2024-03-14T15:55:43.605+0000][2.161s] GC(6) Concurrent Cleanup for Next Mark
[2024-03-14T15:55:43.606+0000][2.161s] GC(6) Concurrent Cleanup for Next Mark 0.479ms
[2024-03-14T15:55:43.606+0000][2.161s] GC(6) Concurrent Mark Cycle 14.153ms
[2024-03-14T16:17:21.619+0000][1300.175s] GC(7) Pause Young (Prepare Mixed) (G1 Evacuation Pause)
[2024-03-14T16:17:21.619+0000][1300.176s] GC(7) Using 23 workers of 23 for evacuation
[2024-03-14T16:17:21.625+0000][1300.182s] GC(7)   Pre Evacuate Collection Set: 0.3ms
[2024-03-14T16:17:21.625+0000][1300.182s] GC(7)   Merge Heap Roots: 0.2ms
[2024-03-14T16:17:21.626+0000][1300.182s] GC(7)   Evacuate Collection Set: 4.5ms
[2024-03-14T16:17:21.626+0000][1300.183s] GC(7)   Post Evacuate Collection Set: 1.1ms
[2024-03-14T16:17:21.626+0000][1300.183s] GC(7)   Other: 0.5ms
[2024-03-14T16:17:21.626+0000][1300.183s] GC(7) Eden regions: 299->0(1)
[2024-03-14T16:17:21.626+0000][1300.183s] GC(7) Survivor regions: 8->24(39)
[2024-03-14T16:17:21.626+0000][1300.183s] GC(7) Old regions: 18->18
[2024-03-14T16:17:21.626+0000][1300.183s] GC(7) Archive regions: 2->2
[2024-03-14T16:17:21.626+0000][1300.183s] GC(7) Humongous regions: 4->4
[2024-03-14T16:17:21.626+0000][1300.183s] GC(7) Metaspace: 56036K(56640K)->56036K(56640K) NonClass: 48854K(49152K)->48854K(49152K) Class: 7181K(7488K)->7181K(7488K)
[2024-03-14T16:17:21.627+0000][1300.184s] GC(7) Pause Young (Prepare Mixed) (G1 Evacuation Pause) 328M->45M(512M) 8.031ms
[2024-03-14T16:17:21.627+0000][1300.184s] GC(7) User=0.08s Sys=0.00s Real=0.01s
[2024-03-14T16:17:21.701+0000][1300.258s] GC(8) Pause Young (Mixed) (G1 Evacuation Pause)
[2024-03-14T16:17:21.701+0000][1300.258s] GC(8) Using 23 workers of 23 for evacuation
[2024-03-14T16:17:21.708+0000][1300.265s] GC(8)   Pre Evacuate Collection Set: 0.2ms
[2024-03-14T16:17:21.708+0000][1300.265s] GC(8)   Merge Heap Roots: 0.2ms
[2024-03-14T16:17:21.708+0000][1300.265s] GC(8)   Evacuate Collection Set: 5.2ms
[2024-03-14T16:17:21.708+0000][1300.265s] GC(8)   Post Evacuate Collection Set: 0.7ms
[2024-03-14T16:17:21.709+0000][1300.265s] GC(8)   Other: 0.6ms
[2024-03-14T16:17:21.709+0000][1300.266s] GC(8) Eden regions: 1->0(306)
[2024-03-14T16:17:21.709+0000][1300.266s] GC(8) Survivor regions: 24->1(4)
[2024-03-14T16:17:21.709+0000][1300.266s] GC(8) Old regions: 18->41
[2024-03-14T16:17:21.709+0000][1300.266s] GC(8) Archive regions: 2->2
[2024-03-14T16:17:21.709+0000][1300.266s] GC(8) Humongous regions: 4->4
[2024-03-14T16:17:21.709+0000][1300.266s] GC(8) Metaspace: 56036K(56640K)->56036K(56640K) NonClass: 48854K(49152K)->48854K(49152K) Class: 7181K(7488K)->7181K(7488K)
[2024-03-14T16:17:21.709+0000][1300.266s] GC(8) Pause Young (Mixed) (G1 Evacuation Pause) 46M->45M(512M) 8.072ms
[2024-03-14T16:17:21.709+0000][1300.266s] GC(8) User=0.07s Sys=0.00s Real=0.00s
[2024-03-14T16:24:48.389+0000][1746.946s] Heap
[2024-03-14T16:24:48.389+0000][1746.946s]  garbage-first heap   total 524288K, used 113627K [0x00000000e0000000, 0x0000000100000000)
[2024-03-14T16:24:48.389+0000][1746.947s]   region size 1024K, 67 young (68608K), 1 survivors (1024K)
[2024-03-14T16:24:48.389+0000][1746.947s]  Metaspace       used 57597K, committed 58112K, reserved 1114112K
[2024-03-14T16:24:48.390+0000][1746.947s]   class space    used 7336K, committed 7616K, reserved 1048576K
