[2024-03-14T16:24:52.563+0000][0.011s] Using G1
[2024-03-14T16:24:52.598+0000][0.045s] Version: 17.0.10+7 (release)
[2024-03-14T16:24:52.598+0000][0.045s] CPUs: 32 total, 32 available
[2024-03-14T16:24:52.598+0000][0.046s] Memory: 15875M
[2024-03-14T16:24:52.598+0000][0.046s] Large Page Support: Disabled
[2024-03-14T16:24:52.598+0000][0.046s] NUMA Support: Disabled
[2024-03-14T16:24:52.599+0000][0.046s] Compressed Oops: Enabled (32-bit)
[2024-03-14T16:24:52.599+0000][0.046s] Heap Region Size: 1M
[2024-03-14T16:24:52.599+0000][0.046s] Heap Min Capacity: 512M
[2024-03-14T16:24:52.599+0000][0.047s] Heap Initial Capacity: 512M
[2024-03-14T16:24:52.599+0000][0.047s] Heap Max Capacity: 512M
[2024-03-14T16:24:52.599+0000][0.047s] Pre-touch: Enabled
[2024-03-14T16:24:52.599+0000][0.047s] Parallel Workers: 23
[2024-03-14T16:24:52.599+0000][0.047s] Concurrent Workers: 6
[2024-03-14T16:24:52.600+0000][0.047s] Concurrent Refinement Workers: 23
[2024-03-14T16:24:52.600+0000][0.047s] Periodic GC: Disabled
[2024-03-14T16:24:52.603+0000][0.051s] CDS archive(s) mapped at: [0x00007f048b000000-0x00007f048ba5f000-0x00007f048ba5f000), size 10874880, SharedBaseAddress: 0x00007f048b000000, ArchiveRelocationMode: 1.
[2024-03-14T16:24:52.603+0000][0.051s] Compressed class space mapped at: 0x00007f048c000000-0x00007f04cc000000, reserved size: 1073741824
[2024-03-14T16:24:52.603+0000][0.051s] Narrow klass base: 0x00007f048b000000, Narrow klass shift: 0, Narrow klass range: 0x100000000
[2024-03-14T16:24:53.071+0000][0.518s] GC(0) Pause Young (Normal) (G1 Evacuation Pause)
[2024-03-14T16:24:53.071+0000][0.519s] GC(0) Using 12 workers of 23 for evacuation
[2024-03-14T16:24:53.073+0000][0.521s] GC(0)   Pre Evacuate Collection Set: 0.1ms
[2024-03-14T16:24:53.073+0000][0.521s] GC(0)   Merge Heap Roots: 0.1ms
[2024-03-14T16:24:53.073+0000][0.521s] GC(0)   Evacuate Collection Set: 1.2ms
[2024-03-14T16:24:53.073+0000][0.521s] GC(0)   Post Evacuate Collection Set: 0.4ms
[2024-03-14T16:24:53.073+0000][0.521s] GC(0)   Other: 0.3ms
[2024-03-14T16:24:53.074+0000][0.521s] GC(0) Eden regions: 29->0(59)
[2024-03-14T16:24:53.074+0000][0.521s] GC(0) Survivor regions: 0->4(4)
[2024-03-14T16:24:53.074+0000][0.521s] GC(0) Old regions: 0->1
[2024-03-14T16:24:53.074+0000][0.522s] GC(0) Archive regions: 2->2
[2024-03-14T16:24:53.074+0000][0.522s] GC(0) Humongous regions: 0->0
[2024-03-14T16:24:53.074+0000][0.522s] GC(0) Metaspace: 9885K(10176K)->9885K(10176K) NonClass: 8676K(8832K)->8676K(8832K) Class: 1209K(1344K)->1209K(1344K)
[2024-03-14T16:24:53.074+0000][0.522s] GC(0) Pause Young (Normal) (G1 Evacuation Pause) 29M->5M(512M) 3.420ms
[2024-03-14T16:24:53.074+0000][0.522s] GC(0) User=0.01s Sys=0.00s Real=0.00s
[2024-03-14T16:24:53.502+0000][0.949s] GC(1) Pause Young (Normal) (G1 Evacuation Pause)
[2024-03-14T16:24:53.502+0000][0.950s] GC(1) Using 22 workers of 23 for evacuation
[2024-03-14T16:24:53.509+0000][0.956s] GC(1)   Pre Evacuate Collection Set: 0.5ms
[2024-03-14T16:24:53.509+0000][0.957s] GC(1)   Merge Heap Roots: 0.4ms
[2024-03-14T16:24:53.509+0000][0.957s] GC(1)   Evacuate Collection Set: 4.0ms
[2024-03-14T16:24:53.509+0000][0.957s] GC(1)   Post Evacuate Collection Set: 1.5ms
[2024-03-14T16:24:53.509+0000][0.957s] GC(1)   Other: 0.7ms
[2024-03-14T16:24:53.509+0000][0.957s] GC(1) Eden regions: 59->0(75)
[2024-03-14T16:24:53.510+0000][0.957s] GC(1) Survivor regions: 4->8(8)
[2024-03-14T16:24:53.510+0000][0.958s] GC(1) Old regions: 1->10
[2024-03-14T16:24:53.510+0000][0.958s] GC(1) Archive regions: 2->2
[2024-03-14T16:24:53.510+0000][0.958s] GC(1) Humongous regions: 4->4
[2024-03-14T16:24:53.510+0000][0.958s] GC(1) Metaspace: 18178K(18432K)->18178K(18432K) NonClass: 15962K(16128K)->15962K(16128K) Class: 2216K(2304K)->2216K(2304K)
[2024-03-14T16:24:53.510+0000][0.958s] GC(1) Pause Young (Normal) (G1 Evacuation Pause) 68M->22M(512M) 8.828ms
[2024-03-14T16:24:53.511+0000][0.958s] GC(1) User=0.05s Sys=0.02s Real=0.01s
[2024-03-14T16:24:53.670+0000][1.117s] GC(2) Pause Young (Concurrent Start) (Metadata GC Threshold)
[2024-03-14T16:24:53.670+0000][1.118s] GC(2) Using 23 workers of 23 for evacuation
[2024-03-14T16:24:53.674+0000][1.122s] GC(2)   Pre Evacuate Collection Set: 0.3ms
[2024-03-14T16:24:53.675+0000][1.122s] GC(2)   Merge Heap Roots: 0.2ms
[2024-03-14T16:24:53.675+0000][1.122s] GC(2)   Evacuate Collection Set: 2.5ms
[2024-03-14T16:24:53.675+0000][1.122s] GC(2)   Post Evacuate Collection Set: 0.9ms
[2024-03-14T16:24:53.675+0000][1.123s] GC(2)   Other: 0.8ms
[2024-03-14T16:24:53.675+0000][1.123s] GC(2) Eden regions: 27->0(103)
[2024-03-14T16:24:53.675+0000][1.123s] GC(2) Survivor regions: 8->7(11)
[2024-03-14T16:24:53.675+0000][1.123s] GC(2) Old regions: 10->13
[2024-03-14T16:24:53.675+0000][1.123s] GC(2) Archive regions: 2->2
[2024-03-14T16:24:53.675+0000][1.123s] GC(2) Humongous regions: 4->4
[2024-03-14T16:24:53.676+0000][1.123s] GC(2) Metaspace: 21196K(21504K)->21196K(21504K) NonClass: 18603K(18752K)->18603K(18752K) Class: 2592K(2752K)->2592K(2752K)
[2024-03-14T16:24:53.676+0000][1.123s] GC(2) Pause Young (Concurrent Start) (Metadata GC Threshold) 49M->23M(512M) 6.068ms
[2024-03-14T16:24:53.676+0000][1.123s] GC(2) User=0.02s Sys=0.00s Real=0.01s
[2024-03-14T16:24:53.676+0000][1.124s] GC(3) Concurrent Mark Cycle
[2024-03-14T16:24:53.676+0000][1.124s] GC(3) Concurrent Clear Claimed Marks
[2024-03-14T16:24:53.676+0000][1.124s] GC(3) Concurrent Clear Claimed Marks 0.178ms
[2024-03-14T16:24:53.676+0000][1.124s] GC(3) Concurrent Scan Root Regions
[2024-03-14T16:24:53.678+0000][1.126s] GC(3) Concurrent Scan Root Regions 1.776ms
[2024-03-14T16:24:53.678+0000][1.126s] GC(3) Concurrent Mark
[2024-03-14T16:24:53.678+0000][1.126s] GC(3) Concurrent Mark From Roots
[2024-03-14T16:24:53.679+0000][1.126s] GC(3) Using 6 workers of 6 for marking
[2024-03-14T16:24:53.681+0000][1.128s] GC(3) Concurrent Mark From Roots 2.332ms
[2024-03-14T16:24:53.681+0000][1.129s] GC(3) Concurrent Preclean
[2024-03-14T16:24:53.681+0000][1.129s] GC(3) Concurrent Preclean 0.175ms
[2024-03-14T16:24:53.681+0000][1.129s] GC(3) Pause Remark
[2024-03-14T16:24:53.684+0000][1.131s] GC(3) Pause Remark 24M->24M(512M) 2.067ms
[2024-03-14T16:24:53.684+0000][1.131s] GC(3) User=0.01s Sys=0.00s Real=0.00s
[2024-03-14T16:24:53.684+0000][1.132s] GC(3) Concurrent Mark 5.607ms
[2024-03-14T16:24:53.684+0000][1.132s] GC(3) Concurrent Rebuild Remembered Sets
[2024-03-14T16:24:53.685+0000][1.133s] GC(3) Concurrent Rebuild Remembered Sets 1.198ms
[2024-03-14T16:24:53.686+0000][1.133s] GC(3) Pause Cleanup
[2024-03-14T16:24:53.686+0000][1.134s] GC(3) Pause Cleanup 24M->24M(512M) 0.345ms
[2024-03-14T16:24:53.686+0000][1.134s] GC(3) User=0.00s Sys=0.00s Real=0.00s
[2024-03-14T16:24:53.686+0000][1.134s] GC(3) Concurrent Cleanup for Next Mark
[2024-03-14T16:24:53.687+0000][1.134s] GC(3) Concurrent Cleanup for Next Mark 0.328ms
[2024-03-14T16:24:53.687+0000][1.134s] GC(3) Concurrent Mark Cycle 10.852ms
[2024-03-14T16:24:54.509+0000][1.957s] GC(4) Pause Young (Concurrent Start) (Metadata GC Threshold)
[2024-03-14T16:24:54.509+0000][1.957s] GC(4) Using 23 workers of 23 for evacuation
[2024-03-14T16:24:54.516+0000][1.964s] GC(4)   Pre Evacuate Collection Set: 0.5ms
[2024-03-14T16:24:54.516+0000][1.964s] GC(4)   Merge Heap Roots: 0.4ms
[2024-03-14T16:24:54.516+0000][1.964s] GC(4)   Evacuate Collection Set: 3.9ms
[2024-03-14T16:24:54.516+0000][1.964s] GC(4)   Post Evacuate Collection Set: 1.6ms
[2024-03-14T16:24:54.517+0000][1.964s] GC(4)   Other: 0.7ms
[2024-03-14T16:24:54.517+0000][1.964s] GC(4) Eden regions: 89->0(294)
[2024-03-14T16:24:54.517+0000][1.964s] GC(4) Survivor regions: 7->13(14)
[2024-03-14T16:24:54.517+0000][1.965s] GC(4) Old regions: 13->13
[2024-03-14T16:24:54.517+0000][1.965s] GC(4) Archive regions: 2->2
[2024-03-14T16:24:54.517+0000][1.965s] GC(4) Humongous regions: 4->4
[2024-03-14T16:24:54.517+0000][1.965s] GC(4) Metaspace: 35709K(36096K)->35709K(36096K) NonClass: 31260K(31424K)->31260K(31424K) Class: 4449K(4672K)->4449K(4672K)
[2024-03-14T16:24:54.517+0000][1.965s] GC(4) Pause Young (Concurrent Start) (Metadata GC Threshold) 111M->29M(512M) 8.550ms
[2024-03-14T16:24:54.518+0000][1.965s] GC(4) User=0.05s Sys=0.01s Real=0.01s
[2024-03-14T16:24:54.518+0000][1.965s] GC(5) Concurrent Mark Cycle
[2024-03-14T16:24:54.518+0000][1.966s] GC(5) Concurrent Clear Claimed Marks
[2024-03-14T16:24:54.518+0000][1.966s] GC(5) Concurrent Clear Claimed Marks 0.192ms
[2024-03-14T16:24:54.518+0000][1.966s] GC(5) Concurrent Scan Root Regions
[2024-03-14T16:24:54.520+0000][1.967s] GC(5) Concurrent Scan Root Regions 1.547ms
[2024-03-14T16:24:54.520+0000][1.968s] GC(5) Concurrent Mark
[2024-03-14T16:24:54.520+0000][1.968s] GC(5) Concurrent Mark From Roots
[2024-03-14T16:24:54.520+0000][1.968s] GC(5) Using 6 workers of 6 for marking
[2024-03-14T16:24:54.523+0000][1.971s] GC(5) Concurrent Mark From Roots 2.830ms
[2024-03-14T16:24:54.523+0000][1.971s] GC(5) Concurrent Preclean
[2024-03-14T16:24:54.523+0000][1.971s] GC(5) Concurrent Preclean 0.278ms
[2024-03-14T16:24:54.524+0000][1.971s] GC(5) Pause Remark
[2024-03-14T16:24:54.526+0000][1.973s] GC(5) Pause Remark 31M->31M(512M) 2.000ms
[2024-03-14T16:24:54.526+0000][1.974s] GC(5) User=0.02s Sys=0.00s Real=0.00s
[2024-03-14T16:24:54.526+0000][1.974s] GC(5) Concurrent Mark 6.128ms
[2024-03-14T16:24:54.526+0000][1.974s] GC(5) Concurrent Rebuild Remembered Sets
[2024-03-14T16:24:54.528+0000][1.975s] GC(5) Concurrent Rebuild Remembered Sets 1.400ms
[2024-03-14T16:24:54.528+0000][1.976s] GC(5) Pause Cleanup
[2024-03-14T16:24:54.528+0000][1.976s] GC(5) Pause Cleanup 31M->31M(512M) 0.397ms
[2024-03-14T16:24:54.529+0000][1.976s] GC(5) User=0.00s Sys=0.00s Real=0.00s
[2024-03-14T16:24:54.529+0000][1.977s] GC(5) Concurrent Cleanup for Next Mark
[2024-03-14T16:24:54.529+0000][1.977s] GC(5) Concurrent Cleanup for Next Mark 0.430ms
[2024-03-14T16:24:54.530+0000][1.977s] GC(5) Concurrent Mark Cycle 11.772ms
[2024-03-14T16:26:10.563+0000][78.011s] Heap
[2024-03-14T16:26:10.563+0000][78.011s]  garbage-first heap   total 524288K, used 226988K [0x00000000e0000000, 0x0000000100000000)
[2024-03-14T16:26:10.563+0000][78.011s]   region size 1024K, 205 young (209920K), 13 survivors (13312K)
[2024-03-14T16:26:10.563+0000][78.011s]  Metaspace       used 54414K, committed 54912K, reserved 1114112K
[2024-03-14T16:26:10.563+0000][78.011s]   class space    used 7007K, committed 7232K, reserved 1048576K
