[2024-03-14T14:53:55.941+0000][0.004s] Using G1
[2024-03-14T14:53:55.982+0000][0.045s] Version: 17.0.10+7 (release)
[2024-03-14T14:53:55.982+0000][0.045s] CPUs: 32 total, 32 available
[2024-03-14T14:53:55.982+0000][0.045s] Memory: 15875M
[2024-03-14T14:53:55.982+0000][0.046s] Large Page Support: Disabled
[2024-03-14T14:53:55.982+0000][0.046s] NUMA Support: Disabled
[2024-03-14T14:53:55.982+0000][0.046s] Compressed Oops: Enabled (32-bit)
[2024-03-14T14:53:55.983+0000][0.046s] Heap Region Size: 1M
[2024-03-14T14:53:55.983+0000][0.046s] Heap Min Capacity: 512M
[2024-03-14T14:53:55.983+0000][0.046s] Heap Initial Capacity: 512M
[2024-03-14T14:53:55.983+0000][0.046s] Heap Max Capacity: 512M
[2024-03-14T14:53:55.983+0000][0.047s] Pre-touch: Enabled
[2024-03-14T14:53:55.983+0000][0.047s] Parallel Workers: 23
[2024-03-14T14:53:55.984+0000][0.047s] Concurrent Workers: 6
[2024-03-14T14:53:55.984+0000][0.047s] Concurrent Refinement Workers: 23
[2024-03-14T14:53:55.984+0000][0.047s] Periodic GC: Disabled
[2024-03-14T14:53:55.990+0000][0.053s] CDS archive(s) mapped at: [0x00007f352f000000-0x00007f352fa5f000-0x00007f352fa5f000), size 10874880, SharedBaseAddress: 0x00007f352f000000, ArchiveRelocationMode: 1.
[2024-03-14T14:53:55.990+0000][0.053s] Compressed class space mapped at: 0x00007f3530000000-0x00007f3570000000, reserved size: 1073741824
[2024-03-14T14:53:55.990+0000][0.053s] Narrow klass base: 0x00007f352f000000, Narrow klass shift: 0, Narrow klass range: 0x100000000
[2024-03-14T14:53:56.458+0000][0.521s] GC(0) Pause Young (Normal) (G1 Evacuation Pause)
[2024-03-14T14:53:56.458+0000][0.521s] GC(0) Using 12 workers of 23 for evacuation
[2024-03-14T14:53:56.460+0000][0.524s] GC(0)   Pre Evacuate Collection Set: 0.1ms
[2024-03-14T14:53:56.461+0000][0.524s] GC(0)   Merge Heap Roots: 0.1ms
[2024-03-14T14:53:56.461+0000][0.524s] GC(0)   Evacuate Collection Set: 1.5ms
[2024-03-14T14:53:56.461+0000][0.524s] GC(0)   Post Evacuate Collection Set: 0.5ms
[2024-03-14T14:53:56.461+0000][0.524s] GC(0)   Other: 0.4ms
[2024-03-14T14:53:56.461+0000][0.525s] GC(0) Eden regions: 29->0(57)
[2024-03-14T14:53:56.461+0000][0.525s] GC(0) Survivor regions: 0->4(4)
[2024-03-14T14:53:56.462+0000][0.525s] GC(0) Old regions: 0->1
[2024-03-14T14:53:56.462+0000][0.525s] GC(0) Archive regions: 2->2
[2024-03-14T14:53:56.462+0000][0.525s] GC(0) Humongous regions: 0->0
[2024-03-14T14:53:56.462+0000][0.525s] GC(0) Metaspace: 10217K(10496K)->10217K(10496K) NonClass: 8962K(9088K)->8962K(9088K) Class: 1254K(1408K)->1254K(1408K)
[2024-03-14T14:53:56.462+0000][0.526s] GC(0) Pause Young (Normal) (G1 Evacuation Pause) 29M->5M(512M) 4.565ms
[2024-03-14T14:53:56.463+0000][0.526s] GC(0) User=0.01s Sys=0.00s Real=0.01s
[2024-03-14T14:53:56.930+0000][0.993s] GC(1) Pause Young (Normal) (G1 Evacuation Pause)
[2024-03-14T14:53:56.930+0000][0.993s] GC(1) Using 22 workers of 23 for evacuation
[2024-03-14T14:53:56.935+0000][0.998s] GC(1)   Pre Evacuate Collection Set: 0.2ms
[2024-03-14T14:53:56.935+0000][0.999s] GC(1)   Merge Heap Roots: 0.2ms
[2024-03-14T14:53:56.935+0000][0.999s] GC(1)   Evacuate Collection Set: 3.2ms
[2024-03-14T14:53:56.936+0000][0.999s] GC(1)   Post Evacuate Collection Set: 1.3ms
[2024-03-14T14:53:56.936+0000][0.999s] GC(1)   Other: 0.5ms
[2024-03-14T14:53:56.936+0000][0.999s] GC(1) Eden regions: 57->0(67)
[2024-03-14T14:53:56.936+0000][0.999s] GC(1) Survivor regions: 4->8(8)
[2024-03-14T14:53:56.936+0000][1.000s] GC(1) Old regions: 1->10
[2024-03-14T14:53:56.936+0000][1.000s] GC(1) Archive regions: 2->2
[2024-03-14T14:53:56.937+0000][1.000s] GC(1) Humongous regions: 4->4
[2024-03-14T14:53:56.937+0000][1.000s] GC(1) Metaspace: 18144K(18432K)->18144K(18432K) NonClass: 15935K(16128K)->15935K(16128K) Class: 2209K(2304K)->2209K(2304K)
[2024-03-14T14:53:56.937+0000][1.000s] GC(1) Pause Young (Normal) (G1 Evacuation Pause) 66M->22M(512M) 7.134ms
[2024-03-14T14:53:56.937+0000][1.000s] GC(1) User=0.06s Sys=0.00s Real=0.01s
[2024-03-14T14:53:57.162+0000][1.225s] GC(2) Pause Young (Concurrent Start) (Metadata GC Threshold)
[2024-03-14T14:53:57.162+0000][1.225s] GC(2) Using 23 workers of 23 for evacuation
[2024-03-14T14:53:57.167+0000][1.230s] GC(2)   Pre Evacuate Collection Set: 0.4ms
[2024-03-14T14:53:57.167+0000][1.230s] GC(2)   Merge Heap Roots: 0.2ms
[2024-03-14T14:53:57.167+0000][1.230s] GC(2)   Evacuate Collection Set: 2.4ms
[2024-03-14T14:53:57.167+0000][1.230s] GC(2)   Post Evacuate Collection Set: 1.0ms
[2024-03-14T14:53:57.167+0000][1.231s] GC(2)   Other: 0.8ms
[2024-03-14T14:53:57.167+0000][1.231s] GC(2) Eden regions: 27->0(79)
[2024-03-14T14:53:57.168+0000][1.231s] GC(2) Survivor regions: 8->2(10)
[2024-03-14T14:53:57.168+0000][1.231s] GC(2) Old regions: 10->18
[2024-03-14T14:53:57.168+0000][1.231s] GC(2) Archive regions: 2->2
[2024-03-14T14:53:57.168+0000][1.231s] GC(2) Humongous regions: 4->4
[2024-03-14T14:53:57.168+0000][1.232s] GC(2) Metaspace: 21221K(21504K)->21221K(21504K) NonClass: 18630K(18752K)->18630K(18752K) Class: 2590K(2752K)->2590K(2752K)
[2024-03-14T14:53:57.169+0000][1.232s] GC(2) Pause Young (Concurrent Start) (Metadata GC Threshold) 49M->24M(512M) 6.624ms
[2024-03-14T14:53:57.169+0000][1.232s] GC(2) User=0.02s Sys=0.00s Real=0.00s
[2024-03-14T14:53:57.169+0000][1.232s] GC(3) Concurrent Mark Cycle
[2024-03-14T14:53:57.169+0000][1.233s] GC(3) Concurrent Clear Claimed Marks
[2024-03-14T14:53:57.169+0000][1.233s] GC(3) Concurrent Clear Claimed Marks 0.284ms
[2024-03-14T14:53:57.170+0000][1.233s] GC(3) Concurrent Scan Root Regions
[2024-03-14T14:53:57.172+0000][1.235s] GC(3) Concurrent Scan Root Regions 1.874ms
[2024-03-14T14:53:57.172+0000][1.235s] GC(3) Concurrent Mark
[2024-03-14T14:53:57.172+0000][1.235s] GC(3) Concurrent Mark From Roots
[2024-03-14T14:53:57.172+0000][1.236s] GC(3) Using 6 workers of 6 for marking
[2024-03-14T14:53:57.176+0000][1.239s] GC(3) Concurrent Mark From Roots 3.443ms
[2024-03-14T14:53:57.176+0000][1.239s] GC(3) Concurrent Preclean
[2024-03-14T14:53:57.176+0000][1.239s] GC(3) Concurrent Preclean 0.242ms
[2024-03-14T14:53:57.177+0000][1.240s] GC(3) Pause Remark
[2024-03-14T14:53:57.180+0000][1.243s] GC(3) Pause Remark 24M->24M(512M) 3.401ms
[2024-03-14T14:53:57.180+0000][1.243s] GC(3) User=0.01s Sys=0.00s Real=0.00s
[2024-03-14T14:53:57.180+0000][1.244s] GC(3) Concurrent Mark 8.595ms
[2024-03-14T14:53:57.181+0000][1.244s] GC(3) Concurrent Rebuild Remembered Sets
[2024-03-14T14:53:57.181+0000][1.244s] GC(3) Concurrent Rebuild Remembered Sets 0.154ms
[2024-03-14T14:53:57.181+0000][1.244s] GC(3) Pause Cleanup
[2024-03-14T14:53:57.181+0000][1.244s] GC(3) Pause Cleanup 24M->24M(512M) 0.147ms
[2024-03-14T14:53:57.181+0000][1.245s] GC(3) User=0.00s Sys=0.00s Real=0.00s
[2024-03-14T14:53:57.181+0000][1.245s] GC(3) Concurrent Cleanup for Next Mark
[2024-03-14T14:53:57.182+0000][1.245s] GC(3) Concurrent Cleanup for Next Mark 0.482ms
[2024-03-14T14:53:57.182+0000][1.245s] GC(3) Concurrent Mark Cycle 13.244ms
[2024-03-14T14:53:58.146+0000][2.210s] GC(4) Pause Young (Normal) (G1 Evacuation Pause)
[2024-03-14T14:53:58.147+0000][2.210s] GC(4) Using 23 workers of 23 for evacuation
[2024-03-14T14:53:58.155+0000][2.218s] GC(4)   Pre Evacuate Collection Set: 0.5ms
[2024-03-14T14:53:58.155+0000][2.218s] GC(4)   Merge Heap Roots: 0.4ms
[2024-03-14T14:53:58.155+0000][2.218s] GC(4)   Evacuate Collection Set: 4.5ms
[2024-03-14T14:53:58.155+0000][2.219s] GC(4)   Post Evacuate Collection Set: 2.5ms
[2024-03-14T14:53:58.156+0000][2.219s] GC(4)   Other: 0.5ms
[2024-03-14T14:53:58.156+0000][2.219s] GC(4) Eden regions: 79->0(300)
[2024-03-14T14:53:58.156+0000][2.219s] GC(4) Survivor regions: 2->7(11)
[2024-03-14T14:53:58.156+0000][2.219s] GC(4) Old regions: 18->18
[2024-03-14T14:53:58.156+0000][2.220s] GC(4) Archive regions: 2->2
[2024-03-14T14:53:58.156+0000][2.220s] GC(4) Humongous regions: 4->4
[2024-03-14T14:53:58.157+0000][2.220s] GC(4) Metaspace: 34620K(35008K)->34620K(35008K) NonClass: 30326K(30528K)->30326K(30528K) Class: 4294K(4480K)->4294K(4480K)
[2024-03-14T14:53:58.157+0000][2.220s] GC(4) Pause Young (Normal) (G1 Evacuation Pause) 103M->28M(512M) 10.227ms
[2024-03-14T14:53:58.157+0000][2.220s] GC(4) User=0.03s Sys=0.02s Real=0.01s
[2024-03-14T14:53:58.319+0000][2.383s] GC(5) Pause Young (Concurrent Start) (Metadata GC Threshold)
[2024-03-14T14:53:58.320+0000][2.383s] GC(5) Using 23 workers of 23 for evacuation
[2024-03-14T14:53:58.324+0000][2.387s] GC(5)   Pre Evacuate Collection Set: 0.5ms
[2024-03-14T14:53:58.324+0000][2.388s] GC(5)   Merge Heap Roots: 0.2ms
[2024-03-14T14:53:58.324+0000][2.388s] GC(5)   Evacuate Collection Set: 2.5ms
[2024-03-14T14:53:58.324+0000][2.388s] GC(5)   Post Evacuate Collection Set: 0.8ms
[2024-03-14T14:53:58.325+0000][2.388s] GC(5)   Other: 0.6ms
[2024-03-14T14:53:58.325+0000][2.388s] GC(5) Eden regions: 13->0(299)
[2024-03-14T14:53:58.325+0000][2.388s] GC(5) Survivor regions: 7->8(39)
[2024-03-14T14:53:58.325+0000][2.388s] GC(5) Old regions: 18->18
[2024-03-14T14:53:58.325+0000][2.389s] GC(5) Archive regions: 2->2
[2024-03-14T14:53:58.325+0000][2.389s] GC(5) Humongous regions: 4->4
[2024-03-14T14:53:58.326+0000][2.389s] GC(5) Metaspace: 35799K(36160K)->35799K(36160K) NonClass: 31345K(31488K)->31345K(31488K) Class: 4453K(4672K)->4453K(4672K)
[2024-03-14T14:53:58.326+0000][2.389s] GC(5) Pause Young (Concurrent Start) (Metadata GC Threshold) 41M->29M(512M) 6.350ms
[2024-03-14T14:53:58.326+0000][2.389s] GC(5) User=0.03s Sys=0.00s Real=0.01s
[2024-03-14T14:53:58.326+0000][2.389s] GC(6) Concurrent Mark Cycle
[2024-03-14T14:53:58.326+0000][2.390s] GC(6) Concurrent Clear Claimed Marks
[2024-03-14T14:53:58.326+0000][2.390s] GC(6) Concurrent Clear Claimed Marks 0.186ms
[2024-03-14T14:53:58.327+0000][2.390s] GC(6) Concurrent Scan Root Regions
[2024-03-14T14:53:58.328+0000][2.391s] GC(6) Concurrent Scan Root Regions 1.379ms
[2024-03-14T14:53:58.328+0000][2.391s] GC(6) Concurrent Mark
[2024-03-14T14:53:58.328+0000][2.391s] GC(6) Concurrent Mark From Roots
[2024-03-14T14:53:58.328+0000][2.392s] GC(6) Using 6 workers of 6 for marking
[2024-03-14T14:53:58.334+0000][2.397s] GC(6) Concurrent Mark From Roots 5.660ms
[2024-03-14T14:53:58.334+0000][2.398s] GC(6) Concurrent Preclean
[2024-03-14T14:53:58.335+0000][2.398s] GC(6) Concurrent Preclean 0.578ms
[2024-03-14T14:53:58.335+0000][2.399s] GC(6) Pause Remark
[2024-03-14T14:53:58.340+0000][2.403s] GC(6) Pause Remark 31M->31M(512M) 4.081ms
[2024-03-14T14:53:58.340+0000][2.403s] GC(6) User=0.03s Sys=0.00s Real=0.00s
[2024-03-14T14:53:58.340+0000][2.403s] GC(6) Concurrent Mark 11.907ms
[2024-03-14T14:53:58.340+0000][2.404s] GC(6) Concurrent Rebuild Remembered Sets
[2024-03-14T14:53:58.343+0000][2.406s] GC(6) Concurrent Rebuild Remembered Sets 2.470ms
[2024-03-14T14:53:58.343+0000][2.406s] GC(6) Pause Cleanup
[2024-03-14T14:53:58.344+0000][2.407s] GC(6) Pause Cleanup 31M->31M(512M) 0.655ms
[2024-03-14T14:53:58.344+0000][2.407s] GC(6) User=0.00s Sys=0.00s Real=0.00s
[2024-03-14T14:53:58.344+0000][2.408s] GC(6) Concurrent Cleanup for Next Mark
[2024-03-14T14:53:58.345+0000][2.409s] GC(6) Concurrent Cleanup for Next Mark 0.952ms
[2024-03-14T14:53:58.346+0000][2.409s] GC(6) Concurrent Mark Cycle 19.456ms
[2024-03-14T15:08:56.409+0000][900.473s] Heap
[2024-03-14T15:08:56.409+0000][900.474s]  garbage-first heap   total 524288K, used 262407K [0x00000000e0000000, 0x0000000100000000)
[2024-03-14T15:08:56.409+0000][900.474s]   region size 1024K, 235 young (240640K), 8 survivors (8192K)
[2024-03-14T15:08:56.409+0000][900.474s]  Metaspace       used 55940K, committed 56512K, reserved 1114112K
[2024-03-14T15:08:56.409+0000][900.474s]   class space    used 7205K, committed 7488K, reserved 1048576K
