[2024-03-14T16:54:06.585+0000][0.017s] Using G1
[2024-03-14T16:54:06.619+0000][0.052s] Version: 17.0.10+7 (release)
[2024-03-14T16:54:06.620+0000][0.052s] CPUs: 32 total, 32 available
[2024-03-14T16:54:06.620+0000][0.053s] Memory: 15875M
[2024-03-14T16:54:06.620+0000][0.053s] Large Page Support: Disabled
[2024-03-14T16:54:06.621+0000][0.053s] NUMA Support: Disabled
[2024-03-14T16:54:06.621+0000][0.054s] Compressed Oops: Enabled (32-bit)
[2024-03-14T16:54:06.621+0000][0.054s] Heap Region Size: 1M
[2024-03-14T16:54:06.621+0000][0.054s] Heap Min Capacity: 512M
[2024-03-14T16:54:06.621+0000][0.054s] Heap Initial Capacity: 512M
[2024-03-14T16:54:06.622+0000][0.054s] Heap Max Capacity: 512M
[2024-03-14T16:54:06.622+0000][0.055s] Pre-touch: Enabled
[2024-03-14T16:54:06.622+0000][0.055s] Parallel Workers: 23
[2024-03-14T16:54:06.622+0000][0.055s] Concurrent Workers: 6
[2024-03-14T16:54:06.622+0000][0.055s] Concurrent Refinement Workers: 23
[2024-03-14T16:54:06.622+0000][0.055s] Periodic GC: Disabled
[2024-03-14T16:54:06.626+0000][0.059s] CDS archive(s) mapped at: [0x00007f199b000000-0x00007f199ba5f000-0x00007f199ba5f000), size 10874880, SharedBaseAddress: 0x00007f199b000000, ArchiveRelocationMode: 1.
[2024-03-14T16:54:06.626+0000][0.059s] Compressed class space mapped at: 0x00007f199c000000-0x00007f19dc000000, reserved size: 1073741824
[2024-03-14T16:54:06.626+0000][0.059s] Narrow klass base: 0x00007f199b000000, Narrow klass shift: 0, Narrow klass range: 0x100000000
[2024-03-14T16:54:07.061+0000][0.494s] GC(0) Pause Young (Normal) (G1 Evacuation Pause)
[2024-03-14T16:54:07.062+0000][0.494s] GC(0) Using 12 workers of 23 for evacuation
[2024-03-14T16:54:07.064+0000][0.496s] GC(0)   Pre Evacuate Collection Set: 0.1ms
[2024-03-14T16:54:07.064+0000][0.497s] GC(0)   Merge Heap Roots: 0.1ms
[2024-03-14T16:54:07.064+0000][0.497s] GC(0)   Evacuate Collection Set: 1.3ms
[2024-03-14T16:54:07.064+0000][0.497s] GC(0)   Post Evacuate Collection Set: 0.4ms
[2024-03-14T16:54:07.064+0000][0.497s] GC(0)   Other: 0.4ms
[2024-03-14T16:54:07.064+0000][0.497s] GC(0) Eden regions: 29->0(57)
[2024-03-14T16:54:07.064+0000][0.497s] GC(0) Survivor regions: 0->4(4)
[2024-03-14T16:54:07.065+0000][0.497s] GC(0) Old regions: 0->1
[2024-03-14T16:54:07.065+0000][0.497s] GC(0) Archive regions: 2->2
[2024-03-14T16:54:07.065+0000][0.498s] GC(0) Humongous regions: 0->0
[2024-03-14T16:54:07.065+0000][0.498s] GC(0) Metaspace: 10005K(10240K)->10005K(10240K) NonClass: 8779K(8896K)->8779K(8896K) Class: 1225K(1344K)->1225K(1344K)
[2024-03-14T16:54:07.065+0000][0.498s] GC(0) Pause Young (Normal) (G1 Evacuation Pause) 29M->5M(512M) 3.630ms
[2024-03-14T16:54:07.065+0000][0.498s] GC(0) User=0.01s Sys=0.01s Real=0.00s
[2024-03-14T16:54:07.396+0000][0.829s] GC(1) Pause Young (Normal) (G1 Evacuation Pause)
[2024-03-14T16:54:07.396+0000][0.829s] GC(1) Using 22 workers of 23 for evacuation
[2024-03-14T16:54:07.400+0000][0.833s] GC(1)   Pre Evacuate Collection Set: 0.2ms
[2024-03-14T16:54:07.401+0000][0.833s] GC(1)   Merge Heap Roots: 0.2ms
[2024-03-14T16:54:07.401+0000][0.833s] GC(1)   Evacuate Collection Set: 2.7ms
[2024-03-14T16:54:07.401+0000][0.833s] GC(1)   Post Evacuate Collection Set: 0.6ms
[2024-03-14T16:54:07.401+0000][0.834s] GC(1)   Other: 0.3ms
[2024-03-14T16:54:07.401+0000][0.834s] GC(1) Eden regions: 57->0(202)
[2024-03-14T16:54:07.401+0000][0.834s] GC(1) Survivor regions: 4->8(8)
[2024-03-14T16:54:07.401+0000][0.834s] GC(1) Old regions: 1->10
[2024-03-14T16:54:07.401+0000][0.834s] GC(1) Archive regions: 2->2
[2024-03-14T16:54:07.401+0000][0.834s] GC(1) Humongous regions: 4->4
[2024-03-14T16:54:07.401+0000][0.834s] GC(1) Metaspace: 18156K(18432K)->18156K(18432K) NonClass: 15940K(16128K)->15940K(16128K) Class: 2215K(2304K)->2215K(2304K)
[2024-03-14T16:54:07.402+0000][0.834s] GC(1) Pause Young (Normal) (G1 Evacuation Pause) 66M->22M(512M) 5.236ms
[2024-03-14T16:54:07.402+0000][0.834s] GC(1) User=0.03s Sys=0.01s Real=0.01s
[2024-03-14T16:54:07.552+0000][0.985s] GC(2) Pause Young (Concurrent Start) (Metadata GC Threshold)
[2024-03-14T16:54:07.552+0000][0.985s] GC(2) Using 23 workers of 23 for evacuation
[2024-03-14T16:54:07.556+0000][0.989s] GC(2)   Pre Evacuate Collection Set: 0.3ms
[2024-03-14T16:54:07.557+0000][0.989s] GC(2)   Merge Heap Roots: 0.2ms
[2024-03-14T16:54:07.557+0000][0.990s] GC(2)   Evacuate Collection Set: 2.5ms
[2024-03-14T16:54:07.557+0000][0.990s] GC(2)   Post Evacuate Collection Set: 0.7ms
[2024-03-14T16:54:07.557+0000][0.990s] GC(2)   Other: 0.5ms
[2024-03-14T16:54:07.557+0000][0.990s] GC(2) Eden regions: 29->0(211)
[2024-03-14T16:54:07.557+0000][0.990s] GC(2) Survivor regions: 8->10(27)
[2024-03-14T16:54:07.557+0000][0.990s] GC(2) Old regions: 10->10
[2024-03-14T16:54:07.558+0000][0.990s] GC(2) Archive regions: 2->2
[2024-03-14T16:54:07.558+0000][0.990s] GC(2) Humongous regions: 4->4
[2024-03-14T16:54:07.558+0000][0.990s] GC(2) Metaspace: 21208K(21504K)->21208K(21504K) NonClass: 18613K(18752K)->18613K(18752K) Class: 2594K(2752K)->2594K(2752K)
[2024-03-14T16:54:07.558+0000][0.991s] GC(2) Pause Young (Concurrent Start) (Metadata GC Threshold) 51M->23M(512M) 5.637ms
[2024-03-14T16:54:07.558+0000][0.991s] GC(2) User=0.03s Sys=0.01s Real=0.00s
[2024-03-14T16:54:07.558+0000][0.991s] GC(3) Concurrent Mark Cycle
[2024-03-14T16:54:07.558+0000][0.991s] GC(3) Concurrent Clear Claimed Marks
[2024-03-14T16:54:07.558+0000][0.991s] GC(3) Concurrent Clear Claimed Marks 0.142ms
[2024-03-14T16:54:07.558+0000][0.991s] GC(3) Concurrent Scan Root Regions
[2024-03-14T16:54:07.560+0000][0.993s] GC(3) Concurrent Scan Root Regions 1.452ms
[2024-03-14T16:54:07.560+0000][0.993s] GC(3) Concurrent Mark
[2024-03-14T16:54:07.560+0000][0.993s] GC(3) Concurrent Mark From Roots
[2024-03-14T16:54:07.560+0000][0.993s] GC(3) Using 6 workers of 6 for marking
[2024-03-14T16:54:07.563+0000][0.996s] GC(3) Concurrent Mark From Roots 2.584ms
[2024-03-14T16:54:07.563+0000][0.996s] GC(3) Concurrent Preclean
[2024-03-14T16:54:07.563+0000][0.996s] GC(3) Concurrent Preclean 0.199ms
[2024-03-14T16:54:07.563+0000][0.996s] GC(3) Pause Remark
[2024-03-14T16:54:07.566+0000][0.999s] GC(3) Pause Remark 24M->24M(512M) 2.576ms
[2024-03-14T16:54:07.566+0000][0.999s] GC(3) User=0.02s Sys=0.00s Real=0.00s
[2024-03-14T16:54:07.566+0000][0.999s] GC(3) Concurrent Mark 6.348ms
[2024-03-14T16:54:07.567+0000][0.999s] GC(3) Concurrent Rebuild Remembered Sets
[2024-03-14T16:54:07.568+0000][1.001s] GC(3) Concurrent Rebuild Remembered Sets 1.413ms
[2024-03-14T16:54:07.568+0000][1.001s] GC(3) Pause Cleanup
[2024-03-14T16:54:07.569+0000][1.002s] GC(3) Pause Cleanup 24M->24M(512M) 0.639ms
[2024-03-14T16:54:07.569+0000][1.002s] GC(3) User=0.00s Sys=0.00s Real=0.00s
[2024-03-14T16:54:07.569+0000][1.002s] GC(3) Concurrent Cleanup for Next Mark
[2024-03-14T16:54:07.570+0000][1.002s] GC(3) Concurrent Cleanup for Next Mark 0.406ms
[2024-03-14T16:54:07.570+0000][1.003s] GC(3) Concurrent Mark Cycle 11.782ms
[2024-03-14T16:54:08.374+0000][1.807s] GC(4) Pause Young (Prepare Mixed) (Metadata GC Threshold)
[2024-03-14T16:54:08.374+0000][1.807s] GC(4) Using 23 workers of 23 for evacuation
[2024-03-14T16:54:08.379+0000][1.812s] GC(4)   Pre Evacuate Collection Set: 0.2ms
[2024-03-14T16:54:08.379+0000][1.812s] GC(4)   Merge Heap Roots: 0.2ms
[2024-03-14T16:54:08.379+0000][1.812s] GC(4)   Evacuate Collection Set: 3.0ms
[2024-03-14T16:54:08.379+0000][1.812s] GC(4)   Post Evacuate Collection Set: 1.3ms
[2024-03-14T16:54:08.379+0000][1.812s] GC(4)   Other: 0.4ms
[2024-03-14T16:54:08.380+0000][1.812s] GC(4) Eden regions: 91->0(9)
[2024-03-14T16:54:08.380+0000][1.812s] GC(4) Survivor regions: 10->16(27)
[2024-03-14T16:54:08.380+0000][1.812s] GC(4) Old regions: 10->10
[2024-03-14T16:54:08.380+0000][1.813s] GC(4) Archive regions: 2->2
[2024-03-14T16:54:08.380+0000][1.813s] GC(4) Humongous regions: 4->4
[2024-03-14T16:54:08.380+0000][1.813s] GC(4) Metaspace: 35780K(36160K)->35780K(36160K) NonClass: 31322K(31488K)->31322K(31488K) Class: 4458K(4672K)->4458K(4672K)
[2024-03-14T16:54:08.380+0000][1.813s] GC(4) Pause Young (Prepare Mixed) (Metadata GC Threshold) 114M->29M(512M) 6.219ms
[2024-03-14T16:54:08.380+0000][1.813s] GC(4) User=0.04s Sys=0.01s Real=0.00s
[2024-03-14T16:54:08.391+0000][1.824s] GC(5) Pause Young (Mixed) (Metadata GC Threshold)
[2024-03-14T16:54:08.391+0000][1.824s] GC(5) Using 23 workers of 23 for evacuation
[2024-03-14T16:54:08.396+0000][1.828s] GC(5)   Pre Evacuate Collection Set: 0.2ms
[2024-03-14T16:54:08.396+0000][1.829s] GC(5)   Merge Heap Roots: 0.2ms
[2024-03-14T16:54:08.396+0000][1.829s] GC(5)   Evacuate Collection Set: 3.0ms
[2024-03-14T16:54:08.396+0000][1.829s] GC(5)   Post Evacuate Collection Set: 0.7ms
[2024-03-14T16:54:08.396+0000][1.829s] GC(5)   Other: 0.5ms
[2024-03-14T16:54:08.397+0000][1.829s] GC(5) Eden regions: 2->0(305)
[2024-03-14T16:54:08.397+0000][1.829s] GC(5) Survivor regions: 16->2(4)
[2024-03-14T16:54:08.397+0000][1.829s] GC(5) Old regions: 10->24
[2024-03-14T16:54:08.397+0000][1.829s] GC(5) Archive regions: 2->2
[2024-03-14T16:54:08.397+0000][1.830s] GC(5) Humongous regions: 4->4
[2024-03-14T16:54:08.397+0000][1.830s] GC(5) Metaspace: 36077K(36480K)->36077K(36480K) NonClass: 31580K(31744K)->31580K(31744K) Class: 4497K(4736K)->4497K(4736K)
[2024-03-14T16:54:08.397+0000][1.830s] GC(5) Pause Young (Mixed) (Metadata GC Threshold) 31M->30M(512M) 5.830ms
[2024-03-14T16:54:08.397+0000][1.830s] GC(5) User=0.04s Sys=0.01s Real=0.01s
[2024-03-14T16:54:08.405+0000][1.838s] GC(6) Pause Young (Concurrent Start) (Metadata GC Threshold)
[2024-03-14T16:54:08.406+0000][1.838s] GC(6) Using 23 workers of 23 for evacuation
[2024-03-14T16:54:08.408+0000][1.841s] GC(6)   Pre Evacuate Collection Set: 0.3ms
[2024-03-14T16:54:08.408+0000][1.841s] GC(6)   Merge Heap Roots: 0.2ms
[2024-03-14T16:54:08.408+0000][1.841s] GC(6)   Evacuate Collection Set: 1.0ms
[2024-03-14T16:54:08.408+0000][1.841s] GC(6)   Post Evacuate Collection Set: 0.6ms
[2024-03-14T16:54:08.408+0000][1.841s] GC(6)   Other: 0.5ms
[2024-03-14T16:54:08.408+0000][1.841s] GC(6) Eden regions: 2->0(306)
[2024-03-14T16:54:08.408+0000][1.841s] GC(6) Survivor regions: 2->1(39)
[2024-03-14T16:54:08.409+0000][1.841s] GC(6) Old regions: 24->24
[2024-03-14T16:54:08.409+0000][1.841s] GC(6) Archive regions: 2->2
[2024-03-14T16:54:08.409+0000][1.841s] GC(6) Humongous regions: 4->4
[2024-03-14T16:54:08.409+0000][1.841s] GC(6) Metaspace: 36444K(36800K)->36444K(36800K) NonClass: 31903K(32064K)->31903K(32064K) Class: 4540K(4736K)->4540K(4736K)
[2024-03-14T16:54:08.409+0000][1.842s] GC(6) Pause Young (Concurrent Start) (Metadata GC Threshold) 32M->29M(512M) 3.584ms
[2024-03-14T16:54:08.409+0000][1.842s] GC(6) User=0.00s Sys=0.00s Real=0.00s
[2024-03-14T16:54:08.409+0000][1.842s] GC(7) Concurrent Mark Cycle
[2024-03-14T16:54:08.409+0000][1.842s] GC(7) Concurrent Clear Claimed Marks
[2024-03-14T16:54:08.409+0000][1.842s] GC(7) Concurrent Clear Claimed Marks 0.142ms
[2024-03-14T16:54:08.409+0000][1.842s] GC(7) Concurrent Scan Root Regions
[2024-03-14T16:54:08.410+0000][1.843s] GC(7) Concurrent Scan Root Regions 0.487ms
[2024-03-14T16:54:08.410+0000][1.843s] GC(7) Concurrent Mark
[2024-03-14T16:54:08.410+0000][1.843s] GC(7) Concurrent Mark From Roots
[2024-03-14T16:54:08.410+0000][1.843s] GC(7) Using 6 workers of 6 for marking
[2024-03-14T16:54:08.416+0000][1.848s] GC(7) Concurrent Mark From Roots 5.467ms
[2024-03-14T16:54:08.416+0000][1.849s] GC(7) Concurrent Preclean
[2024-03-14T16:54:08.416+0000][1.849s] GC(7) Concurrent Preclean 0.205ms
[2024-03-14T16:54:08.416+0000][1.849s] GC(7) Pause Remark
[2024-03-14T16:54:08.418+0000][1.851s] GC(7) Pause Remark 31M->31M(512M) 2.009ms
[2024-03-14T16:54:08.418+0000][1.851s] GC(7) User=0.01s Sys=0.00s Real=0.00s
[2024-03-14T16:54:08.419+0000][1.851s] GC(7) Concurrent Mark 8.656ms
[2024-03-14T16:54:08.419+0000][1.852s] GC(7) Concurrent Rebuild Remembered Sets
[2024-03-14T16:54:08.421+0000][1.854s] GC(7) Concurrent Rebuild Remembered Sets 2.506ms
[2024-03-14T16:54:08.422+0000][1.854s] GC(7) Pause Cleanup
[2024-03-14T16:54:08.422+0000][1.855s] GC(7) Pause Cleanup 31M->31M(512M) 0.371ms
[2024-03-14T16:54:08.422+0000][1.855s] GC(7) User=0.00s Sys=0.00s Real=0.00s
[2024-03-14T16:54:08.422+0000][1.855s] GC(7) Concurrent Cleanup for Next Mark
[2024-03-14T16:54:08.423+0000][1.856s] GC(7) Concurrent Cleanup for Next Mark 0.643ms
[2024-03-14T16:54:08.423+0000][1.856s] GC(7) Concurrent Mark Cycle 14.189ms
[2024-03-14T16:57:09.221+0000][182.655s] Heap
[2024-03-14T16:57:09.221+0000][182.655s]  garbage-first heap   total 524288K, used 214798K [0x00000000e0000000, 0x0000000100000000)
[2024-03-14T16:57:09.221+0000][182.655s]   region size 1024K, 182 young (186368K), 1 survivors (1024K)
[2024-03-14T16:57:09.221+0000][182.655s]  Metaspace       used 52412K, committed 52928K, reserved 1114112K
[2024-03-14T16:57:09.221+0000][182.655s]   class space    used 6731K, committed 6976K, reserved 1048576K
