[2024-03-14T15:09:06.036+0000][0.007s] Using G1
[2024-03-14T15:09:06.076+0000][0.047s] Version: 17.0.10+7 (release)
[2024-03-14T15:09:06.076+0000][0.047s] CPUs: 32 total, 32 available
[2024-03-14T15:09:06.076+0000][0.047s] Memory: 15875M
[2024-03-14T15:09:06.076+0000][0.048s] Large Page Support: Disabled
[2024-03-14T15:09:06.076+0000][0.048s] NUMA Support: Disabled
[2024-03-14T15:09:06.077+0000][0.048s] Compressed Oops: Enabled (32-bit)
[2024-03-14T15:09:06.077+0000][0.048s] Heap Region Size: 1M
[2024-03-14T15:09:06.077+0000][0.048s] Heap Min Capacity: 512M
[2024-03-14T15:09:06.077+0000][0.048s] Heap Initial Capacity: 512M
[2024-03-14T15:09:06.077+0000][0.049s] Heap Max Capacity: 512M
[2024-03-14T15:09:06.077+0000][0.049s] Pre-touch: Enabled
[2024-03-14T15:09:06.078+0000][0.049s] Parallel Workers: 23
[2024-03-14T15:09:06.078+0000][0.049s] Concurrent Workers: 6
[2024-03-14T15:09:06.078+0000][0.049s] Concurrent Refinement Workers: 23
[2024-03-14T15:09:06.078+0000][0.049s] Periodic GC: Disabled
[2024-03-14T15:09:06.082+0000][0.053s] CDS archive(s) mapped at: [0x00007f6edf000000-0x00007f6edfa5f000-0x00007f6edfa5f000), size 10874880, SharedBaseAddress: 0x00007f6edf000000, ArchiveRelocationMode: 1.
[2024-03-14T15:09:06.082+0000][0.054s] Compressed class space mapped at: 0x00007f6ee0000000-0x00007f6f20000000, reserved size: 1073741824
[2024-03-14T15:09:06.083+0000][0.054s] Narrow klass base: 0x00007f6edf000000, Narrow klass shift: 0, Narrow klass range: 0x100000000
[2024-03-14T15:09:06.515+0000][0.487s] GC(0) Pause Young (Normal) (G1 Evacuation Pause)
[2024-03-14T15:09:06.515+0000][0.487s] GC(0) Using 12 workers of 23 for evacuation
[2024-03-14T15:09:06.517+0000][0.489s] GC(0)   Pre Evacuate Collection Set: 0.1ms
[2024-03-14T15:09:06.518+0000][0.489s] GC(0)   Merge Heap Roots: 0.1ms
[2024-03-14T15:09:06.518+0000][0.489s] GC(0)   Evacuate Collection Set: 1.2ms
[2024-03-14T15:09:06.518+0000][0.489s] GC(0)   Post Evacuate Collection Set: 0.5ms
[2024-03-14T15:09:06.518+0000][0.489s] GC(0)   Other: 0.3ms
[2024-03-14T15:09:06.518+0000][0.490s] GC(0) Eden regions: 29->0(59)
[2024-03-14T15:09:06.518+0000][0.490s] GC(0) Survivor regions: 0->4(4)
[2024-03-14T15:09:06.519+0000][0.490s] GC(0) Old regions: 0->1
[2024-03-14T15:09:06.519+0000][0.490s] GC(0) Archive regions: 2->2
[2024-03-14T15:09:06.519+0000][0.490s] GC(0) Humongous regions: 0->0
[2024-03-14T15:09:06.519+0000][0.490s] GC(0) Metaspace: 9904K(10176K)->9904K(10176K) NonClass: 8693K(8832K)->8693K(8832K) Class: 1210K(1344K)->1210K(1344K)
[2024-03-14T15:09:06.519+0000][0.490s] GC(0) Pause Young (Normal) (G1 Evacuation Pause) 29M->4M(512M) 3.728ms
[2024-03-14T15:09:06.519+0000][0.490s] GC(0) User=0.01s Sys=0.01s Real=0.00s
[2024-03-14T15:09:06.934+0000][0.905s] GC(1) Pause Young (Normal) (G1 Evacuation Pause)
[2024-03-14T15:09:06.934+0000][0.905s] GC(1) Using 22 workers of 23 for evacuation
[2024-03-14T15:09:06.938+0000][0.910s] GC(1)   Pre Evacuate Collection Set: 0.2ms
[2024-03-14T15:09:06.939+0000][0.910s] GC(1)   Merge Heap Roots: 0.2ms
[2024-03-14T15:09:06.939+0000][0.910s] GC(1)   Evacuate Collection Set: 3.0ms
[2024-03-14T15:09:06.939+0000][0.910s] GC(1)   Post Evacuate Collection Set: 0.7ms
[2024-03-14T15:09:06.939+0000][0.910s] GC(1)   Other: 0.4ms
[2024-03-14T15:09:06.939+0000][0.910s] GC(1) Eden regions: 59->0(74)
[2024-03-14T15:09:06.939+0000][0.910s] GC(1) Survivor regions: 4->8(8)
[2024-03-14T15:09:06.939+0000][0.911s] GC(1) Old regions: 1->10
[2024-03-14T15:09:06.939+0000][0.911s] GC(1) Archive regions: 2->2
[2024-03-14T15:09:06.939+0000][0.911s] GC(1) Humongous regions: 4->4
[2024-03-14T15:09:06.940+0000][0.911s] GC(1) Metaspace: 18184K(18496K)->18184K(18496K) NonClass: 15966K(16128K)->15966K(16128K) Class: 2217K(2368K)->2217K(2368K)
[2024-03-14T15:09:06.940+0000][0.911s] GC(1) Pause Young (Normal) (G1 Evacuation Pause) 67M->22M(512M) 5.828ms
[2024-03-14T15:09:06.940+0000][0.911s] GC(1) User=0.03s Sys=0.02s Real=0.00s
[2024-03-14T15:09:07.094+0000][1.065s] GC(2) Pause Young (Concurrent Start) (Metadata GC Threshold)
[2024-03-14T15:09:07.094+0000][1.065s] GC(2) Using 23 workers of 23 for evacuation
[2024-03-14T15:09:07.101+0000][1.072s] GC(2)   Pre Evacuate Collection Set: 0.5ms
[2024-03-14T15:09:07.101+0000][1.072s] GC(2)   Merge Heap Roots: 0.5ms
[2024-03-14T15:09:07.101+0000][1.072s] GC(2)   Evacuate Collection Set: 3.8ms
[2024-03-14T15:09:07.101+0000][1.073s] GC(2)   Post Evacuate Collection Set: 1.2ms
[2024-03-14T15:09:07.102+0000][1.073s] GC(2)   Other: 0.8ms
[2024-03-14T15:09:07.102+0000][1.073s] GC(2) Eden regions: 26->0(114)
[2024-03-14T15:09:07.102+0000][1.073s] GC(2) Survivor regions: 8->2(11)
[2024-03-14T15:09:07.102+0000][1.073s] GC(2) Old regions: 10->18
[2024-03-14T15:09:07.102+0000][1.073s] GC(2) Archive regions: 2->2
[2024-03-14T15:09:07.102+0000][1.074s] GC(2) Humongous regions: 4->4
[2024-03-14T15:09:07.103+0000][1.074s] GC(2) Metaspace: 21200K(21504K)->21200K(21504K) NonClass: 18606K(18752K)->18606K(18752K) Class: 2593K(2752K)->2593K(2752K)
[2024-03-14T15:09:07.103+0000][1.074s] GC(2) Pause Young (Concurrent Start) (Metadata GC Threshold) 47M->24M(512M) 9.006ms
[2024-03-14T15:09:07.103+0000][1.074s] GC(2) User=0.04s Sys=0.01s Real=0.01s
[2024-03-14T15:09:07.103+0000][1.074s] GC(3) Concurrent Mark Cycle
[2024-03-14T15:09:07.103+0000][1.075s] GC(3) Concurrent Clear Claimed Marks
[2024-03-14T15:09:07.103+0000][1.075s] GC(3) Concurrent Clear Claimed Marks 0.205ms
[2024-03-14T15:09:07.104+0000][1.075s] GC(3) Concurrent Scan Root Regions
[2024-03-14T15:09:07.106+0000][1.077s] GC(3) Concurrent Scan Root Regions 2.047ms
[2024-03-14T15:09:07.106+0000][1.077s] GC(3) Concurrent Mark
[2024-03-14T15:09:07.106+0000][1.077s] GC(3) Concurrent Mark From Roots
[2024-03-14T15:09:07.106+0000][1.078s] GC(3) Using 6 workers of 6 for marking
[2024-03-14T15:09:07.109+0000][1.081s] GC(3) Concurrent Mark From Roots 3.060ms
[2024-03-14T15:09:07.110+0000][1.081s] GC(3) Concurrent Preclean
[2024-03-14T15:09:07.110+0000][1.081s] GC(3) Concurrent Preclean 0.266ms
[2024-03-14T15:09:07.110+0000][1.082s] GC(3) Pause Remark
[2024-03-14T15:09:07.113+0000][1.084s] GC(3) Pause Remark 25M->25M(512M) 2.871ms
[2024-03-14T15:09:07.114+0000][1.085s] GC(3) User=0.00s Sys=0.00s Real=0.00s
[2024-03-14T15:09:07.114+0000][1.085s] GC(3) Concurrent Mark 8.041ms
[2024-03-14T15:09:07.114+0000][1.086s] GC(3) Concurrent Rebuild Remembered Sets
[2024-03-14T15:09:07.116+0000][1.088s] GC(3) Concurrent Rebuild Remembered Sets 2.084ms
[2024-03-14T15:09:07.117+0000][1.088s] GC(3) Pause Cleanup
[2024-03-14T15:09:07.117+0000][1.089s] GC(3) Pause Cleanup 25M->25M(512M) 0.477ms
[2024-03-14T15:09:07.117+0000][1.089s] GC(3) User=0.01s Sys=0.00s Real=0.00s
[2024-03-14T15:09:07.118+0000][1.089s] GC(3) Concurrent Cleanup for Next Mark
[2024-03-14T15:09:07.118+0000][1.089s] GC(3) Concurrent Cleanup for Next Mark 0.541ms
[2024-03-14T15:09:07.118+0000][1.090s] GC(3) Concurrent Mark Cycle 15.296ms
[2024-03-14T15:09:07.984+0000][1.955s] GC(4) Pause Young (Prepare Mixed) (Metadata GC Threshold)
[2024-03-14T15:09:07.984+0000][1.956s] GC(4) Using 23 workers of 23 for evacuation
[2024-03-14T15:09:07.988+0000][1.960s] GC(4)   Pre Evacuate Collection Set: 0.3ms
[2024-03-14T15:09:07.989+0000][1.960s] GC(4)   Merge Heap Roots: 0.2ms
[2024-03-14T15:09:07.989+0000][1.960s] GC(4)   Evacuate Collection Set: 2.2ms
[2024-03-14T15:09:07.989+0000][1.960s] GC(4)   Post Evacuate Collection Set: 1.4ms
[2024-03-14T15:09:07.989+0000][1.960s] GC(4)   Other: 0.3ms
[2024-03-14T15:09:07.989+0000][1.961s] GC(4) Eden regions: 106->0(18)
[2024-03-14T15:09:07.989+0000][1.961s] GC(4) Survivor regions: 2->7(15)
[2024-03-14T15:09:07.990+0000][1.961s] GC(4) Old regions: 18->18
[2024-03-14T15:09:07.990+0000][1.961s] GC(4) Archive regions: 2->2
[2024-03-14T15:09:07.990+0000][1.961s] GC(4) Humongous regions: 4->4
[2024-03-14T15:09:07.990+0000][1.961s] GC(4) Metaspace: 35737K(36096K)->35737K(36096K) NonClass: 31283K(31424K)->31283K(31424K) Class: 4453K(4672K)->4453K(4672K)
[2024-03-14T15:09:07.990+0000][1.961s] GC(4) Pause Young (Prepare Mixed) (Metadata GC Threshold) 129M->29M(512M) 5.958ms
[2024-03-14T15:09:07.990+0000][1.962s] GC(4) User=0.04s Sys=0.00s Real=0.01s
[2024-03-14T15:09:08.003+0000][1.974s] GC(5) Pause Young (Mixed) (Metadata GC Threshold)
[2024-03-14T15:09:08.003+0000][1.975s] GC(5) Using 23 workers of 23 for evacuation
[2024-03-14T15:09:08.007+0000][1.979s] GC(5)   Pre Evacuate Collection Set: 0.3ms
[2024-03-14T15:09:08.008+0000][1.979s] GC(5)   Merge Heap Roots: 0.2ms
[2024-03-14T15:09:08.008+0000][1.979s] GC(5)   Evacuate Collection Set: 2.4ms
[2024-03-14T15:09:08.008+0000][1.979s] GC(5)   Post Evacuate Collection Set: 0.9ms
[2024-03-14T15:09:08.008+0000][1.979s] GC(5)   Other: 0.5ms
[2024-03-14T15:09:08.008+0000][1.979s] GC(5) Eden regions: 2->0(306)
[2024-03-14T15:09:08.008+0000][1.980s] GC(5) Survivor regions: 7->1(4)
[2024-03-14T15:09:08.008+0000][1.980s] GC(5) Old regions: 18->25
[2024-03-14T15:09:08.009+0000][1.980s] GC(5) Archive regions: 2->2
[2024-03-14T15:09:08.009+0000][1.980s] GC(5) Humongous regions: 4->4
[2024-03-14T15:09:08.009+0000][1.980s] GC(5) Metaspace: 36034K(36416K)->36034K(36416K) NonClass: 31542K(31680K)->31542K(31680K) Class: 4492K(4736K)->4492K(4736K)
[2024-03-14T15:09:08.009+0000][1.980s] GC(5) Pause Young (Mixed) (Metadata GC Threshold) 31M->30M(512M) 5.653ms
[2024-03-14T15:09:08.009+0000][1.980s] GC(5) User=0.03s Sys=0.00s Real=0.00s
[2024-03-14T15:09:08.018+0000][1.989s] GC(6) Pause Young (Concurrent Start) (Metadata GC Threshold)
[2024-03-14T15:09:08.018+0000][1.989s] GC(6) Using 23 workers of 23 for evacuation
[2024-03-14T15:09:08.022+0000][1.993s] GC(6)   Pre Evacuate Collection Set: 0.5ms
[2024-03-14T15:09:08.022+0000][1.993s] GC(6)   Merge Heap Roots: 0.4ms
[2024-03-14T15:09:08.022+0000][1.993s] GC(6)   Evacuate Collection Set: 1.3ms
[2024-03-14T15:09:08.022+0000][1.993s] GC(6)   Post Evacuate Collection Set: 1.3ms
[2024-03-14T15:09:08.022+0000][1.994s] GC(6)   Other: 0.7ms
[2024-03-14T15:09:08.022+0000][1.994s] GC(6) Eden regions: 2->0(306)
[2024-03-14T15:09:08.022+0000][1.994s] GC(6) Survivor regions: 1->1(39)
[2024-03-14T15:09:08.023+0000][1.994s] GC(6) Old regions: 25->25
[2024-03-14T15:09:08.023+0000][1.994s] GC(6) Archive regions: 2->2
[2024-03-14T15:09:08.023+0000][1.994s] GC(6) Humongous regions: 4->4
[2024-03-14T15:09:08.023+0000][1.994s] GC(6) Metaspace: 36327K(36736K)->36327K(36736K) NonClass: 31802K(32000K)->31802K(32000K) Class: 4525K(4736K)->4525K(4736K)
[2024-03-14T15:09:08.023+0000][1.994s] GC(6) Pause Young (Concurrent Start) (Metadata GC Threshold) 32M->29M(512M) 5.455ms
[2024-03-14T15:09:08.023+0000][1.994s] GC(6) User=0.01s Sys=0.00s Real=0.01s
[2024-03-14T15:09:08.023+0000][1.995s] GC(7) Concurrent Mark Cycle
[2024-03-14T15:09:08.023+0000][1.995s] GC(7) Concurrent Clear Claimed Marks
[2024-03-14T15:09:08.024+0000][1.995s] GC(7) Concurrent Clear Claimed Marks 0.209ms
[2024-03-14T15:09:08.024+0000][1.995s] GC(7) Concurrent Scan Root Regions
[2024-03-14T15:09:08.025+0000][1.996s] GC(7) Concurrent Scan Root Regions 1.151ms
[2024-03-14T15:09:08.025+0000][1.996s] GC(7) Concurrent Mark
[2024-03-14T15:09:08.025+0000][1.997s] GC(7) Concurrent Mark From Roots
[2024-03-14T15:09:08.025+0000][1.997s] GC(7) Using 6 workers of 6 for marking
[2024-03-14T15:09:08.032+0000][2.003s] GC(7) Concurrent Mark From Roots 6.531ms
[2024-03-14T15:09:08.032+0000][2.003s] GC(7) Concurrent Preclean
[2024-03-14T15:09:08.032+0000][2.004s] GC(7) Concurrent Preclean 0.279ms
[2024-03-14T15:09:08.033+0000][2.004s] GC(7) Pause Remark
[2024-03-14T15:09:08.035+0000][2.006s] GC(7) Pause Remark 31M->31M(512M) 2.338ms
[2024-03-14T15:09:08.035+0000][2.007s] GC(7) User=0.02s Sys=0.00s Real=0.00s
[2024-03-14T15:09:08.035+0000][2.007s] GC(7) Concurrent Mark 10.355ms
[2024-03-14T15:09:08.036+0000][2.007s] GC(7) Concurrent Rebuild Remembered Sets
[2024-03-14T15:09:08.038+0000][2.009s] GC(7) Concurrent Rebuild Remembered Sets 2.423ms
[2024-03-14T15:09:08.039+0000][2.010s] GC(7) Pause Cleanup
[2024-03-14T15:09:08.039+0000][2.010s] GC(7) Pause Cleanup 31M->31M(512M) 0.661ms
[2024-03-14T15:09:08.039+0000][2.011s] GC(7) User=0.00s Sys=0.00s Real=0.00s
[2024-03-14T15:09:08.040+0000][2.011s] GC(7) Concurrent Cleanup for Next Mark
[2024-03-14T15:09:08.040+0000][2.011s] GC(7) Concurrent Cleanup for Next Mark 0.572ms
[2024-03-14T15:09:08.040+0000][2.012s] GC(7) Concurrent Mark Cycle 17.036ms
[2024-03-14T15:34:39.023+0000][1532.998s] Heap
[2024-03-14T15:34:39.023+0000][1532.999s]  garbage-first heap   total 524288K, used 207198K [0x00000000e0000000, 0x0000000100000000)
[2024-03-14T15:34:39.023+0000][1532.999s]   region size 1024K, 174 young (178176K), 1 survivors (1024K)
[2024-03-14T15:34:39.023+0000][1532.999s]  Metaspace       used 54224K, committed 54720K, reserved 1114112K
[2024-03-14T15:34:39.023+0000][1532.999s]   class space    used 7001K, committed 7232K, reserved 1048576K
